2026-05-08 13:28:53.691 INFO  c.k.k.c.l.logback.LogbackConfigurator    - Logback default configuration initialized from: /Applications/Katalon Studio.app/Contents/Eclipse/configuration/org.eclipse.osgi/150/0/.cp/resources/logback/logback-execution.xml
2026-05-08 13:28:53.693 INFO  c.k.k.c.l.logback.LogbackConfigurator    - Logback custom configuration initialized from: /Users/fazza_abiyyu/Documents/Projects/Hobby/KATALON_QWERTY/Include/config/log.properties
2026-05-08 13:28:53.740 INFO  c.k.k.c.l.logback.LogbackConfigurator    - Logback default configuration initialized from: /Applications/Katalon Studio.app/Contents/Eclipse/configuration/org.eclipse.osgi/150/0/.cp/resources/logback/logback-execution.xml
2026-05-08 13:28:53.742 INFO  c.k.k.c.l.logback.LogbackConfigurator    - Logback custom configuration initialized from: /Users/fazza_abiyyu/Documents/Projects/Hobby/KATALON_QWERTY/Include/config/log.properties
2026-05-08 13:28:54.217 INFO  c.k.katalon.core.main.TestSuiteExecutor  - START Test Suites/Register
2026-05-08 13:28:54.171 INFO  c.k.katalon.core.main.TestSuiteExecutor  - START Test Suites/Login
2026-05-08 13:28:54.232 INFO  c.k.katalon.core.main.TestSuiteExecutor  - userFullName = Muhammad Faza Abiyyu
2026-05-08 13:28:54.233 INFO  c.k.katalon.core.main.TestSuiteExecutor  - projectName = KATALON_QWERTY
2026-05-08 13:28:54.233 INFO  c.k.katalon.core.main.TestSuiteExecutor  - hostName = fazza_abiyyu - 192.168.18.51
2026-05-08 13:28:54.234 INFO  c.k.katalon.core.main.TestSuiteExecutor  - os = Mac OS X 64bit
2026-05-08 13:28:54.234 INFO  c.k.katalon.core.main.TestSuiteExecutor  - hostAddress = 192.168.18.51
2026-05-08 13:28:54.235 INFO  c.k.katalon.core.main.TestSuiteExecutor  - katalonVersion = 11.1.2.0
2026-05-08 13:28:54.278 INFO  c.k.katalon.core.main.TestSuiteExecutor  - userFullName = Muhammad Faza Abiyyu
2026-05-08 13:28:54.279 INFO  c.k.katalon.core.main.TestSuiteExecutor  - projectName = KATALON_QWERTY
2026-05-08 13:28:54.280 INFO  c.k.katalon.core.main.TestSuiteExecutor  - hostName = fazza_abiyyu - 192.168.18.51
2026-05-08 13:28:54.280 INFO  c.k.katalon.core.main.TestSuiteExecutor  - os = Mac OS X 64bit
2026-05-08 13:28:54.281 INFO  c.k.katalon.core.main.TestSuiteExecutor  - hostAddress = 192.168.18.51
2026-05-08 13:28:54.281 INFO  c.k.katalon.core.main.TestSuiteExecutor  - katalonVersion = 11.1.2.0
2026-05-08 13:28:54.389 INFO  c.k.katalon.core.main.TestCaseExecutor   - --------------------
2026-05-08 13:28:54.389 INFO  c.k.katalon.core.main.TestCaseExecutor   - START Test Cases/Register Verification/Register with email exists
2026-05-08 13:28:54.417 INFO  c.k.katalon.core.main.TestCaseExecutor   - email = test01@qwerty.com
2026-05-08 13:28:54.417 INFO  c.k.katalon.core.main.TestCaseExecutor   - password = User@001
2026-05-08 13:28:54.655 DEBUG testcase.Register with email exists      - 1: firstNames = ["Fazza", "Lin", "Kai", "Zhen", "Alya"]
2026-05-08 13:28:54.657 DEBUG testcase.Register with email exists      - 2: lastNames = ["Chen", "Wijaya", "Putra", "Li", "Santoso"]
2026-05-08 13:28:54.659 DEBUG testcase.Register with email exists      - 3: randomFullName = $firstNames[new Random().nextInt(firstNames.size())] $lastNames[new Random().nextInt(lastNames.size())]
2026-05-08 13:28:54.672 DEBUG testcase.Register with email exists      - 4: openBrowser("")
2026-05-08 13:28:54.337 INFO  c.k.katalon.core.main.TestCaseExecutor   - --------------------
2026-05-08 13:28:54.338 INFO  c.k.katalon.core.main.TestCaseExecutor   - START Test Cases/Login Verification/Login with valid credentials
2026-05-08 13:28:54.360 INFO  c.k.katalon.core.main.TestCaseExecutor   - email = test01@qwerty.com
2026-05-08 13:28:54.360 INFO  c.k.katalon.core.main.TestCaseExecutor   - password = User@001
2026-05-08 13:28:54.566 DEBUG testcase.Login with valid credentials    - 1: openBrowser("")
2026-05-08 13:28:54.750 INFO  c.k.k.core.webui.driver.DriverFactory    - Starting 'Chrome' driver
2026-05-08 13:28:54.839 INFO  c.k.k.core.webui.driver.DriverFactory    - Starting 'Chrome' driver
2026-05-08 13:28:54.866 INFO  c.k.k.core.webui.driver.DriverFactory    - Action delay is set to 0 milliseconds
2026-05-08 13:28:54.778 INFO  c.k.k.core.webui.driver.DriverFactory    - Action delay is set to 0 milliseconds
2026-05-08 13:28:57.870 INFO  c.k.k.core.webui.driver.DriverFactory    - sessionId = 2fa9405d6ed5d44c7fa51db5b6f76492
2026-05-08 13:28:57.871 INFO  c.k.k.core.webui.driver.DriverFactory    - browser = Chrome 147.0.7727.138
2026-05-08 13:28:57.871 INFO  c.k.k.core.webui.driver.DriverFactory    - platform = Mac OS X
2026-05-08 13:28:57.872 INFO  c.k.k.core.webui.driver.DriverFactory    - seleniumVersion = 4.39.0
2026-05-08 13:28:57.876 INFO  c.k.k.core.webui.driver.DriverFactory    - proxyInformation = ProxyInformation { proxyOption=NO_PROXY, proxyServerType=HTTP, username=, password=********, proxyServerAddress=, proxyServerPort=0, executionList="", isApplyToDesiredCapabilities=true }
2026-05-08 13:28:57.904 DEBUG testcase.Login with valid credentials    - 2: navigateToUrl("https://qwerty.abiyyu.xyz/")
2026-05-08 13:28:57.864 INFO  c.k.k.core.webui.driver.DriverFactory    - sessionId = b80cdd9382a983645990db40305820e8
2026-05-08 13:28:57.865 INFO  c.k.k.core.webui.driver.DriverFactory    - browser = Chrome 147.0.7727.138
2026-05-08 13:28:57.865 INFO  c.k.k.core.webui.driver.DriverFactory    - platform = Mac OS X
2026-05-08 13:28:57.865 INFO  c.k.k.core.webui.driver.DriverFactory    - seleniumVersion = 4.39.0
2026-05-08 13:28:57.869 INFO  c.k.k.core.webui.driver.DriverFactory    - proxyInformation = ProxyInformation { proxyOption=NO_PROXY, proxyServerType=HTTP, username=, password=********, proxyServerAddress=, proxyServerPort=0, executionList="", isApplyToDesiredCapabilities=true }
2026-05-08 13:28:57.898 DEBUG testcase.Register with email exists      - 5: navigateToUrl("https://qwerty.abiyyu.xyz/")
2026-05-08 13:29:00.401 DEBUG testcase.Login with valid credentials    - 3: click(findTestObject("Login/icon_sign_in"))
2026-05-08 13:29:00.404 DEBUG testcase.Register with email exists      - 6: click(findTestObject("Register/icon_sign_up"))
2026-05-08 13:29:01.038 DEBUG testcase.Login with valid credentials    - 4: setText(findTestObject("Login/email_field"), email)
2026-05-08 13:29:00.967 DEBUG testcase.Register with email exists      - 7: setText(findTestObject("Register/full_name_field"), randomFullName)
2026-05-08 13:29:02.825 DEBUG testcase.Login with valid credentials    - 5: setText(findTestObject("Login/password_field"), password)
2026-05-08 13:29:03.733 DEBUG testcase.Register with email exists      - 8: setText(findTestObject("Register/email_field"), email)
2026-05-08 13:29:04.618 DEBUG testcase.Login with valid credentials    - 6: click(findTestObject("Login/btn_sign_in"))
2026-05-08 13:29:04.904 DEBUG testcase.Login with valid credentials    - 7: click(findTestObject("Login/box_icon_profile"))
2026-05-08 13:29:04.908 DEBUG testcase.Register with email exists      - 9: setText(findTestObject("Register/password_field"), password)
2026-05-08 13:29:05.452 DEBUG testcase.Register with email exists      - 10: setText(findTestObject("Register/verify_password_field"), password)
2026-05-08 13:29:06.200 DEBUG testcase.Register with email exists      - 11: click(findTestObject("Register/btn_create_account"))
2026-05-08 13:29:06.498 DEBUG testcase.Register with email exists      - 12: click(findTestObject("Register/msg_email_already_registered"))
2026-05-08 13:29:06.909 DEBUG testcase.Login with valid credentials    - 8: closeBrowser()
2026-05-08 13:29:07.027 INFO  c.k.katalon.core.main.TestCaseExecutor   - END Test Cases/Login Verification/Login with valid credentials
2026-05-08 13:29:07.037 INFO  c.k.katalon.core.main.TestCaseExecutor   - --------------------
2026-05-08 13:29:07.037 INFO  c.k.katalon.core.main.TestCaseExecutor   - START Test Cases/Login Verification/Login with invalid credentials
2026-05-08 13:29:07.045 INFO  c.k.katalon.core.main.TestCaseExecutor   - email = test01@qwerty.com
2026-05-08 13:29:07.045 INFO  c.k.katalon.core.main.TestCaseExecutor   - password = User@000
2026-05-08 13:29:07.069 DEBUG t.Login with invalid credentials         - 1: openBrowser("")
2026-05-08 13:29:07.072 INFO  c.k.k.core.webui.driver.DriverFactory    - Starting 'Chrome' driver
2026-05-08 13:29:07.074 INFO  c.k.k.core.webui.driver.DriverFactory    - Action delay is set to 0 milliseconds
2026-05-08 13:29:08.771 INFO  c.k.k.core.webui.driver.DriverFactory    - sessionId = f178931c8856e9d666464f34979f03dc
2026-05-08 13:29:08.772 INFO  c.k.k.core.webui.driver.DriverFactory    - browser = Chrome 147.0.7727.138
2026-05-08 13:29:08.772 INFO  c.k.k.core.webui.driver.DriverFactory    - platform = Mac OS X
2026-05-08 13:29:08.772 INFO  c.k.k.core.webui.driver.DriverFactory    - seleniumVersion = 4.39.0
2026-05-08 13:29:08.773 INFO  c.k.k.core.webui.driver.DriverFactory    - proxyInformation = ProxyInformation { proxyOption=NO_PROXY, proxyServerType=HTTP, username=, password=********, proxyServerAddress=, proxyServerPort=0, executionList="", isApplyToDesiredCapabilities=true }
2026-05-08 13:29:08.786 DEBUG t.Login with invalid credentials         - 2: navigateToUrl("https://qwerty.abiyyu.xyz/")
2026-05-08 13:29:08.425 DEBUG testcase.Register with email exists      - 13: closeBrowser()
2026-05-08 13:29:08.545 INFO  c.k.katalon.core.main.TestCaseExecutor   - END Test Cases/Register Verification/Register with email exists
2026-05-08 13:29:08.549 INFO  c.k.katalon.core.main.TestCaseExecutor   - --------------------
2026-05-08 13:29:08.549 INFO  c.k.katalon.core.main.TestCaseExecutor   - START Test Cases/Register Verification/Regiester with valid requirements
2026-05-08 13:29:08.586 DEBUG t.Regiester with valid requirements      - 1: randomEmail = test$System.currentTimeMillis()@qwerty.com
2026-05-08 13:29:08.589 DEBUG t.Regiester with valid requirements      - 2: firstNames = ["Fazza", "Lin", "Kai", "Zhen", "Alya"]
2026-05-08 13:29:08.591 DEBUG t.Regiester with valid requirements      - 3: lastNames = ["Chen", "Wijaya", "Putra", "Li", "Santoso"]
2026-05-08 13:29:08.592 DEBUG t.Regiester with valid requirements      - 4: randomFullName = $firstNames[new Random().nextInt(firstNames.size())] $lastNames[new Random().nextInt(lastNames.size())]
2026-05-08 13:29:08.593 DEBUG t.Regiester with valid requirements      - 5: openBrowser("")
2026-05-08 13:29:08.595 INFO  c.k.k.core.webui.driver.DriverFactory    - Starting 'Chrome' driver
2026-05-08 13:29:08.598 INFO  c.k.k.core.webui.driver.DriverFactory    - Action delay is set to 0 milliseconds
2026-05-08 13:29:09.425 DEBUG t.Login with invalid credentials         - 3: click(findTestObject("Login/icon_sign_in"))
2026-05-08 13:29:10.707 DEBUG t.Login with invalid credentials         - 4: setText(findTestObject("Login/email_field"), email)
2026-05-08 13:29:11.194 INFO  c.k.k.core.webui.driver.DriverFactory    - sessionId = de97268880671b7bc9fd177f2e41a101
2026-05-08 13:29:11.195 INFO  c.k.k.core.webui.driver.DriverFactory    - browser = Chrome 147.0.7727.138
2026-05-08 13:29:11.195 INFO  c.k.k.core.webui.driver.DriverFactory    - platform = Mac OS X
2026-05-08 13:29:11.196 INFO  c.k.k.core.webui.driver.DriverFactory    - seleniumVersion = 4.39.0
2026-05-08 13:29:11.196 INFO  c.k.k.core.webui.driver.DriverFactory    - proxyInformation = ProxyInformation { proxyOption=NO_PROXY, proxyServerType=HTTP, username=, password=********, proxyServerAddress=, proxyServerPort=0, executionList="", isApplyToDesiredCapabilities=true }
2026-05-08 13:29:11.207 DEBUG t.Regiester with valid requirements      - 6: navigateToUrl("https://qwerty.abiyyu.xyz/")
2026-05-08 13:29:11.765 DEBUG t.Login with invalid credentials         - 5: setText(findTestObject("Login/password_field"), password)
2026-05-08 13:29:12.005 DEBUG t.Regiester with valid requirements      - 7: click(findTestObject("Register/icon_sign_up"))
2026-05-08 13:29:12.490 DEBUG t.Login with invalid credentials         - 6: click(findTestObject("Login/btn_sign_in"))
2026-05-08 13:29:12.772 DEBUG t.Login with invalid credentials         - 7: click(findTestObject("Login/msg_invalid_email_or_password"))
2026-05-08 13:29:12.848 DEBUG t.Regiester with valid requirements      - 8: setText(findTestObject("Register/full_name_field"), randomFullName)
2026-05-08 13:29:13.668 DEBUG t.Login with invalid credentials         - 8: closeBrowser()
2026-05-08 13:29:13.768 INFO  c.k.katalon.core.main.TestCaseExecutor   - END Test Cases/Login Verification/Login with invalid credentials
2026-05-08 13:29:13.770 INFO  c.k.katalon.core.main.TestCaseExecutor   - --------------------
2026-05-08 13:29:13.770 INFO  c.k.katalon.core.main.TestCaseExecutor   - START Test Cases/Login Verification/Login with empty input
2026-05-08 13:29:13.798 DEBUG testcase.Login with empty input          - 1: openBrowser("")
2026-05-08 13:29:13.800 INFO  c.k.k.core.webui.driver.DriverFactory    - Starting 'Chrome' driver
2026-05-08 13:29:13.801 INFO  c.k.k.core.webui.driver.DriverFactory    - Action delay is set to 0 milliseconds
2026-05-08 13:29:13.914 DEBUG t.Regiester with valid requirements      - 9: setText(findTestObject("Register/email_field"), randomEmail)
2026-05-08 13:29:14.488 DEBUG t.Regiester with valid requirements      - 10: setEncryptedText(findTestObject("Register/password_field"), "NwihNemifflwzNshSAiWUA==")
2026-05-08 13:29:14.786 DEBUG t.Regiester with valid requirements      - 11: setEncryptedText(findTestObject("Register/verify_password_field"), "NwihNemifflwzNshSAiWUA==")
2026-05-08 13:29:15.270 DEBUG t.Regiester with valid requirements      - 12: click(findTestObject("Register/btn_create_account"))
2026-05-08 13:29:15.498 INFO  c.k.k.core.webui.driver.DriverFactory    - sessionId = 81172d2822c90483190244ab99211461
2026-05-08 13:29:15.498 INFO  c.k.k.core.webui.driver.DriverFactory    - browser = Chrome 147.0.7727.138
2026-05-08 13:29:15.499 INFO  c.k.k.core.webui.driver.DriverFactory    - platform = Mac OS X
2026-05-08 13:29:15.499 INFO  c.k.k.core.webui.driver.DriverFactory    - seleniumVersion = 4.39.0
2026-05-08 13:29:15.499 INFO  c.k.k.core.webui.driver.DriverFactory    - proxyInformation = ProxyInformation { proxyOption=NO_PROXY, proxyServerType=HTTP, username=, password=********, proxyServerAddress=, proxyServerPort=0, executionList="", isApplyToDesiredCapabilities=true }
2026-05-08 13:29:15.511 DEBUG testcase.Login with empty input          - 2: navigateToUrl("https://qwerty.abiyyu.xyz/")
2026-05-08 13:29:15.551 DEBUG t.Regiester with valid requirements      - 13: click(findTestObject("Register/msg_account_successfuly_created"))
2026-05-08 13:29:16.368 DEBUG testcase.Login with empty input          - 3: click(findTestObject("Login/icon_sign_in"))
2026-05-08 13:29:17.376 DEBUG testcase.Login with empty input          - 4: click(findTestObject("Login/email_field"))
2026-05-08 13:29:17.332 DEBUG t.Regiester with valid requirements      - 14: closeBrowser()
2026-05-08 13:29:17.434 INFO  c.k.katalon.core.main.TestCaseExecutor   - END Test Cases/Register Verification/Regiester with valid requirements
2026-05-08 13:29:17.436 INFO  c.k.katalon.core.main.TestCaseExecutor   - --------------------
2026-05-08 13:29:17.436 INFO  c.k.katalon.core.main.TestCaseExecutor   - START Test Cases/Register Verification/Regiester with blank input
2026-05-08 13:29:17.464 DEBUG testcase.Regiester with blank input      - 1: openBrowser("")
2026-05-08 13:29:17.466 INFO  c.k.k.core.webui.driver.DriverFactory    - Starting 'Chrome' driver
2026-05-08 13:29:17.468 INFO  c.k.k.core.webui.driver.DriverFactory    - Action delay is set to 0 milliseconds
2026-05-08 13:29:18.174 DEBUG testcase.Login with empty input          - 5: click(findTestObject("Login/password_field"))
2026-05-08 13:29:18.448 DEBUG testcase.Login with empty input          - 6: click(findTestObject("Login/btn_sign_in"))
2026-05-08 13:29:18.719 DEBUG testcase.Login with empty input          - 7: click(findTestObject("Login/page_login"))
2026-05-08 13:29:18.991 DEBUG testcase.Login with empty input          - 8: closeBrowser()
2026-05-08 13:29:19.095 INFO  c.k.katalon.core.main.TestCaseExecutor   - END Test Cases/Login Verification/Login with empty input
2026-05-08 13:29:19.108 INFO  c.k.katalon.core.main.TestCaseExecutor   - --------------------
2026-05-08 13:29:19.108 INFO  c.k.katalon.core.main.TestCaseExecutor   - START Test Cases/Login Verification/Login with unregistered email
2026-05-08 13:29:19.113 INFO  c.k.katalon.core.main.TestCaseExecutor   - email = invalid@qwery.com
2026-05-08 13:29:19.114 INFO  c.k.katalon.core.main.TestCaseExecutor   - password = falsepass
2026-05-08 13:29:19.115 DEBUG t.Login with invalid credentials         - 1: openBrowser("")
2026-05-08 13:29:19.116 INFO  c.k.k.core.webui.driver.DriverFactory    - Starting 'Chrome' driver
2026-05-08 13:29:19.117 INFO  c.k.k.core.webui.driver.DriverFactory    - Action delay is set to 0 milliseconds
2026-05-08 13:29:19.248 INFO  c.k.k.core.webui.driver.DriverFactory    - sessionId = f222fd6b95cf6859f225b854f7c465f1
2026-05-08 13:29:19.249 INFO  c.k.k.core.webui.driver.DriverFactory    - browser = Chrome 147.0.7727.138
2026-05-08 13:29:19.249 INFO  c.k.k.core.webui.driver.DriverFactory    - platform = Mac OS X
2026-05-08 13:29:19.249 INFO  c.k.k.core.webui.driver.DriverFactory    - seleniumVersion = 4.39.0
2026-05-08 13:29:19.250 INFO  c.k.k.core.webui.driver.DriverFactory    - proxyInformation = ProxyInformation { proxyOption=NO_PROXY, proxyServerType=HTTP, username=, password=********, proxyServerAddress=, proxyServerPort=0, executionList="", isApplyToDesiredCapabilities=true }
2026-05-08 13:29:19.261 DEBUG testcase.Regiester with blank input      - 2: navigateToUrl("https://qwerty.abiyyu.xyz/")
2026-05-08 13:29:20.121 DEBUG testcase.Regiester with blank input      - 3: click(findTestObject("Register/icon_sign_up"))
2026-05-08 13:29:20.737 INFO  c.k.k.core.webui.driver.DriverFactory    - sessionId = bc198a5505a62a6d7a65f48d0fa31e8d
2026-05-08 13:29:20.738 INFO  c.k.k.core.webui.driver.DriverFactory    - browser = Chrome 147.0.7727.138
2026-05-08 13:29:20.738 INFO  c.k.k.core.webui.driver.DriverFactory    - platform = Mac OS X
2026-05-08 13:29:20.738 INFO  c.k.k.core.webui.driver.DriverFactory    - seleniumVersion = 4.39.0
2026-05-08 13:29:20.738 INFO  c.k.k.core.webui.driver.DriverFactory    - proxyInformation = ProxyInformation { proxyOption=NO_PROXY, proxyServerType=HTTP, username=, password=********, proxyServerAddress=, proxyServerPort=0, executionList="", isApplyToDesiredCapabilities=true }
2026-05-08 13:29:20.748 DEBUG t.Login with invalid credentials         - 2: navigateToUrl("https://qwerty.abiyyu.xyz/")
2026-05-08 13:29:20.919 DEBUG testcase.Regiester with blank input      - 4: click(findTestObject("Register/full_name_field"))
2026-05-08 13:29:21.474 DEBUG t.Login with invalid credentials         - 3: click(findTestObject("Login/icon_sign_in"))
2026-05-08 13:29:21.598 DEBUG testcase.Regiester with blank input      - 5: click(findTestObject("Register/email_field"))
2026-05-08 13:29:21.871 DEBUG testcase.Regiester with blank input      - 6: click(findTestObject("Register/password_field"))
2026-05-08 13:29:22.172 DEBUG t.Login with invalid credentials         - 4: setText(findTestObject("Login/email_field"), email)
2026-05-08 13:29:22.346 DEBUG testcase.Regiester with blank input      - 7: click(findTestObject("Register/verify_password_field"))
2026-05-08 13:29:22.620 DEBUG testcase.Regiester with blank input      - 8: click(findTestObject("Register/btn_create_account"))
2026-05-08 13:29:22.890 DEBUG testcase.Regiester with blank input      - 9: click(findTestObject("Register/msg_please_enter_your_full_name"))
2026-05-08 13:29:23.196 DEBUG t.Login with invalid credentials         - 5: setText(findTestObject("Login/password_field"), password)
2026-05-08 13:29:23.372 DEBUG testcase.Regiester with blank input      - 10: closeBrowser()
2026-05-08 13:29:23.746 DEBUG t.Login with invalid credentials         - 6: click(findTestObject("Login/btn_sign_in"))
2026-05-08 13:29:23.483 INFO  c.k.katalon.core.main.TestCaseExecutor   - END Test Cases/Register Verification/Regiester with blank input
2026-05-08 13:29:23.485 INFO  c.k.katalon.core.main.TestCaseExecutor   - --------------------
2026-05-08 13:29:23.485 INFO  c.k.katalon.core.main.TestCaseExecutor   - START Test Cases/Register Verification/Regiester with invalid requirements
2026-05-08 13:29:23.521 DEBUG t.Regiester with invalid requirements    - 1: randomInvalidEmail = test$System.currentTimeMillis().com
2026-05-08 13:29:23.522 DEBUG t.Regiester with invalid requirements    - 2: firstNames = ["Fazza", "Lin", "Kai", "Zhen", "Alya"]
2026-05-08 13:29:23.523 DEBUG t.Regiester with invalid requirements    - 3: lastNames = ["Chen", "Wijaya", "Putra", "Li", "Santoso"]
2026-05-08 13:29:23.524 DEBUG t.Regiester with invalid requirements    - 4: randomFullName = $firstNames[new Random().nextInt(firstNames.size())] $lastNames[new Random().nextInt(lastNames.size())]
2026-05-08 13:29:23.524 DEBUG t.Regiester with invalid requirements    - 5: openBrowser("")
2026-05-08 13:29:23.526 INFO  c.k.k.core.webui.driver.DriverFactory    - Starting 'Chrome' driver
2026-05-08 13:29:23.528 INFO  c.k.k.core.webui.driver.DriverFactory    - Action delay is set to 0 milliseconds
2026-05-08 13:29:24.039 DEBUG t.Login with invalid credentials         - 7: click(findTestObject("Login/msg_invalid_email_or_password"))
2026-05-08 13:29:25.071 DEBUG t.Login with invalid credentials         - 8: closeBrowser()
2026-05-08 13:29:25.169 INFO  c.k.katalon.core.main.TestCaseExecutor   - END Test Cases/Login Verification/Login with unregistered email
2026-05-08 13:29:25.192 INFO  c.k.katalon.core.main.TestCaseExecutor   - --------------------
2026-05-08 13:29:25.193 INFO  c.k.katalon.core.main.TestCaseExecutor   - START Test Cases/Login Verification/Login with SQL-Injection
2026-05-08 13:29:25.201 INFO  c.k.katalon.core.main.TestCaseExecutor   - email =  OR '1'='1
2026-05-08 13:29:25.202 INFO  c.k.katalon.core.main.TestCaseExecutor   - password = (bebas)
2026-05-08 13:29:25.230 DEBUG testcase.Login with SQL-Injection        - 1: openBrowser("")
2026-05-08 13:29:25.232 INFO  c.k.k.core.webui.driver.DriverFactory    - Starting 'Chrome' driver
2026-05-08 13:29:25.233 INFO  c.k.k.core.webui.driver.DriverFactory    - Action delay is set to 0 milliseconds
2026-05-08 13:29:25.375 INFO  c.k.k.core.webui.driver.DriverFactory    - sessionId = f37ce44de3fd52a8d12c4a92699d513b
2026-05-08 13:29:25.376 INFO  c.k.k.core.webui.driver.DriverFactory    - browser = Chrome 147.0.7727.138
2026-05-08 13:29:25.376 INFO  c.k.k.core.webui.driver.DriverFactory    - platform = Mac OS X
2026-05-08 13:29:25.376 INFO  c.k.k.core.webui.driver.DriverFactory    - seleniumVersion = 4.39.0
2026-05-08 13:29:25.377 INFO  c.k.k.core.webui.driver.DriverFactory    - proxyInformation = ProxyInformation { proxyOption=NO_PROXY, proxyServerType=HTTP, username=, password=********, proxyServerAddress=, proxyServerPort=0, executionList="", isApplyToDesiredCapabilities=true }
2026-05-08 13:29:25.389 DEBUG t.Regiester with invalid requirements    - 6: navigateToUrl("https://qwerty.abiyyu.xyz/")
2026-05-08 13:29:26.170 DEBUG t.Regiester with invalid requirements    - 7: click(findTestObject("Register/icon_sign_up"))
2026-05-08 13:29:26.911 INFO  c.k.k.core.webui.driver.DriverFactory    - sessionId = 84ae9a23bfc6757ec15b49bc4706f7c6
2026-05-08 13:29:26.912 INFO  c.k.k.core.webui.driver.DriverFactory    - browser = Chrome 147.0.7727.138
2026-05-08 13:29:26.912 INFO  c.k.k.core.webui.driver.DriverFactory    - platform = Mac OS X
2026-05-08 13:29:26.913 INFO  c.k.k.core.webui.driver.DriverFactory    - seleniumVersion = 4.39.0
2026-05-08 13:29:26.913 INFO  c.k.k.core.webui.driver.DriverFactory    - proxyInformation = ProxyInformation { proxyOption=NO_PROXY, proxyServerType=HTTP, username=, password=********, proxyServerAddress=, proxyServerPort=0, executionList="", isApplyToDesiredCapabilities=true }
2026-05-08 13:29:26.921 DEBUG testcase.Login with SQL-Injection        - 2: navigateToUrl("https://qwerty.abiyyu.xyz/")
2026-05-08 13:29:26.860 DEBUG t.Regiester with invalid requirements    - 8: setText(findTestObject("Register/full_name_field"), randomFullName)
2026-05-08 13:29:27.679 DEBUG testcase.Login with SQL-Injection        - 3: click(findTestObject("Login/icon_sign_in"))
2026-05-08 13:29:27.936 DEBUG t.Regiester with invalid requirements    - 9: setText(findTestObject("Register/email_field"), randomInvalidEmail)
2026-05-08 13:29:28.478 DEBUG testcase.Login with SQL-Injection        - 4: setText(findTestObject("Login/email_field"), email)
2026-05-08 13:29:28.459 DEBUG t.Regiester with invalid requirements    - 10: setEncryptedText(findTestObject("Register/password_field"), "f7IgQFd4qQo=")
2026-05-08 13:29:28.749 DEBUG t.Regiester with invalid requirements    - 11: click(findTestObject("Register/Regiester with invalid requirements/Page_QWERTY E-Commerce/btn_create_account"))
2026-05-08 13:29:28.750 WARN  c.k.k.core.testobject.ObjectRepository   - Test object with id 'Object Repository/Register/Regiester with invalid requirements/Page_QWERTY E-Commerce/btn_create_account' does not exist
2026-05-08 13:29:28.755 WARN  c.k.k.core.testobject.ObjectRepository   - Test object with id 'Object Repository/' does not exist
2026-05-08 13:29:28.905 ERROR c.k.k.core.keyword.internal.KeywordMain  - ❌ Unable to click on object (Root cause: com.kms.katalon.core.exception.StepFailedException: Unable to click on object\n\tat com.kms.katalon.core.webui.keyword.internal.WebUIKeywordMain.stepFailed(WebUIKeywordMain.groovy:177)\n\tat com.kms.katalon.core.webui.keyword.internal.WebUIKeywordMain.runKeyword(WebUIKeywordMain.groovy:49)\n\tat com.kms.katalon.core.webui.keyword.internal.WebUIKeywordMain.runKeywordUntilTimeout(WebUIKeywordMain.groovy:133)\n\tat com.kms.katalon.core.webui.keyword.builtin.ClickKeyword.click(ClickKeyword.groovy:72)\n\tat com.kms.katalon.core.webui.keyword.builtin.ClickKeyword.execute(ClickKeyword.groovy:38)\n\tat com.kms.katalon.core.keyword.internal.KeywordExecutor.executeKeywordForPlatform(KeywordExecutor.groovy:99)\n\tat com.kms.katalon.core.webui.keyword.WebUiBuiltInKeywords.click(WebUiBuiltInKeywords.groovy:722)\n\tat Regiester with invalid requirements.run(Regiester with invalid requirements:40)\n\tat com.kms.katalon.core.main.ScriptEngine.run(ScriptEngine.java:203)\n\tat com.kms.katalon.core.main.ScriptEngine.runScriptAsRawText(ScriptEngine.java:115)\n\tat com.kms.katalon.core.main.TestCaseExecutor.runScript(TestCaseExecutor.java:504)\n\tat com.kms.katalon.core.main.TestCaseExecutor.doExecute(TestCaseExecutor.java:495)\n\tat com.kms.katalon.core.main.TestCaseExecutor.processExecutionPhase(TestCaseExecutor.java:474)\n\tat com.kms.katalon.core.main.TestCaseExecutor.accessMainPhase(TestCaseExecutor.java:466)\n\tat com.kms.katalon.core.main.TestCaseExecutor.execute(TestCaseExecutor.java:336)\n\tat com.kms.katalon.core.common.CommonExecutor.accessTestCaseMainPhase(CommonExecutor.java:71)\n\tat com.kms.katalon.core.main.TestSuiteExecutor.accessTestSuiteMainPhase(TestSuiteExecutor.java:153)\n\tat com.kms.katalon.core.main.TestSuiteExecutor.execute(TestSuiteExecutor.java:110)\n\tat com.kms.katalon.core.main.TestCaseMain.startTestSuite(TestCaseMain.java:206)\n\tat S0508_15.run(S0508_15.groovy:40)\n\tat java.base/jdk.internal.reflect.DirectMethodHandleAccessor.invoke(DirectMethodHandleAccessor.java:103)\nCaused by: com.kms.katalon.core.exception.IllegalTestObjectException: Object is null\n\tat com.kms.katalon.core.helper.KeywordHelper.checkTestObjectParameter(KeywordHelper.java:35)\n\tat com.kms.katalon.core.webui.keyword.builtin.ClickKeyword$_click_closure1.doCall(ClickKeyword.groovy:50)\n\tat java.base/jdk.internal.reflect.DirectMethodHandleAccessor.invoke(DirectMethodHandleAccessor.java:103)\n\tat jdk.proxy2/jdk.proxy2.$Proxy56.execute(Unknown Source)\n\tat com.kms.katalon.core.webui.model.SeleniumActionRetryController.performAction(SeleniumActionRetryController.java:96)\n\tat com.kms.katalon.core.webui.model.SeleniumActionRetryController.performAction(SeleniumActionRetryController.java:83)\n\tat com.kms.katalon.core.webui.keyword.internal.WebUIKeywordMain$_runKeywordUntilTimeout_closure1.doCall(WebUIKeywordMain.groovy:135)\n\tat com.kms.katalon.core.webui.keyword.internal.WebUIKeywordMain$_runKeywordUntilTimeout_closure1.call(WebUIKeywordMain.groovy)\n\tat com.kms.katalon.core.webui.keyword.internal.WebUIKeywordMain.runKeyword(WebUIKeywordMain.groovy:41)\n\tat com.kms.katalon.core.webui.keyword.internal.WebUIKeywordMain.runKeywordUntilTimeout(WebUIKeywordMain.groovy:133)\n\tat com.kms.katalon.core.webui.keyword.builtin.ClickKeyword.click(ClickKeyword.groovy:72)\n\tat com.kms.katalon.core.webui.keyword.builtin.ClickKeyword.execute(ClickKeyword.groovy:38)\n\tat com.kms.katalon.core.keyword.internal.KeywordExecutor.executeKeywordForPlatform(KeywordExecutor.groovy:99)\n\tat com.kms.katalon.core.webui.keyword.WebUiBuiltInKeywords.click(WebUiBuiltInKeywords.groovy:722)\n\tat Script1778218824889.run(Script1778218824889.groovy:40)\n\t... 13 more\n)
2026-05-08 13:29:28.908 ERROR c.k.katalon.core.main.TestCaseExecutor   - ❌ Test Cases/Register Verification/Regiester with invalid requirements FAILED.\nReason:\ncom.kms.katalon.core.exception.StepFailedException: Unable to click on object\n\tat com.kms.katalon.core.webui.keyword.internal.WebUIKeywordMain.stepFailed(WebUIKeywordMain.groovy:177)\n\tat com.kms.katalon.core.webui.keyword.internal.WebUIKeywordMain.runKeyword(WebUIKeywordMain.groovy:49)\n\tat com.kms.katalon.core.webui.keyword.internal.WebUIKeywordMain.runKeywordUntilTimeout(WebUIKeywordMain.groovy:133)\n\tat com.kms.katalon.core.webui.keyword.builtin.ClickKeyword.click(ClickKeyword.groovy:72)\n\tat com.kms.katalon.core.webui.keyword.builtin.ClickKeyword.execute(ClickKeyword.groovy:38)\n\tat com.kms.katalon.core.keyword.internal.KeywordExecutor.executeKeywordForPlatform(KeywordExecutor.groovy:99)\n\tat com.kms.katalon.core.webui.keyword.WebUiBuiltInKeywords.click(WebUiBuiltInKeywords.groovy:722)\n\tat Regiester with invalid requirements.run(Regiester with invalid requirements:40)\n\tat com.kms.katalon.core.main.ScriptEngine.run(ScriptEngine.java:203)\n\tat com.kms.katalon.core.main.ScriptEngine.runScriptAsRawText(ScriptEngine.java:115)\n\tat com.kms.katalon.core.main.TestCaseExecutor.runScript(TestCaseExecutor.java:504)\n\tat com.kms.katalon.core.main.TestCaseExecutor.doExecute(TestCaseExecutor.java:495)\n\tat com.kms.katalon.core.main.TestCaseExecutor.processExecutionPhase(TestCaseExecutor.java:474)\n\tat com.kms.katalon.core.main.TestCaseExecutor.accessMainPhase(TestCaseExecutor.java:466)\n\tat com.kms.katalon.core.main.TestCaseExecutor.execute(TestCaseExecutor.java:336)\n\tat com.kms.katalon.core.common.CommonExecutor.accessTestCaseMainPhase(CommonExecutor.java:71)\n\tat com.kms.katalon.core.main.TestSuiteExecutor.accessTestSuiteMainPhase(TestSuiteExecutor.java:153)\n\tat com.kms.katalon.core.main.TestSuiteExecutor.execute(TestSuiteExecutor.java:110)\n\tat com.kms.katalon.core.main.TestCaseMain.startTestSuite(TestCaseMain.java:206)\n\tat S0508_15.run(S0508_15.groovy:40)\n\tat java.base/jdk.internal.reflect.DirectMethodHandleAccessor.invoke(DirectMethodHandleAccessor.java:103)\nCaused by: com.kms.katalon.core.exception.IllegalTestObjectException: Object is null\n\tat com.kms.katalon.core.helper.KeywordHelper.checkTestObjectParameter(KeywordHelper.java:35)\n\tat com.kms.katalon.core.webui.keyword.builtin.ClickKeyword$_click_closure1.doCall(ClickKeyword.groovy:50)\n\tat java.base/jdk.internal.reflect.DirectMethodHandleAccessor.invoke(DirectMethodHandleAccessor.java:103)\n\tat jdk.proxy2/jdk.proxy2.$Proxy56.execute(Unknown Source)\n\tat com.kms.katalon.core.webui.model.SeleniumActionRetryController.performAction(SeleniumActionRetryController.java:96)\n\tat com.kms.katalon.core.webui.model.SeleniumActionRetryController.performAction(SeleniumActionRetryController.java:83)\n\tat com.kms.katalon.core.webui.keyword.internal.WebUIKeywordMain$_runKeywordUntilTimeout_closure1.doCall(WebUIKeywordMain.groovy:135)\n\tat com.kms.katalon.core.webui.keyword.internal.WebUIKeywordMain$_runKeywordUntilTimeout_closure1.call(WebUIKeywordMain.groovy)\n\tat com.kms.katalon.core.webui.keyword.internal.WebUIKeywordMain.runKeyword(WebUIKeywordMain.groovy:41)\n\t... 19 more\n
2026-05-08 13:29:28.909 INFO  c.k.katalon.core.main.TestCaseExecutor   - END Test Cases/Register Verification/Regiester with invalid requirements
2026-05-08 13:29:28.913 INFO  c.k.katalon.core.main.TestCaseExecutor   - --------------------
2026-05-08 13:29:28.913 INFO  c.k.katalon.core.main.TestCaseExecutor   - START Test Cases/Register Verification/Regiester with invalid requirements - Retry attempt 1
2026-05-08 13:29:28.921 DEBUG t.Regiester with invalid requirements    - 1: randomInvalidEmail = test$System.currentTimeMillis().com
2026-05-08 13:29:28.921 DEBUG t.Regiester with invalid requirements    - 2: firstNames = ["Fazza", "Lin", "Kai", "Zhen", "Alya"]
2026-05-08 13:29:28.921 DEBUG t.Regiester with invalid requirements    - 3: lastNames = ["Chen", "Wijaya", "Putra", "Li", "Santoso"]
2026-05-08 13:29:28.922 DEBUG t.Regiester with invalid requirements    - 4: randomFullName = $firstNames[new Random().nextInt(firstNames.size())] $lastNames[new Random().nextInt(lastNames.size())]
2026-05-08 13:29:28.922 DEBUG t.Regiester with invalid requirements    - 5: openBrowser("")
2026-05-08 13:29:28.923 WARN  c.k.k.core.webui.driver.DriverFactory    - A browser is already opened. Closing browser and opening a new one
2026-05-08 13:29:29.018 INFO  c.k.k.core.webui.driver.DriverFactory    - Starting 'Chrome' driver
2026-05-08 13:29:29.020 INFO  c.k.k.core.webui.driver.DriverFactory    - Action delay is set to 0 milliseconds
2026-05-08 13:29:29.574 DEBUG testcase.Login with SQL-Injection        - 5: setText(findTestObject("Login/password_field"), password)
2026-05-08 13:29:30.117 DEBUG testcase.Login with SQL-Injection        - 6: click(findTestObject("Login/btn_sign_in"), STOP_ON_FAILURE)
2026-05-08 13:29:30.391 DEBUG testcase.Login with SQL-Injection        - 7: click(findTestObject("Login/page_login"))
2026-05-08 13:29:30.672 DEBUG testcase.Login with SQL-Injection        - 8: closeBrowser()
2026-05-08 13:29:30.774 INFO  c.k.katalon.core.main.TestCaseExecutor   - END Test Cases/Login Verification/Login with SQL-Injection
2026-05-08 13:29:30.786 INFO  c.k.katalon.core.main.TestCaseExecutor   - --------------------
2026-05-08 13:29:30.786 INFO  c.k.katalon.core.main.TestCaseExecutor   - START Test Cases/Login Verification/Login with SQL-Injection
2026-05-08 13:29:30.794 INFO  c.k.katalon.core.main.TestCaseExecutor   - email = admin' --
2026-05-08 13:29:30.795 INFO  c.k.katalon.core.main.TestCaseExecutor   - password = (kosong)
2026-05-08 13:29:30.797 DEBUG testcase.Login with SQL-Injection        - 1: openBrowser("")
2026-05-08 13:29:30.798 INFO  c.k.k.core.webui.driver.DriverFactory    - Starting 'Chrome' driver
2026-05-08 13:29:30.800 INFO  c.k.k.core.webui.driver.DriverFactory    - Action delay is set to 0 milliseconds
2026-05-08 13:29:30.791 INFO  c.k.k.core.webui.driver.DriverFactory    - sessionId = 780e200601b3c2197570adf4fa513e07
2026-05-08 13:29:30.792 INFO  c.k.k.core.webui.driver.DriverFactory    - browser = Chrome 147.0.7727.138
2026-05-08 13:29:30.793 INFO  c.k.k.core.webui.driver.DriverFactory    - platform = Mac OS X
2026-05-08 13:29:30.793 INFO  c.k.k.core.webui.driver.DriverFactory    - seleniumVersion = 4.39.0
2026-05-08 13:29:30.793 INFO  c.k.k.core.webui.driver.DriverFactory    - proxyInformation = ProxyInformation { proxyOption=NO_PROXY, proxyServerType=HTTP, username=, password=********, proxyServerAddress=, proxyServerPort=0, executionList="", isApplyToDesiredCapabilities=true }
2026-05-08 13:29:30.802 DEBUG t.Regiester with invalid requirements    - 6: navigateToUrl("https://qwerty.abiyyu.xyz/")
2026-05-08 13:29:31.634 DEBUG t.Regiester with invalid requirements    - 7: click(findTestObject("Register/icon_sign_up"))
2026-05-08 13:29:32.521 INFO  c.k.k.core.webui.driver.DriverFactory    - sessionId = d482f956d55d81a00baed075c4d2f81b
2026-05-08 13:29:32.521 INFO  c.k.k.core.webui.driver.DriverFactory    - browser = Chrome 147.0.7727.138
2026-05-08 13:29:32.522 INFO  c.k.k.core.webui.driver.DriverFactory    - platform = Mac OS X
2026-05-08 13:29:32.522 INFO  c.k.k.core.webui.driver.DriverFactory    - seleniumVersion = 4.39.0
2026-05-08 13:29:32.522 INFO  c.k.k.core.webui.driver.DriverFactory    - proxyInformation = ProxyInformation { proxyOption=NO_PROXY, proxyServerType=HTTP, username=, password=********, proxyServerAddress=, proxyServerPort=0, executionList="", isApplyToDesiredCapabilities=true }
2026-05-08 13:29:32.329 DEBUG t.Regiester with invalid requirements    - 8: setText(findTestObject("Register/full_name_field"), randomFullName)
2026-05-08 13:29:32.532 DEBUG testcase.Login with SQL-Injection        - 2: navigateToUrl("https://qwerty.abiyyu.xyz/")
2026-05-08 13:29:33.319 DEBUG testcase.Login with SQL-Injection        - 3: click(findTestObject("Login/icon_sign_in"))
2026-05-08 13:29:33.417 DEBUG t.Regiester with invalid requirements    - 9: setText(findTestObject("Register/email_field"), randomInvalidEmail)
2026-05-08 13:29:34.025 DEBUG testcase.Login with SQL-Injection        - 4: setText(findTestObject("Login/email_field"), email)
2026-05-08 13:29:33.940 DEBUG t.Regiester with invalid requirements    - 10: setEncryptedText(findTestObject("Register/password_field"), "f7IgQFd4qQo=")
2026-05-08 13:29:34.232 DEBUG t.Regiester with invalid requirements    - 11: click(findTestObject("Register/Regiester with invalid requirements/Page_QWERTY E-Commerce/btn_create_account"))
2026-05-08 13:29:34.233 WARN  c.k.k.core.testobject.ObjectRepository   - Test object with id 'Object Repository/Register/Regiester with invalid requirements/Page_QWERTY E-Commerce/btn_create_account' does not exist
2026-05-08 13:29:34.234 WARN  c.k.k.core.testobject.ObjectRepository   - Test object with id 'Object Repository/' does not exist
2026-05-08 13:29:34.364 ERROR c.k.k.core.keyword.internal.KeywordMain  - ❌ Unable to click on object (Root cause: com.kms.katalon.core.exception.StepFailedException: Unable to click on object\n\tat com.kms.katalon.core.webui.keyword.internal.WebUIKeywordMain.stepFailed(WebUIKeywordMain.groovy:177)\n\tat com.kms.katalon.core.webui.keyword.internal.WebUIKeywordMain.runKeyword(WebUIKeywordMain.groovy:49)\n\tat com.kms.katalon.core.webui.keyword.internal.WebUIKeywordMain.runKeywordUntilTimeout(WebUIKeywordMain.groovy:133)\n\tat com.kms.katalon.core.webui.keyword.builtin.ClickKeyword.click(ClickKeyword.groovy:72)\n\tat com.kms.katalon.core.webui.keyword.builtin.ClickKeyword.execute(ClickKeyword.groovy:38)\n\tat com.kms.katalon.core.keyword.internal.KeywordExecutor.executeKeywordForPlatform(KeywordExecutor.groovy:99)\n\tat com.kms.katalon.core.webui.keyword.WebUiBuiltInKeywords.click(WebUiBuiltInKeywords.groovy:722)\n\tat Regiester with invalid requirements.run(Regiester with invalid requirements:40)\n\tat com.kms.katalon.core.main.ScriptEngine.run(ScriptEngine.java:203)\n\tat com.kms.katalon.core.main.ScriptEngine.runScriptAsRawText(ScriptEngine.java:115)\n\tat com.kms.katalon.core.main.TestCaseExecutor.runScript(TestCaseExecutor.java:504)\n\tat com.kms.katalon.core.main.TestCaseExecutor.doExecute(TestCaseExecutor.java:495)\n\tat com.kms.katalon.core.main.TestCaseExecutor.processExecutionPhase(TestCaseExecutor.java:474)\n\tat com.kms.katalon.core.main.TestCaseExecutor.accessMainPhase(TestCaseExecutor.java:466)\n\tat com.kms.katalon.core.main.TestCaseExecutor.execute(TestCaseExecutor.java:336)\n\tat com.kms.katalon.core.main.TestCaseExecutor.execute(TestCaseExecutor.java:424)\n\tat com.kms.katalon.core.common.CommonExecutor.accessTestCaseMainPhase(CommonExecutor.java:71)\n\tat com.kms.katalon.core.main.TestSuiteExecutor.accessTestSuiteMainPhase(TestSuiteExecutor.java:153)\n\tat com.kms.katalon.core.main.TestSuiteExecutor.execute(TestSuiteExecutor.java:110)\n\tat com.kms.katalon.core.main.TestCaseMain.startTestSuite(TestCaseMain.java:206)\n\tat S0508_15.run(S0508_15.groovy:40)\n\tat java.base/jdk.internal.reflect.DirectMethodHandleAccessor.invoke(DirectMethodHandleAccessor.java:103)\nCaused by: com.kms.katalon.core.exception.IllegalTestObjectException: Object is null\n\tat com.kms.katalon.core.helper.KeywordHelper.checkTestObjectParameter(KeywordHelper.java:35)\n\tat com.kms.katalon.core.webui.keyword.builtin.ClickKeyword$_click_closure1.doCall(ClickKeyword.groovy:50)\n\tat java.base/jdk.internal.reflect.DirectMethodHandleAccessor.invoke(DirectMethodHandleAccessor.java:103)\n\tat jdk.proxy2/jdk.proxy2.$Proxy56.execute(Unknown Source)\n\tat com.kms.katalon.core.webui.model.SeleniumActionRetryController.performAction(SeleniumActionRetryController.java:96)\n\tat com.kms.katalon.core.webui.model.SeleniumActionRetryController.performAction(SeleniumActionRetryController.java:83)\n\tat com.kms.katalon.core.webui.keyword.internal.WebUIKeywordMain$_runKeywordUntilTimeout_closure1.doCall(WebUIKeywordMain.groovy:135)\n\tat com.kms.katalon.core.webui.keyword.internal.WebUIKeywordMain$_runKeywordUntilTimeout_closure1.call(WebUIKeywordMain.groovy)\n\tat com.kms.katalon.core.webui.keyword.internal.WebUIKeywordMain.runKeyword(WebUIKeywordMain.groovy:41)\n\tat com.kms.katalon.core.webui.keyword.internal.WebUIKeywordMain.runKeywordUntilTimeout(WebUIKeywordMain.groovy:133)\n\tat com.kms.katalon.core.webui.keyword.builtin.ClickKeyword.click(ClickKeyword.groovy:72)\n\tat com.kms.katalon.core.webui.keyword.builtin.ClickKeyword.execute(ClickKeyword.groovy:38)\n\tat com.kms.katalon.core.keyword.internal.KeywordExecutor.executeKeywordForPlatform(KeywordExecutor.groovy:99)\n\tat com.kms.katalon.core.webui.keyword.WebUiBuiltInKeywords.click(WebUiBuiltInKeywords.groovy:722)\n\tat Script1778218824889.run(Script1778218824889.groovy:40)\n\t... 14 more\n)
2026-05-08 13:29:34.366 ERROR c.k.katalon.core.main.TestCaseExecutor   - ❌ Test Cases/Register Verification/Regiester with invalid requirements FAILED.\nReason:\ncom.kms.katalon.core.exception.StepFailedException: Unable to click on object\n\tat com.kms.katalon.core.webui.keyword.internal.WebUIKeywordMain.stepFailed(WebUIKeywordMain.groovy:177)\n\tat com.kms.katalon.core.webui.keyword.internal.WebUIKeywordMain.runKeyword(WebUIKeywordMain.groovy:49)\n\tat com.kms.katalon.core.webui.keyword.internal.WebUIKeywordMain.runKeywordUntilTimeout(WebUIKeywordMain.groovy:133)\n\tat com.kms.katalon.core.webui.keyword.builtin.ClickKeyword.click(ClickKeyword.groovy:72)\n\tat com.kms.katalon.core.webui.keyword.builtin.ClickKeyword.execute(ClickKeyword.groovy:38)\n\tat com.kms.katalon.core.keyword.internal.KeywordExecutor.executeKeywordForPlatform(KeywordExecutor.groovy:99)\n\tat com.kms.katalon.core.webui.keyword.WebUiBuiltInKeywords.click(WebUiBuiltInKeywords.groovy:722)\n\tat Regiester with invalid requirements.run(Regiester with invalid requirements:40)\n\tat com.kms.katalon.core.main.ScriptEngine.run(ScriptEngine.java:203)\n\tat com.kms.katalon.core.main.ScriptEngine.runScriptAsRawText(ScriptEngine.java:115)\n\tat com.kms.katalon.core.main.TestCaseExecutor.runScript(TestCaseExecutor.java:504)\n\tat com.kms.katalon.core.main.TestCaseExecutor.doExecute(TestCaseExecutor.java:495)\n\tat com.kms.katalon.core.main.TestCaseExecutor.processExecutionPhase(TestCaseExecutor.java:474)\n\tat com.kms.katalon.core.main.TestCaseExecutor.accessMainPhase(TestCaseExecutor.java:466)\n\tat com.kms.katalon.core.main.TestCaseExecutor.execute(TestCaseExecutor.java:336)\n\tat com.kms.katalon.core.main.TestCaseExecutor.execute(TestCaseExecutor.java:424)\n\tat com.kms.katalon.core.common.CommonExecutor.accessTestCaseMainPhase(CommonExecutor.java:71)\n\tat com.kms.katalon.core.main.TestSuiteExecutor.accessTestSuiteMainPhase(TestSuiteExecutor.java:153)\n\tat com.kms.katalon.core.main.TestSuiteExecutor.execute(TestSuiteExecutor.java:110)\n\tat com.kms.katalon.core.main.TestCaseMain.startTestSuite(TestCaseMain.java:206)\n\tat S0508_15.run(S0508_15.groovy:40)\n\tat java.base/jdk.internal.reflect.DirectMethodHandleAccessor.invoke(DirectMethodHandleAccessor.java:103)\nCaused by: com.kms.katalon.core.exception.IllegalTestObjectException: Object is null\n\tat com.kms.katalon.core.helper.KeywordHelper.checkTestObjectParameter(KeywordHelper.java:35)\n\tat com.kms.katalon.core.webui.keyword.builtin.ClickKeyword$_click_closure1.doCall(ClickKeyword.groovy:50)\n\tat java.base/jdk.internal.reflect.DirectMethodHandleAccessor.invoke(DirectMethodHandleAccessor.java:103)\n\tat jdk.proxy2/jdk.proxy2.$Proxy56.execute(Unknown Source)\n\tat com.kms.katalon.core.webui.model.SeleniumActionRetryController.performAction(SeleniumActionRetryController.java:96)\n\tat com.kms.katalon.core.webui.model.SeleniumActionRetryController.performAction(SeleniumActionRetryController.java:83)\n\tat com.kms.katalon.core.webui.keyword.internal.WebUIKeywordMain$_runKeywordUntilTimeout_closure1.doCall(WebUIKeywordMain.groovy:135)\n\tat com.kms.katalon.core.webui.keyword.internal.WebUIKeywordMain$_runKeywordUntilTimeout_closure1.call(WebUIKeywordMain.groovy)\n\tat com.kms.katalon.core.webui.keyword.internal.WebUIKeywordMain.runKeyword(WebUIKeywordMain.groovy:41)\n\t... 20 more\n
2026-05-08 13:29:34.367 INFO  c.k.katalon.core.main.TestCaseExecutor   - END Test Cases/Register Verification/Regiester with invalid requirements
2026-05-08 13:29:34.369 INFO  c.k.katalon.core.main.TestCaseExecutor   - --------------------
2026-05-08 13:29:34.369 INFO  c.k.katalon.core.main.TestCaseExecutor   - START Test Cases/Register Verification/Regiester with invalid requirements - Retry attempt 2
2026-05-08 13:29:34.376 DEBUG t.Regiester with invalid requirements    - 1: randomInvalidEmail = test$System.currentTimeMillis().com
2026-05-08 13:29:34.377 DEBUG t.Regiester with invalid requirements    - 2: firstNames = ["Fazza", "Lin", "Kai", "Zhen", "Alya"]
2026-05-08 13:29:34.378 DEBUG t.Regiester with invalid requirements    - 3: lastNames = ["Chen", "Wijaya", "Putra", "Li", "Santoso"]
2026-05-08 13:29:34.379 DEBUG t.Regiester with invalid requirements    - 4: randomFullName = $firstNames[new Random().nextInt(firstNames.size())] $lastNames[new Random().nextInt(lastNames.size())]
2026-05-08 13:29:34.379 DEBUG t.Regiester with invalid requirements    - 5: openBrowser("")
2026-05-08 13:29:34.380 WARN  c.k.k.core.webui.driver.DriverFactory    - A browser is already opened. Closing browser and opening a new one
2026-05-08 13:29:34.479 INFO  c.k.k.core.webui.driver.DriverFactory    - Starting 'Chrome' driver
2026-05-08 13:29:34.481 INFO  c.k.k.core.webui.driver.DriverFactory    - Action delay is set to 0 milliseconds
2026-05-08 13:29:35.059 DEBUG testcase.Login with SQL-Injection        - 5: setText(findTestObject("Login/password_field"), password)
2026-05-08 13:29:35.598 DEBUG testcase.Login with SQL-Injection        - 6: click(findTestObject("Login/btn_sign_in"), STOP_ON_FAILURE)
2026-05-08 13:29:35.870 DEBUG testcase.Login with SQL-Injection        - 7: click(findTestObject("Login/page_login"))
2026-05-08 13:29:36.143 DEBUG testcase.Login with SQL-Injection        - 8: closeBrowser()
2026-05-08 13:29:36.246 INFO  c.k.katalon.core.main.TestCaseExecutor   - END Test Cases/Login Verification/Login with SQL-Injection
2026-05-08 13:29:36.253 INFO  c.k.katalon.core.main.TestCaseExecutor   - --------------------
2026-05-08 13:29:36.254 INFO  c.k.katalon.core.main.TestCaseExecutor   - START Test Cases/Login Verification/Login with SQL-Injection
2026-05-08 13:29:36.260 INFO  c.k.katalon.core.main.TestCaseExecutor   - email = admin' #
2026-05-08 13:29:36.261 INFO  c.k.katalon.core.main.TestCaseExecutor   - password = (kosong)
2026-05-08 13:29:36.262 DEBUG testcase.Login with SQL-Injection        - 1: openBrowser("")
2026-05-08 13:29:36.263 INFO  c.k.k.core.webui.driver.DriverFactory    - Starting 'Chrome' driver
2026-05-08 13:29:36.265 INFO  c.k.k.core.webui.driver.DriverFactory    - Action delay is set to 0 milliseconds
2026-05-08 13:29:36.221 INFO  c.k.k.core.webui.driver.DriverFactory    - sessionId = fb89ca13b5e1a4c7ea74f367f0ce1f04
2026-05-08 13:29:36.221 INFO  c.k.k.core.webui.driver.DriverFactory    - browser = Chrome 147.0.7727.138
2026-05-08 13:29:36.222 INFO  c.k.k.core.webui.driver.DriverFactory    - platform = Mac OS X
2026-05-08 13:29:36.222 INFO  c.k.k.core.webui.driver.DriverFactory    - seleniumVersion = 4.39.0
2026-05-08 13:29:36.222 INFO  c.k.k.core.webui.driver.DriverFactory    - proxyInformation = ProxyInformation { proxyOption=NO_PROXY, proxyServerType=HTTP, username=, password=********, proxyServerAddress=, proxyServerPort=0, executionList="", isApplyToDesiredCapabilities=true }
2026-05-08 13:29:36.230 DEBUG t.Regiester with invalid requirements    - 6: navigateToUrl("https://qwerty.abiyyu.xyz/")
2026-05-08 13:29:37.042 DEBUG t.Regiester with invalid requirements    - 7: click(findTestObject("Register/icon_sign_up"))
2026-05-08 13:29:37.977 INFO  c.k.k.core.webui.driver.DriverFactory    - sessionId = 58a9be5c201b8296f55af6b1b228cf73
2026-05-08 13:29:37.978 INFO  c.k.k.core.webui.driver.DriverFactory    - browser = Chrome 147.0.7727.138
2026-05-08 13:29:37.979 INFO  c.k.k.core.webui.driver.DriverFactory    - platform = Mac OS X
2026-05-08 13:29:37.979 INFO  c.k.k.core.webui.driver.DriverFactory    - seleniumVersion = 4.39.0
2026-05-08 13:29:37.979 INFO  c.k.k.core.webui.driver.DriverFactory    - proxyInformation = ProxyInformation { proxyOption=NO_PROXY, proxyServerType=HTTP, username=, password=********, proxyServerAddress=, proxyServerPort=0, executionList="", isApplyToDesiredCapabilities=true }
2026-05-08 13:29:37.987 DEBUG testcase.Login with SQL-Injection        - 2: navigateToUrl("https://qwerty.abiyyu.xyz/")
2026-05-08 13:29:37.841 DEBUG t.Regiester with invalid requirements    - 8: setText(findTestObject("Register/full_name_field"), randomFullName)
2026-05-08 13:29:38.714 DEBUG testcase.Login with SQL-Injection        - 3: click(findTestObject("Login/icon_sign_in"))
2026-05-08 13:29:38.815 DEBUG t.Regiester with invalid requirements    - 9: setText(findTestObject("Register/email_field"), randomInvalidEmail)
2026-05-08 13:29:39.501 DEBUG testcase.Login with SQL-Injection        - 4: setText(findTestObject("Login/email_field"), email)
2026-05-08 13:29:39.345 DEBUG t.Regiester with invalid requirements    - 10: setEncryptedText(findTestObject("Register/password_field"), "f7IgQFd4qQo=")
2026-05-08 13:29:39.637 DEBUG t.Regiester with invalid requirements    - 11: click(findTestObject("Register/Regiester with invalid requirements/Page_QWERTY E-Commerce/btn_create_account"))
2026-05-08 13:29:39.638 WARN  c.k.k.core.testobject.ObjectRepository   - Test object with id 'Object Repository/Register/Regiester with invalid requirements/Page_QWERTY E-Commerce/btn_create_account' does not exist
2026-05-08 13:29:39.639 WARN  c.k.k.core.testobject.ObjectRepository   - Test object with id 'Object Repository/' does not exist
2026-05-08 13:29:39.765 ERROR c.k.k.core.keyword.internal.KeywordMain  - ❌ Unable to click on object (Root cause: com.kms.katalon.core.exception.StepFailedException: Unable to click on object\n\tat com.kms.katalon.core.webui.keyword.internal.WebUIKeywordMain.stepFailed(WebUIKeywordMain.groovy:177)\n\tat com.kms.katalon.core.webui.keyword.internal.WebUIKeywordMain.runKeyword(WebUIKeywordMain.groovy:49)\n\tat com.kms.katalon.core.webui.keyword.internal.WebUIKeywordMain.runKeywordUntilTimeout(WebUIKeywordMain.groovy:133)\n\tat com.kms.katalon.core.webui.keyword.builtin.ClickKeyword.click(ClickKeyword.groovy:72)\n\tat com.kms.katalon.core.webui.keyword.builtin.ClickKeyword.execute(ClickKeyword.groovy:38)\n\tat com.kms.katalon.core.keyword.internal.KeywordExecutor.executeKeywordForPlatform(KeywordExecutor.groovy:99)\n\tat com.kms.katalon.core.webui.keyword.WebUiBuiltInKeywords.click(WebUiBuiltInKeywords.groovy:722)\n\tat Regiester with invalid requirements.run(Regiester with invalid requirements:40)\n\tat com.kms.katalon.core.main.ScriptEngine.run(ScriptEngine.java:203)\n\tat com.kms.katalon.core.main.ScriptEngine.runScriptAsRawText(ScriptEngine.java:115)\n\tat com.kms.katalon.core.main.TestCaseExecutor.runScript(TestCaseExecutor.java:504)\n\tat com.kms.katalon.core.main.TestCaseExecutor.doExecute(TestCaseExecutor.java:495)\n\tat com.kms.katalon.core.main.TestCaseExecutor.processExecutionPhase(TestCaseExecutor.java:474)\n\tat com.kms.katalon.core.main.TestCaseExecutor.accessMainPhase(TestCaseExecutor.java:466)\n\tat com.kms.katalon.core.main.TestCaseExecutor.execute(TestCaseExecutor.java:336)\n\tat com.kms.katalon.core.main.TestCaseExecutor.execute(TestCaseExecutor.java:424)\n\tat com.kms.katalon.core.main.TestCaseExecutor.execute(TestCaseExecutor.java:424)\n\tat com.kms.katalon.core.common.CommonExecutor.accessTestCaseMainPhase(CommonExecutor.java:71)\n\tat com.kms.katalon.core.main.TestSuiteExecutor.accessTestSuiteMainPhase(TestSuiteExecutor.java:153)\n\tat com.kms.katalon.core.main.TestSuiteExecutor.execute(TestSuiteExecutor.java:110)\n\tat com.kms.katalon.core.main.TestCaseMain.startTestSuite(TestCaseMain.java:206)\n\tat S0508_15.run(S0508_15.groovy:40)\n\tat java.base/jdk.internal.reflect.DirectMethodHandleAccessor.invoke(DirectMethodHandleAccessor.java:103)\nCaused by: com.kms.katalon.core.exception.IllegalTestObjectException: Object is null\n\tat com.kms.katalon.core.helper.KeywordHelper.checkTestObjectParameter(KeywordHelper.java:35)\n\tat com.kms.katalon.core.webui.keyword.builtin.ClickKeyword$_click_closure1.doCall(ClickKeyword.groovy:50)\n\tat java.base/jdk.internal.reflect.DirectMethodHandleAccessor.invoke(DirectMethodHandleAccessor.java:103)\n\tat jdk.proxy2/jdk.proxy2.$Proxy56.execute(Unknown Source)\n\tat com.kms.katalon.core.webui.model.SeleniumActionRetryController.performAction(SeleniumActionRetryController.java:96)\n\tat com.kms.katalon.core.webui.model.SeleniumActionRetryController.performAction(SeleniumActionRetryController.java:83)\n\tat com.kms.katalon.core.webui.keyword.internal.WebUIKeywordMain$_runKeywordUntilTimeout_closure1.doCall(WebUIKeywordMain.groovy:135)\n\tat com.kms.katalon.core.webui.keyword.internal.WebUIKeywordMain$_runKeywordUntilTimeout_closure1.call(WebUIKeywordMain.groovy)\n\tat com.kms.katalon.core.webui.keyword.internal.WebUIKeywordMain.runKeyword(WebUIKeywordMain.groovy:41)\n\tat com.kms.katalon.core.webui.keyword.internal.WebUIKeywordMain.runKeywordUntilTimeout(WebUIKeywordMain.groovy:133)\n\tat com.kms.katalon.core.webui.keyword.builtin.ClickKeyword.click(ClickKeyword.groovy:72)\n\tat com.kms.katalon.core.webui.keyword.builtin.ClickKeyword.execute(ClickKeyword.groovy:38)\n\tat com.kms.katalon.core.keyword.internal.KeywordExecutor.executeKeywordForPlatform(KeywordExecutor.groovy:99)\n\tat com.kms.katalon.core.webui.keyword.WebUiBuiltInKeywords.click(WebUiBuiltInKeywords.groovy:722)\n\tat Script1778218824889.run(Script1778218824889.groovy:40)\n\t... 15 more\n)
2026-05-08 13:29:39.766 ERROR c.k.katalon.core.main.TestCaseExecutor   - ❌ Test Cases/Register Verification/Regiester with invalid requirements FAILED.\nReason:\ncom.kms.katalon.core.exception.StepFailedException: Unable to click on object\n\tat com.kms.katalon.core.webui.keyword.internal.WebUIKeywordMain.stepFailed(WebUIKeywordMain.groovy:177)\n\tat com.kms.katalon.core.webui.keyword.internal.WebUIKeywordMain.runKeyword(WebUIKeywordMain.groovy:49)\n\tat com.kms.katalon.core.webui.keyword.internal.WebUIKeywordMain.runKeywordUntilTimeout(WebUIKeywordMain.groovy:133)\n\tat com.kms.katalon.core.webui.keyword.builtin.ClickKeyword.click(ClickKeyword.groovy:72)\n\tat com.kms.katalon.core.webui.keyword.builtin.ClickKeyword.execute(ClickKeyword.groovy:38)\n\tat com.kms.katalon.core.keyword.internal.KeywordExecutor.executeKeywordForPlatform(KeywordExecutor.groovy:99)\n\tat com.kms.katalon.core.webui.keyword.WebUiBuiltInKeywords.click(WebUiBuiltInKeywords.groovy:722)\n\tat Regiester with invalid requirements.run(Regiester with invalid requirements:40)\n\tat com.kms.katalon.core.main.ScriptEngine.run(ScriptEngine.java:203)\n\tat com.kms.katalon.core.main.ScriptEngine.runScriptAsRawText(ScriptEngine.java:115)\n\tat com.kms.katalon.core.main.TestCaseExecutor.runScript(TestCaseExecutor.java:504)\n\tat com.kms.katalon.core.main.TestCaseExecutor.doExecute(TestCaseExecutor.java:495)\n\tat com.kms.katalon.core.main.TestCaseExecutor.processExecutionPhase(TestCaseExecutor.java:474)\n\tat com.kms.katalon.core.main.TestCaseExecutor.accessMainPhase(TestCaseExecutor.java:466)\n\tat com.kms.katalon.core.main.TestCaseExecutor.execute(TestCaseExecutor.java:336)\n\tat com.kms.katalon.core.main.TestCaseExecutor.execute(TestCaseExecutor.java:424)\n\tat com.kms.katalon.core.main.TestCaseExecutor.execute(TestCaseExecutor.java:424)\n\tat com.kms.katalon.core.common.CommonExecutor.accessTestCaseMainPhase(CommonExecutor.java:71)\n\tat com.kms.katalon.core.main.TestSuiteExecutor.accessTestSuiteMainPhase(TestSuiteExecutor.java:153)\n\tat com.kms.katalon.core.main.TestSuiteExecutor.execute(TestSuiteExecutor.java:110)\n\tat com.kms.katalon.core.main.TestCaseMain.startTestSuite(TestCaseMain.java:206)\n\tat S0508_15.run(S0508_15.groovy:40)\n\tat java.base/jdk.internal.reflect.DirectMethodHandleAccessor.invoke(DirectMethodHandleAccessor.java:103)\nCaused by: com.kms.katalon.core.exception.IllegalTestObjectException: Object is null\n\tat com.kms.katalon.core.helper.KeywordHelper.checkTestObjectParameter(KeywordHelper.java:35)\n\tat com.kms.katalon.core.webui.keyword.builtin.ClickKeyword$_click_closure1.doCall(ClickKeyword.groovy:50)\n\tat java.base/jdk.internal.reflect.DirectMethodHandleAccessor.invoke(DirectMethodHandleAccessor.java:103)\n\tat jdk.proxy2/jdk.proxy2.$Proxy56.execute(Unknown Source)\n\tat com.kms.katalon.core.webui.model.SeleniumActionRetryController.performAction(SeleniumActionRetryController.java:96)\n\tat com.kms.katalon.core.webui.model.SeleniumActionRetryController.performAction(SeleniumActionRetryController.java:83)\n\tat com.kms.katalon.core.webui.keyword.internal.WebUIKeywordMain$_runKeywordUntilTimeout_closure1.doCall(WebUIKeywordMain.groovy:135)\n\tat com.kms.katalon.core.webui.keyword.internal.WebUIKeywordMain$_runKeywordUntilTimeout_closure1.call(WebUIKeywordMain.groovy)\n\tat com.kms.katalon.core.webui.keyword.internal.WebUIKeywordMain.runKeyword(WebUIKeywordMain.groovy:41)\n\t... 21 more\n
2026-05-08 13:29:39.768 INFO  c.k.katalon.core.main.TestCaseExecutor   - END Test Cases/Register Verification/Regiester with invalid requirements
2026-05-08 13:29:39.770 INFO  c.k.katalon.core.main.TestCaseExecutor   - --------------------
2026-05-08 13:29:39.770 INFO  c.k.katalon.core.main.TestCaseExecutor   - START Test Cases/Register Verification/Regiester with invalid requirements - Retry attempt 3
2026-05-08 13:29:39.781 DEBUG t.Regiester with invalid requirements    - 1: randomInvalidEmail = test$System.currentTimeMillis().com
2026-05-08 13:29:39.781 DEBUG t.Regiester with invalid requirements    - 2: firstNames = ["Fazza", "Lin", "Kai", "Zhen", "Alya"]
2026-05-08 13:29:39.781 DEBUG t.Regiester with invalid requirements    - 3: lastNames = ["Chen", "Wijaya", "Putra", "Li", "Santoso"]
2026-05-08 13:29:39.781 DEBUG t.Regiester with invalid requirements    - 4: randomFullName = $firstNames[new Random().nextInt(firstNames.size())] $lastNames[new Random().nextInt(lastNames.size())]
2026-05-08 13:29:39.781 DEBUG t.Regiester with invalid requirements    - 5: openBrowser("")
2026-05-08 13:29:39.782 WARN  c.k.k.core.webui.driver.DriverFactory    - A browser is already opened. Closing browser and opening a new one
2026-05-08 13:29:39.881 INFO  c.k.k.core.webui.driver.DriverFactory    - Starting 'Chrome' driver
2026-05-08 13:29:39.882 INFO  c.k.k.core.webui.driver.DriverFactory    - Action delay is set to 0 milliseconds
2026-05-08 13:29:40.669 DEBUG testcase.Login with SQL-Injection        - 5: setText(findTestObject("Login/password_field"), password)
2026-05-08 13:29:41.184 DEBUG testcase.Login with SQL-Injection        - 6: click(findTestObject("Login/btn_sign_in"), STOP_ON_FAILURE)
2026-05-08 13:29:41.455 DEBUG testcase.Login with SQL-Injection        - 7: click(findTestObject("Login/page_login"))
2026-05-08 13:29:41.605 INFO  c.k.k.core.webui.driver.DriverFactory    - sessionId = 5ae5eeb9f81c003fdaf5a205eb546a2c
2026-05-08 13:29:41.606 INFO  c.k.k.core.webui.driver.DriverFactory    - browser = Chrome 147.0.7727.138
2026-05-08 13:29:41.606 INFO  c.k.k.core.webui.driver.DriverFactory    - platform = Mac OS X
2026-05-08 13:29:41.606 INFO  c.k.k.core.webui.driver.DriverFactory    - seleniumVersion = 4.39.0
2026-05-08 13:29:41.606 INFO  c.k.k.core.webui.driver.DriverFactory    - proxyInformation = ProxyInformation { proxyOption=NO_PROXY, proxyServerType=HTTP, username=, password=********, proxyServerAddress=, proxyServerPort=0, executionList="", isApplyToDesiredCapabilities=true }
2026-05-08 13:29:41.616 DEBUG t.Regiester with invalid requirements    - 6: navigateToUrl("https://qwerty.abiyyu.xyz/")
2026-05-08 13:29:41.728 DEBUG testcase.Login with SQL-Injection        - 8: closeBrowser()
2026-05-08 13:29:41.830 INFO  c.k.katalon.core.main.TestCaseExecutor   - END Test Cases/Login Verification/Login with SQL-Injection
2026-05-08 13:29:41.837 INFO  c.k.katalon.core.main.TestCaseExecutor   - --------------------
2026-05-08 13:29:41.837 INFO  c.k.katalon.core.main.TestCaseExecutor   - START Test Cases/Login Verification/Login with SQL-Injection
2026-05-08 13:29:41.842 INFO  c.k.katalon.core.main.TestCaseExecutor   - email =  OR 1=1 --
2026-05-08 13:29:41.842 INFO  c.k.katalon.core.main.TestCaseExecutor   - password = (bebas)
2026-05-08 13:29:41.844 DEBUG testcase.Login with SQL-Injection        - 1: openBrowser("")
2026-05-08 13:29:41.845 INFO  c.k.k.core.webui.driver.DriverFactory    - Starting 'Chrome' driver
2026-05-08 13:29:41.846 INFO  c.k.k.core.webui.driver.DriverFactory    - Action delay is set to 0 milliseconds
2026-05-08 13:29:42.489 DEBUG t.Regiester with invalid requirements    - 7: click(findTestObject("Register/icon_sign_up"))
2026-05-08 13:29:43.675 INFO  c.k.k.core.webui.driver.DriverFactory    - sessionId = e17bf46392c7c4c3a727cc85c3d0222e
2026-05-08 13:29:43.676 INFO  c.k.k.core.webui.driver.DriverFactory    - browser = Chrome 147.0.7727.138
2026-05-08 13:29:43.677 INFO  c.k.k.core.webui.driver.DriverFactory    - platform = Mac OS X
2026-05-08 13:29:43.677 INFO  c.k.k.core.webui.driver.DriverFactory    - seleniumVersion = 4.39.0
2026-05-08 13:29:43.678 INFO  c.k.k.core.webui.driver.DriverFactory    - proxyInformation = ProxyInformation { proxyOption=NO_PROXY, proxyServerType=HTTP, username=, password=********, proxyServerAddress=, proxyServerPort=0, executionList="", isApplyToDesiredCapabilities=true }
2026-05-08 13:29:43.688 DEBUG testcase.Login with SQL-Injection        - 2: navigateToUrl("https://qwerty.abiyyu.xyz/")
2026-05-08 13:29:43.697 DEBUG t.Regiester with invalid requirements    - 8: setText(findTestObject("Register/full_name_field"), randomFullName)
2026-05-08 13:29:44.161 DEBUG testcase.Login with SQL-Injection        - 3: click(findTestObject("Login/icon_sign_in"))
2026-05-08 13:29:45.123 DEBUG testcase.Login with SQL-Injection        - 4: setText(findTestObject("Login/email_field"), email)
2026-05-08 13:29:44.756 DEBUG t.Regiester with invalid requirements    - 9: setText(findTestObject("Register/email_field"), randomInvalidEmail)
2026-05-08 13:29:45.284 DEBUG t.Regiester with invalid requirements    - 10: setEncryptedText(findTestObject("Register/password_field"), "f7IgQFd4qQo=")
2026-05-08 13:29:45.568 DEBUG t.Regiester with invalid requirements    - 11: click(findTestObject("Register/Regiester with invalid requirements/Page_QWERTY E-Commerce/btn_create_account"))
2026-05-08 13:29:45.569 WARN  c.k.k.core.testobject.ObjectRepository   - Test object with id 'Object Repository/Register/Regiester with invalid requirements/Page_QWERTY E-Commerce/btn_create_account' does not exist
2026-05-08 13:29:45.569 WARN  c.k.k.core.testobject.ObjectRepository   - Test object with id 'Object Repository/' does not exist
2026-05-08 13:29:45.700 ERROR c.k.k.core.keyword.internal.KeywordMain  - ❌ Unable to click on object (Root cause: com.kms.katalon.core.exception.StepFailedException: Unable to click on object\n\tat com.kms.katalon.core.webui.keyword.internal.WebUIKeywordMain.stepFailed(WebUIKeywordMain.groovy:177)\n\tat com.kms.katalon.core.webui.keyword.internal.WebUIKeywordMain.runKeyword(WebUIKeywordMain.groovy:49)\n\tat com.kms.katalon.core.webui.keyword.internal.WebUIKeywordMain.runKeywordUntilTimeout(WebUIKeywordMain.groovy:133)\n\tat com.kms.katalon.core.webui.keyword.builtin.ClickKeyword.click(ClickKeyword.groovy:72)\n\tat com.kms.katalon.core.webui.keyword.builtin.ClickKeyword.execute(ClickKeyword.groovy:38)\n\tat com.kms.katalon.core.keyword.internal.KeywordExecutor.executeKeywordForPlatform(KeywordExecutor.groovy:99)\n\tat com.kms.katalon.core.webui.keyword.WebUiBuiltInKeywords.click(WebUiBuiltInKeywords.groovy:722)\n\tat Regiester with invalid requirements.run(Regiester with invalid requirements:40)\n\tat com.kms.katalon.core.main.ScriptEngine.run(ScriptEngine.java:203)\n\tat com.kms.katalon.core.main.ScriptEngine.runScriptAsRawText(ScriptEngine.java:115)\n\tat com.kms.katalon.core.main.TestCaseExecutor.runScript(TestCaseExecutor.java:504)\n\tat com.kms.katalon.core.main.TestCaseExecutor.doExecute(TestCaseExecutor.java:495)\n\tat com.kms.katalon.core.main.TestCaseExecutor.processExecutionPhase(TestCaseExecutor.java:474)\n\tat com.kms.katalon.core.main.TestCaseExecutor.accessMainPhase(TestCaseExecutor.java:466)\n\tat com.kms.katalon.core.main.TestCaseExecutor.execute(TestCaseExecutor.java:336)\n\tat com.kms.katalon.core.main.TestCaseExecutor.execute(TestCaseExecutor.java:424)\n\tat com.kms.katalon.core.main.TestCaseExecutor.execute(TestCaseExecutor.java:424)\n\tat com.kms.katalon.core.main.TestCaseExecutor.execute(TestCaseExecutor.java:424)\n\tat com.kms.katalon.core.common.CommonExecutor.accessTestCaseMainPhase(CommonExecutor.java:71)\n\tat com.kms.katalon.core.main.TestSuiteExecutor.accessTestSuiteMainPhase(TestSuiteExecutor.java:153)\n\tat com.kms.katalon.core.main.TestSuiteExecutor.execute(TestSuiteExecutor.java:110)\n\tat com.kms.katalon.core.main.TestCaseMain.startTestSuite(TestCaseMain.java:206)\n\tat S0508_15.run(S0508_15.groovy:40)\n\tat java.base/jdk.internal.reflect.DirectMethodHandleAccessor.invoke(DirectMethodHandleAccessor.java:103)\nCaused by: com.kms.katalon.core.exception.IllegalTestObjectException: Object is null\n\tat com.kms.katalon.core.helper.KeywordHelper.checkTestObjectParameter(KeywordHelper.java:35)\n\tat com.kms.katalon.core.webui.keyword.builtin.ClickKeyword$_click_closure1.doCall(ClickKeyword.groovy:50)\n\tat java.base/jdk.internal.reflect.DirectMethodHandleAccessor.invoke(DirectMethodHandleAccessor.java:103)\n\tat jdk.proxy2/jdk.proxy2.$Proxy56.execute(Unknown Source)\n\tat com.kms.katalon.core.webui.model.SeleniumActionRetryController.performAction(SeleniumActionRetryController.java:96)\n\tat com.kms.katalon.core.webui.model.SeleniumActionRetryController.performAction(SeleniumActionRetryController.java:83)\n\tat com.kms.katalon.core.webui.keyword.internal.WebUIKeywordMain$_runKeywordUntilTimeout_closure1.doCall(WebUIKeywordMain.groovy:135)\n\tat com.kms.katalon.core.webui.keyword.internal.WebUIKeywordMain$_runKeywordUntilTimeout_closure1.call(WebUIKeywordMain.groovy)\n\tat com.kms.katalon.core.webui.keyword.internal.WebUIKeywordMain.runKeyword(WebUIKeywordMain.groovy:41)\n\tat com.kms.katalon.core.webui.keyword.internal.WebUIKeywordMain.runKeywordUntilTimeout(WebUIKeywordMain.groovy:133)\n\tat com.kms.katalon.core.webui.keyword.builtin.ClickKeyword.click(ClickKeyword.groovy:72)\n\tat com.kms.katalon.core.webui.keyword.builtin.ClickKeyword.execute(ClickKeyword.groovy:38)\n\tat com.kms.katalon.core.keyword.internal.KeywordExecutor.executeKeywordForPlatform(KeywordExecutor.groovy:99)\n\tat com.kms.katalon.core.webui.keyword.WebUiBuiltInKeywords.click(WebUiBuiltInKeywords.groovy:722)\n\tat Script1778218824889.run(Script1778218824889.groovy:40)\n\t... 16 more\n)
2026-05-08 13:29:45.701 ERROR c.k.katalon.core.main.TestCaseExecutor   - ❌ Test Cases/Register Verification/Regiester with invalid requirements FAILED.\nReason:\ncom.kms.katalon.core.exception.StepFailedException: Unable to click on object\n\tat com.kms.katalon.core.webui.keyword.internal.WebUIKeywordMain.stepFailed(WebUIKeywordMain.groovy:177)\n\tat com.kms.katalon.core.webui.keyword.internal.WebUIKeywordMain.runKeyword(WebUIKeywordMain.groovy:49)\n\tat com.kms.katalon.core.webui.keyword.internal.WebUIKeywordMain.runKeywordUntilTimeout(WebUIKeywordMain.groovy:133)\n\tat com.kms.katalon.core.webui.keyword.builtin.ClickKeyword.click(ClickKeyword.groovy:72)\n\tat com.kms.katalon.core.webui.keyword.builtin.ClickKeyword.execute(ClickKeyword.groovy:38)\n\tat com.kms.katalon.core.keyword.internal.KeywordExecutor.executeKeywordForPlatform(KeywordExecutor.groovy:99)\n\tat com.kms.katalon.core.webui.keyword.WebUiBuiltInKeywords.click(WebUiBuiltInKeywords.groovy:722)\n\tat Regiester with invalid requirements.run(Regiester with invalid requirements:40)\n\tat com.kms.katalon.core.main.ScriptEngine.run(ScriptEngine.java:203)\n\tat com.kms.katalon.core.main.ScriptEngine.runScriptAsRawText(ScriptEngine.java:115)\n\tat com.kms.katalon.core.main.TestCaseExecutor.runScript(TestCaseExecutor.java:504)\n\tat com.kms.katalon.core.main.TestCaseExecutor.doExecute(TestCaseExecutor.java:495)\n\tat com.kms.katalon.core.main.TestCaseExecutor.processExecutionPhase(TestCaseExecutor.java:474)\n\tat com.kms.katalon.core.main.TestCaseExecutor.accessMainPhase(TestCaseExecutor.java:466)\n\tat com.kms.katalon.core.main.TestCaseExecutor.execute(TestCaseExecutor.java:336)\n\tat com.kms.katalon.core.main.TestCaseExecutor.execute(TestCaseExecutor.java:424)\n\tat com.kms.katalon.core.main.TestCaseExecutor.execute(TestCaseExecutor.java:424)\n\tat com.kms.katalon.core.main.TestCaseExecutor.execute(TestCaseExecutor.java:424)\n\tat com.kms.katalon.core.common.CommonExecutor.accessTestCaseMainPhase(CommonExecutor.java:71)\n\tat com.kms.katalon.core.main.TestSuiteExecutor.accessTestSuiteMainPhase(TestSuiteExecutor.java:153)\n\tat com.kms.katalon.core.main.TestSuiteExecutor.execute(TestSuiteExecutor.java:110)\n\tat com.kms.katalon.core.main.TestCaseMain.startTestSuite(TestCaseMain.java:206)\n\tat S0508_15.run(S0508_15.groovy:40)\n\tat java.base/jdk.internal.reflect.DirectMethodHandleAccessor.invoke(DirectMethodHandleAccessor.java:103)\nCaused by: com.kms.katalon.core.exception.IllegalTestObjectException: Object is null\n\tat com.kms.katalon.core.helper.KeywordHelper.checkTestObjectParameter(KeywordHelper.java:35)\n\tat com.kms.katalon.core.webui.keyword.builtin.ClickKeyword$_click_closure1.doCall(ClickKeyword.groovy:50)\n\tat java.base/jdk.internal.reflect.DirectMethodHandleAccessor.invoke(DirectMethodHandleAccessor.java:103)\n\tat jdk.proxy2/jdk.proxy2.$Proxy56.execute(Unknown Source)\n\tat com.kms.katalon.core.webui.model.SeleniumActionRetryController.performAction(SeleniumActionRetryController.java:96)\n\tat com.kms.katalon.core.webui.model.SeleniumActionRetryController.performAction(SeleniumActionRetryController.java:83)\n\tat com.kms.katalon.core.webui.keyword.internal.WebUIKeywordMain$_runKeywordUntilTimeout_closure1.doCall(WebUIKeywordMain.groovy:135)\n\tat com.kms.katalon.core.webui.keyword.internal.WebUIKeywordMain$_runKeywordUntilTimeout_closure1.call(WebUIKeywordMain.groovy)\n\tat com.kms.katalon.core.webui.keyword.internal.WebUIKeywordMain.runKeyword(WebUIKeywordMain.groovy:41)\n\t... 22 more\n
2026-05-08 13:29:45.702 INFO  c.k.katalon.core.main.TestCaseExecutor   - END Test Cases/Register Verification/Regiester with invalid requirements
2026-05-08 13:29:45.819 INFO  c.k.katalon.core.main.TestSuiteExecutor  - --------------------
2026-05-08 13:29:45.819 INFO  c.k.katalon.core.main.TestSuiteExecutor  - END Test Suites/Register
2026-05-08 13:29:45.819 INFO  c.k.katalon.core.main.TestSuiteExecutor  - ====================
