2026-05-07 11:41:11.676 INFO  c.k.k.c.l.logback.LogbackConfigurator    - Logback default configuration initialized from: /Applications/Katalon Studio.app/Contents/Eclipse/configuration/org.eclipse.osgi/150/0/.cp/resources/logback/logback-execution.xml
2026-05-07 11:41:11.677 INFO  c.k.k.c.l.logback.LogbackConfigurator    - Logback custom configuration initialized from: /Users/fazza_abiyyu/Documents/Projects/Hobby/KATALON_QWERTY/Include/config/log.properties
2026-05-07 11:41:11.901 INFO  c.k.katalon.core.main.TestSuiteExecutor  - START Test Suites/Login
2026-05-07 11:41:11.930 INFO  c.k.katalon.core.main.TestSuiteExecutor  - userFullName = Muhammad Faza Abiyyu
2026-05-07 11:41:11.930 INFO  c.k.katalon.core.main.TestSuiteExecutor  - projectName = KATALON_QWERTY
2026-05-07 11:41:11.930 INFO  c.k.katalon.core.main.TestSuiteExecutor  - hostName = fazza_abiyyu - 192.168.18.56
2026-05-07 11:41:11.931 INFO  c.k.katalon.core.main.TestSuiteExecutor  - os = Mac OS X 64bit
2026-05-07 11:41:11.931 INFO  c.k.katalon.core.main.TestSuiteExecutor  - hostAddress = 192.168.18.56
2026-05-07 11:41:11.931 INFO  c.k.katalon.core.main.TestSuiteExecutor  - katalonVersion = 11.1.2.0
2026-05-07 11:41:11.970 INFO  c.k.katalon.core.main.TestCaseExecutor   - --------------------
2026-05-07 11:41:11.971 INFO  c.k.katalon.core.main.TestCaseExecutor   - START Test Cases/Login Verification/Login with empty input
2026-05-07 11:41:12.062 DEBUG testcase.Login with empty input          - 1: openBrowser("")
2026-05-07 11:41:12.135 INFO  c.k.k.core.webui.driver.DriverFactory    - Starting 'Chrome' driver
2026-05-07 11:41:12.148 INFO  c.k.k.core.webui.driver.DriverFactory    - Action delay is set to 0 milliseconds
2026-05-07 11:41:14.404 INFO  c.k.k.core.webui.driver.DriverFactory    - sessionId = 4074db198130b93f8282de48ea16ccab
2026-05-07 11:41:14.405 INFO  c.k.k.core.webui.driver.DriverFactory    - browser = Chrome 147.0.7727.138
2026-05-07 11:41:14.405 INFO  c.k.k.core.webui.driver.DriverFactory    - platform = Mac OS X
2026-05-07 11:41:14.405 INFO  c.k.k.core.webui.driver.DriverFactory    - seleniumVersion = 4.39.0
2026-05-07 11:41:14.407 INFO  c.k.k.core.webui.driver.DriverFactory    - proxyInformation = ProxyInformation { proxyOption=NO_PROXY, proxyServerType=HTTP, username=, password=********, proxyServerAddress=, proxyServerPort=0, executionList="", isApplyToDesiredCapabilities=true }
2026-05-07 11:41:14.418 DEBUG testcase.Login with empty input          - 2: navigateToUrl("https://qwerty.abiyyu.xyz/")
2026-05-07 11:41:15.091 DEBUG testcase.Login with empty input          - 3: click(findTestObject("Login with empty input/Page_QWERTY E-Commerce/icon_sign_in"))
2026-05-07 11:41:16.395 DEBUG testcase.Login with empty input          - 4: click(findTestObject("Login with empty input/Page_QWERTY E-Commerce/email_field"))
2026-05-07 11:41:17.188 DEBUG testcase.Login with empty input          - 5: click(findTestObject("Login with empty input/Page_QWERTY E-Commerce/password_field"))
2026-05-07 11:41:17.443 DEBUG testcase.Login with empty input          - 6: click(findTestObject("Login with empty input/Page_QWERTY E-Commerce/btn_sign_in"))
2026-05-07 11:41:17.692 DEBUG testcase.Login with empty input          - 7: click(findTestObject("Login with empty input/Page_QWERTY E-Commerce/page_login"))
2026-05-07 11:41:17.952 DEBUG testcase.Login with empty input          - 8: closeBrowser()
2026-05-07 11:41:18.047 INFO  c.k.katalon.core.main.TestCaseExecutor   - END Test Cases/Login Verification/Login with empty input
2026-05-07 11:41:18.050 INFO  c.k.katalon.core.main.TestCaseExecutor   - --------------------
2026-05-07 11:41:18.050 INFO  c.k.katalon.core.main.TestCaseExecutor   - START Test Cases/Login Verification/Login with SQL-Injection
2026-05-07 11:41:18.079 DEBUG testcase.Login with SQL-Injection        - 1: openBrowser("")
2026-05-07 11:41:18.080 INFO  c.k.k.core.webui.driver.DriverFactory    - Starting 'Chrome' driver
2026-05-07 11:41:18.081 INFO  c.k.k.core.webui.driver.DriverFactory    - Action delay is set to 0 milliseconds
2026-05-07 11:41:19.082 INFO  c.k.k.core.webui.driver.DriverFactory    - sessionId = d68605f729e424260ceb57cc74534f8a
2026-05-07 11:41:19.082 INFO  c.k.k.core.webui.driver.DriverFactory    - browser = Chrome 147.0.7727.138
2026-05-07 11:41:19.082 INFO  c.k.k.core.webui.driver.DriverFactory    - platform = Mac OS X
2026-05-07 11:41:19.082 INFO  c.k.k.core.webui.driver.DriverFactory    - seleniumVersion = 4.39.0
2026-05-07 11:41:19.082 INFO  c.k.k.core.webui.driver.DriverFactory    - proxyInformation = ProxyInformation { proxyOption=NO_PROXY, proxyServerType=HTTP, username=, password=********, proxyServerAddress=, proxyServerPort=0, executionList="", isApplyToDesiredCapabilities=true }
2026-05-07 11:41:19.088 DEBUG testcase.Login with SQL-Injection        - 2: navigateToUrl("https://qwerty.abiyyu.xyz/")
2026-05-07 11:41:20.253 DEBUG testcase.Login with SQL-Injection        - 3: click(findTestObject("Login with SQL-Injection/Page_QWERTY E-Commerce/icon_sign_in"))
2026-05-07 11:41:20.819 DEBUG testcase.Login with SQL-Injection        - 4: setText(findTestObject("Login with SQL-Injection/Page_QWERTY E-Commerce/email_field"), "' OR '1'='1")
2026-05-07 11:41:21.937 DEBUG testcase.Login with SQL-Injection        - 5: setEncryptedText(findTestObject("Login with SQL-Injection/Page_QWERTY E-Commerce/password_field"), "Xxl7BQJ3OEM=")
2026-05-07 11:41:22.197 DEBUG testcase.Login with SQL-Injection        - 6: click(findTestObject("Login with SQL-Injection/Page_QWERTY E-Commerce/btn_sign_in"), STOP_ON_FAILURE)
2026-05-07 11:41:22.459 DEBUG testcase.Login with SQL-Injection        - 7: click(findTestObject("Login with SQL-Injection/Page_QWERTY E-Commerce/page_login"))
2026-05-07 11:41:22.715 DEBUG testcase.Login with SQL-Injection        - 8: closeBrowser()
2026-05-07 11:41:22.803 INFO  c.k.katalon.core.main.TestCaseExecutor   - END Test Cases/Login Verification/Login with SQL-Injection
2026-05-07 11:41:22.805 INFO  c.k.katalon.core.main.TestCaseExecutor   - --------------------
2026-05-07 11:41:22.805 INFO  c.k.katalon.core.main.TestCaseExecutor   - START Test Cases/Login Verification/Login with valid credentials
2026-05-07 11:41:22.819 DEBUG testcase.Login with valid credentials    - 1: openBrowser("")
2026-05-07 11:41:22.820 INFO  c.k.k.core.webui.driver.DriverFactory    - Starting 'Chrome' driver
2026-05-07 11:41:22.821 INFO  c.k.k.core.webui.driver.DriverFactory    - Action delay is set to 0 milliseconds
2026-05-07 11:41:23.729 INFO  c.k.k.core.webui.driver.DriverFactory    - sessionId = 9ae8aff5502b476b9163322042564777
2026-05-07 11:41:23.729 INFO  c.k.k.core.webui.driver.DriverFactory    - browser = Chrome 147.0.7727.138
2026-05-07 11:41:23.730 INFO  c.k.k.core.webui.driver.DriverFactory    - platform = Mac OS X
2026-05-07 11:41:23.730 INFO  c.k.k.core.webui.driver.DriverFactory    - seleniumVersion = 4.39.0
2026-05-07 11:41:23.730 INFO  c.k.k.core.webui.driver.DriverFactory    - proxyInformation = ProxyInformation { proxyOption=NO_PROXY, proxyServerType=HTTP, username=, password=********, proxyServerAddress=, proxyServerPort=0, executionList="", isApplyToDesiredCapabilities=true }
2026-05-07 11:41:23.736 DEBUG testcase.Login with valid credentials    - 2: navigateToUrl("https://qwerty.abiyyu.xyz/")
2026-05-07 11:41:24.756 DEBUG testcase.Login with valid credentials    - 3: click(findTestObject("Login with valid credentials/Page_QWERTY E-Commerce/icon_sign_in"))
2026-05-07 11:41:25.428 DEBUG testcase.Login with valid credentials    - 4: setText(findTestObject("Login with valid credentials/Page_QWERTY E-Commerce/email_field"), "test01@qwerty.com")
2026-05-07 11:41:26.514 DEBUG testcase.Login with valid credentials    - 5: setEncryptedText(findTestObject("Login with valid credentials/Page_QWERTY E-Commerce/password_field"), "WCS5/Cu8kbiZEC9y72YjlQ==")
2026-05-07 11:41:26.774 DEBUG testcase.Login with valid credentials    - 6: click(findTestObject("Login with valid credentials/Page_QWERTY E-Commerce/btn_sign_in"))
2026-05-07 11:41:27.041 DEBUG testcase.Login with valid credentials    - 7: click(findTestObject("Login with valid credentials/Page_QWERTY E-Commerce/box_icon_profile"))
2026-05-07 11:41:37.350 WARN  c.k.k.c.w.c.i.SelfHealingController      - The current locator of test object 'Object Repository/Login with valid credentials/Page_QWERTY E-Commerce/box_icon_profile' was broken. Propose an alternative one: '//a[contains(@href, '/cart')]'.
2026-05-07 11:41:37.353 WARN  c.k.k.c.w.keyword.builtin.ClickKeyword   - Waiting for element timed out
2026-05-07 11:41:37.376 DEBUG testcase.Login with valid credentials    - 8: closeBrowser()
2026-05-07 11:41:37.471 INFO  c.k.katalon.core.main.TestCaseExecutor   - END Test Cases/Login Verification/Login with valid credentials
2026-05-07 11:41:37.472 INFO  c.k.katalon.core.main.TestCaseExecutor   - 
2026-05-07 11:41:37.472 INFO  c.k.katalon.core.main.TestCaseExecutor   - ===================== Self-healing Report ====================
2026-05-07 11:41:37.472 INFO  c.k.katalon.core.main.TestCaseExecutor   - One of the failed test object locators has been recovered by Self-healing. Please refer to the Self-healing Insights tab for more details.
2026-05-07 11:41:37.472 INFO  c.k.katalon.core.main.TestCaseExecutor   - To learn more about Self-healing, please read https://docs.katalon.com/katalon-studio/maintain-tests/self-healing-tests-in-katalon-studio
2026-05-07 11:41:37.472 INFO  c.k.katalon.core.main.TestCaseExecutor   - ==============================================================
2026-05-07 11:41:37.475 INFO  c.k.katalon.core.main.TestCaseExecutor   - --------------------
2026-05-07 11:41:37.475 INFO  c.k.katalon.core.main.TestCaseExecutor   - START Test Cases/Login Verification/Login with unregistered email
2026-05-07 11:41:37.489 DEBUG testcase.Login with unregistered email   - 1: openBrowser("")
2026-05-07 11:41:37.490 INFO  c.k.k.core.webui.driver.DriverFactory    - Starting 'Chrome' driver
2026-05-07 11:41:37.491 INFO  c.k.k.core.webui.driver.DriverFactory    - Action delay is set to 0 milliseconds
2026-05-07 11:41:38.520 INFO  c.k.k.core.webui.driver.DriverFactory    - sessionId = 02a8115454729fe2269d072b9069714f
2026-05-07 11:41:38.520 INFO  c.k.k.core.webui.driver.DriverFactory    - browser = Chrome 147.0.7727.138
2026-05-07 11:41:38.521 INFO  c.k.k.core.webui.driver.DriverFactory    - platform = Mac OS X
2026-05-07 11:41:38.521 INFO  c.k.k.core.webui.driver.DriverFactory    - seleniumVersion = 4.39.0
2026-05-07 11:41:38.521 INFO  c.k.k.core.webui.driver.DriverFactory    - proxyInformation = ProxyInformation { proxyOption=NO_PROXY, proxyServerType=HTTP, username=, password=********, proxyServerAddress=, proxyServerPort=0, executionList="", isApplyToDesiredCapabilities=true }
2026-05-07 11:41:38.526 DEBUG testcase.Login with unregistered email   - 2: navigateToUrl("https://qwerty.abiyyu.xyz/")
2026-05-07 11:41:39.651 DEBUG testcase.Login with unregistered email   - 3: click(findTestObject("Login with unregistered email/Page_QWERTY E-Commerce/icon_sign_in"))
2026-05-07 11:41:40.328 DEBUG testcase.Login with unregistered email   - 4: setText(findTestObject("Login with unregistered email/Page_QWERTY E-Commerce/email_field"), "invalid@qwerty.com")
2026-05-07 11:41:41.417 DEBUG testcase.Login with unregistered email   - 5: setEncryptedText(findTestObject("Login with unregistered email/Page_QWERTY E-Commerce/password_field"), "0j+fvehbvZQ=")
2026-05-07 11:41:41.679 DEBUG testcase.Login with unregistered email   - 6: click(findTestObject("Login with unregistered email/Page_QWERTY E-Commerce/btn_sign_in"))
2026-05-07 11:41:41.938 DEBUG testcase.Login with unregistered email   - 7: click(findTestObject("Login with unregistered email/Page_QWERTY E-Commerce/msg_invalid_email_or_password"))
2026-05-07 11:41:42.836 DEBUG testcase.Login with unregistered email   - 8: closeBrowser()
2026-05-07 11:41:42.919 INFO  c.k.katalon.core.main.TestCaseExecutor   - END Test Cases/Login Verification/Login with unregistered email
2026-05-07 11:41:42.921 INFO  c.k.katalon.core.main.TestCaseExecutor   - --------------------
2026-05-07 11:41:42.921 INFO  c.k.katalon.core.main.TestCaseExecutor   - START Test Cases/Login Verification/Login with invalid credentials
2026-05-07 11:41:42.934 DEBUG t.Login with invalid credentials         - 1: openBrowser("")
2026-05-07 11:41:42.935 INFO  c.k.k.core.webui.driver.DriverFactory    - Starting 'Chrome' driver
2026-05-07 11:41:42.935 INFO  c.k.k.core.webui.driver.DriverFactory    - Action delay is set to 0 milliseconds
2026-05-07 11:41:43.803 INFO  c.k.k.core.webui.driver.DriverFactory    - sessionId = 6425d01411f20a5fb08098a4691555f5
2026-05-07 11:41:43.803 INFO  c.k.k.core.webui.driver.DriverFactory    - browser = Chrome 147.0.7727.138
2026-05-07 11:41:43.803 INFO  c.k.k.core.webui.driver.DriverFactory    - platform = Mac OS X
2026-05-07 11:41:43.803 INFO  c.k.k.core.webui.driver.DriverFactory    - seleniumVersion = 4.39.0
2026-05-07 11:41:43.804 INFO  c.k.k.core.webui.driver.DriverFactory    - proxyInformation = ProxyInformation { proxyOption=NO_PROXY, proxyServerType=HTTP, username=, password=********, proxyServerAddress=, proxyServerPort=0, executionList="", isApplyToDesiredCapabilities=true }
2026-05-07 11:41:43.808 DEBUG t.Login with invalid credentials         - 2: navigateToUrl("https://qwerty.abiyyu.xyz/")
2026-05-07 11:41:45.095 DEBUG t.Login with invalid credentials         - 3: click(findTestObject("Login with invalid credentials/Page_QWERTY E-Commerce/icon_sign_in"))
2026-05-07 11:41:45.661 DEBUG t.Login with invalid credentials         - 4: setText(findTestObject("Login with invalid credentials/Page_QWERTY E-Commerce/email_field"), "test01@qwerty.com")
2026-05-07 11:41:46.751 DEBUG t.Login with invalid credentials         - 5: setEncryptedText(findTestObject("Login with invalid credentials/Page_QWERTY E-Commerce/password_field"), "+VpA84TBHIYWmKVJ5trBSA==")
2026-05-07 11:41:47.011 DEBUG t.Login with invalid credentials         - 6: click(findTestObject("Login with invalid credentials/Page_QWERTY E-Commerce/btn_sign_in"))
2026-05-07 11:41:47.269 DEBUG t.Login with invalid credentials         - 7: click(findTestObject("Login with invalid credentials/Page_QWERTY E-Commerce/msg_invalid_email_or_password"))
2026-05-07 11:41:48.162 DEBUG t.Login with invalid credentials         - 8: closeBrowser()
2026-05-07 11:41:48.244 INFO  c.k.katalon.core.main.TestCaseExecutor   - END Test Cases/Login Verification/Login with invalid credentials
2026-05-07 11:41:48.253 INFO  c.k.katalon.core.main.TestSuiteExecutor  - --------------------
2026-05-07 11:41:48.253 INFO  c.k.katalon.core.main.TestSuiteExecutor  - END Test Suites/Login
2026-05-07 11:41:48.253 INFO  c.k.katalon.core.main.TestSuiteExecutor  - ====================
