2026-05-08 13:24:12.800 INFO  c.k.k.c.l.logback.LogbackConfigurator    - Logback default configuration initialized from: /Applications/Katalon Studio.app/Contents/Eclipse/configuration/org.eclipse.osgi/150/0/.cp/resources/logback/logback-execution.xml
2026-05-08 13:24:12.803 INFO  c.k.k.c.l.logback.LogbackConfigurator    - Logback custom configuration initialized from: /Users/fazza_abiyyu/Documents/Projects/Hobby/KATALON_QWERTY/Include/config/log.properties
2026-05-08 13:24:12.834 INFO  c.k.k.c.l.logback.LogbackConfigurator    - Logback default configuration initialized from: /Applications/Katalon Studio.app/Contents/Eclipse/configuration/org.eclipse.osgi/150/0/.cp/resources/logback/logback-execution.xml
2026-05-08 13:24:12.837 INFO  c.k.k.c.l.logback.LogbackConfigurator    - Logback custom configuration initialized from: /Users/fazza_abiyyu/Documents/Projects/Hobby/KATALON_QWERTY/Include/config/log.properties
2026-05-08 13:24:13.300 INFO  c.k.katalon.core.main.TestSuiteExecutor  - START Test Suites/Register
2026-05-08 13:24:13.362 INFO  c.k.katalon.core.main.TestSuiteExecutor  - userFullName = Muhammad Faza Abiyyu
2026-05-08 13:24:13.363 INFO  c.k.katalon.core.main.TestSuiteExecutor  - projectName = KATALON_QWERTY
2026-05-08 13:24:13.364 INFO  c.k.katalon.core.main.TestSuiteExecutor  - hostName = fazza_abiyyu - 192.168.18.51
2026-05-08 13:24:13.365 INFO  c.k.katalon.core.main.TestSuiteExecutor  - os = Mac OS X 64bit
2026-05-08 13:24:13.365 INFO  c.k.katalon.core.main.TestSuiteExecutor  - hostAddress = 192.168.18.51
2026-05-08 13:24:13.366 INFO  c.k.katalon.core.main.TestSuiteExecutor  - katalonVersion = 11.1.2.0
2026-05-08 13:24:13.510 INFO  c.k.katalon.core.main.TestCaseExecutor   - --------------------
2026-05-08 13:24:13.510 INFO  c.k.katalon.core.main.TestCaseExecutor   - START Test Cases/Register Verification/Register with email exists
2026-05-08 13:24:13.559 INFO  c.k.katalon.core.main.TestCaseExecutor   - email = test01@qwerty.com
2026-05-08 13:24:13.560 INFO  c.k.katalon.core.main.TestCaseExecutor   - password = User@001
2026-05-08 13:24:13.330 INFO  c.k.katalon.core.main.TestSuiteExecutor  - START Test Suites/Login
2026-05-08 13:24:13.393 INFO  c.k.katalon.core.main.TestSuiteExecutor  - userFullName = Muhammad Faza Abiyyu
2026-05-08 13:24:13.394 INFO  c.k.katalon.core.main.TestSuiteExecutor  - projectName = KATALON_QWERTY
2026-05-08 13:24:13.395 INFO  c.k.katalon.core.main.TestSuiteExecutor  - hostName = fazza_abiyyu - 192.168.18.51
2026-05-08 13:24:13.396 INFO  c.k.katalon.core.main.TestSuiteExecutor  - os = Mac OS X 64bit
2026-05-08 13:24:13.396 INFO  c.k.katalon.core.main.TestSuiteExecutor  - hostAddress = 192.168.18.51
2026-05-08 13:24:13.397 INFO  c.k.katalon.core.main.TestSuiteExecutor  - katalonVersion = 11.1.2.0
2026-05-08 13:24:13.552 INFO  c.k.katalon.core.main.TestCaseExecutor   - --------------------
2026-05-08 13:24:13.552 INFO  c.k.katalon.core.main.TestCaseExecutor   - START Test Cases/Login Verification/Login with valid credentials
2026-05-08 13:24:13.587 INFO  c.k.katalon.core.main.TestCaseExecutor   - email = test01@qwerty.com
2026-05-08 13:24:13.588 INFO  c.k.katalon.core.main.TestCaseExecutor   - password = User@001
2026-05-08 13:24:13.866 DEBUG testcase.Register with email exists      - 1: firstNames = ["Fazza", "Lin", "Kai", "Zhen", "Alya"]
2026-05-08 13:24:13.868 DEBUG testcase.Register with email exists      - 2: lastNames = ["Chen", "Wijaya", "Putra", "Li", "Santoso"]
2026-05-08 13:24:13.871 DEBUG testcase.Register with email exists      - 3: randomFullName = $firstNames[new Random().nextInt(firstNames.size())] $lastNames[new Random().nextInt(lastNames.size())]
2026-05-08 13:24:13.885 DEBUG testcase.Register with email exists      - 4: openBrowser("")
2026-05-08 13:24:14.088 INFO  c.k.k.core.webui.driver.DriverFactory    - Starting 'Chrome' driver
2026-05-08 13:24:13.866 DEBUG testcase.Register with email exists      - 1: firstNames = ["Fazza", "Lin", "Kai", "Zhen", "Alya"]
2026-05-08 13:24:13.868 DEBUG testcase.Register with email exists      - 2: lastNames = ["Chen", "Wijaya", "Putra", "Li", "Santoso"]
2026-05-08 13:24:13.871 DEBUG testcase.Register with email exists      - 3: randomFullName = $firstNames[new Random().nextInt(firstNames.size())] $lastNames[new Random().nextInt(lastNames.size())]
2026-05-08 13:24:13.885 DEBUG testcase.Register with email exists      - 4: openBrowser("")
2026-05-08 13:24:14.088 INFO  c.k.k.core.webui.driver.DriverFactory    - Starting 'Chrome' driver
2026-05-08 13:24:14.123 INFO  c.k.k.core.webui.driver.DriverFactory    - Action delay is set to 0 milliseconds
2026-05-08 13:24:13.860 DEBUG testcase.Login with valid credentials    - 1: openBrowser("")
2026-05-08 13:24:14.065 INFO  c.k.k.core.webui.driver.DriverFactory    - Starting 'Chrome' driver
2026-05-08 13:24:14.102 INFO  c.k.k.core.webui.driver.DriverFactory    - Action delay is set to 0 milliseconds
2026-05-08 13:24:17.709 INFO  c.k.k.core.webui.driver.DriverFactory    - sessionId = aa916092a0c415deb601ebba00980873
2026-05-08 13:24:17.710 INFO  c.k.k.core.webui.driver.DriverFactory    - browser = Chrome 147.0.7727.138
2026-05-08 13:24:17.710 INFO  c.k.k.core.webui.driver.DriverFactory    - platform = Mac OS X
2026-05-08 13:24:17.711 INFO  c.k.k.core.webui.driver.DriverFactory    - seleniumVersion = 4.39.0
2026-05-08 13:24:17.714 INFO  c.k.k.core.webui.driver.DriverFactory    - proxyInformation = ProxyInformation { proxyOption=NO_PROXY, proxyServerType=HTTP, username=, password=********, proxyServerAddress=, proxyServerPort=0, executionList="", isApplyToDesiredCapabilities=true }
2026-05-08 13:24:17.735 DEBUG testcase.Login with valid credentials    - 2: navigateToUrl("https://qwerty.abiyyu.xyz/")
2026-05-08 13:24:17.709 INFO  c.k.k.core.webui.driver.DriverFactory    - sessionId = 5bdec8ce3e9294e8131dc33cee2d2d97
2026-05-08 13:24:17.709 INFO  c.k.k.core.webui.driver.DriverFactory    - browser = Chrome 147.0.7727.138
2026-05-08 13:24:17.709 INFO  c.k.k.core.webui.driver.DriverFactory    - platform = Mac OS X
2026-05-08 13:24:17.710 INFO  c.k.k.core.webui.driver.DriverFactory    - seleniumVersion = 4.39.0
2026-05-08 13:24:17.713 INFO  c.k.k.core.webui.driver.DriverFactory    - proxyInformation = ProxyInformation { proxyOption=NO_PROXY, proxyServerType=HTTP, username=, password=********, proxyServerAddress=, proxyServerPort=0, executionList="", isApplyToDesiredCapabilities=true }
2026-05-08 13:24:17.735 DEBUG testcase.Register with email exists      - 5: navigateToUrl("https://qwerty.abiyyu.xyz/")
2026-05-08 13:24:19.418 DEBUG testcase.Login with valid credentials    - 3: click(findTestObject("Login/icon_sign_in"))
2026-05-08 13:24:19.981 DEBUG testcase.Register with email exists      - 6: click(findTestObject("Register/icon_sign_up"))
2026-05-08 13:24:20.622 DEBUG testcase.Login with valid credentials    - 4: setText(findTestObject("Login/email_field"), email)
2026-05-08 13:24:20.717 DEBUG testcase.Register with email exists      - 7: setText(findTestObject("Register/full_name_field"), randomFullName)
2026-05-08 13:24:21.729 DEBUG testcase.Register with email exists      - 8: setText(findTestObject("Register/email_field"), email)
2026-05-08 13:24:21.844 DEBUG testcase.Login with valid credentials    - 5: setText(findTestObject("Login/password_field"), password)
2026-05-08 13:24:22.280 DEBUG testcase.Register with email exists      - 9: setText(findTestObject("Register/password_field"), password)
2026-05-08 13:24:22.824 DEBUG testcase.Register with email exists      - 10: setText(findTestObject("Register/verify_password_field"), password)
2026-05-08 13:24:22.705 DEBUG testcase.Login with valid credentials    - 6: click(findTestObject("Login/btn_sign_in"))
2026-05-08 13:24:22.999 DEBUG testcase.Login with valid credentials    - 7: click(findTestObject("Login/box_icon_profile"))
2026-05-08 13:24:23.560 DEBUG testcase.Register with email exists      - 11: click(findTestObject("Register/btn_create_account"))
2026-05-08 13:24:23.837 DEBUG testcase.Register with email exists      - 12: click(findTestObject("Register/msg_email_already_registered"))
2026-05-08 13:24:24.758 DEBUG testcase.Register with email exists      - 13: closeBrowser()
2026-05-08 13:24:24.872 INFO  c.k.katalon.core.main.TestCaseExecutor   - END Test Cases/Register Verification/Register with email exists
2026-05-08 13:24:24.876 INFO  c.k.katalon.core.main.TestCaseExecutor   - --------------------
2026-05-08 13:24:24.876 INFO  c.k.katalon.core.main.TestCaseExecutor   - START Test Cases/Register Verification/Regiester with valid requirements
2026-05-08 13:24:24.920 DEBUG t.Regiester with valid requirements      - 1: randomEmail = test$System.currentTimeMillis()@qwerty.com
2026-05-08 13:24:24.924 ERROR c.k.katalon.core.main.TestCaseExecutor   - ❌ Test Cases/Register Verification/Regiester with valid requirements FAILED.\nReason:\ngroovy.lang.MissingPropertyException: No such property: currentTimeMillis for class: java.lang.System\n\tat Regiester with valid requirements.run(Regiester with valid requirements:20)\n\tat com.kms.katalon.core.main.ScriptEngine.run(ScriptEngine.java:203)\n\tat com.kms.katalon.core.main.ScriptEngine.runScriptAsRawText(ScriptEngine.java:115)\n\tat com.kms.katalon.core.main.TestCaseExecutor.runScript(TestCaseExecutor.java:504)\n\tat com.kms.katalon.core.main.TestCaseExecutor.doExecute(TestCaseExecutor.java:495)\n\tat com.kms.katalon.core.main.TestCaseExecutor.processExecutionPhase(TestCaseExecutor.java:474)\n\tat com.kms.katalon.core.main.TestCaseExecutor.accessMainPhase(TestCaseExecutor.java:466)\n\tat com.kms.katalon.core.main.TestCaseExecutor.execute(TestCaseExecutor.java:336)\n\tat com.kms.katalon.core.common.CommonExecutor.accessTestCaseMainPhase(CommonExecutor.java:71)\n\tat com.kms.katalon.core.main.TestSuiteExecutor.accessTestSuiteMainPhase(TestSuiteExecutor.java:153)\n\tat com.kms.katalon.core.main.TestSuiteExecutor.execute(TestSuiteExecutor.java:110)\n\tat com.kms.katalon.core.main.TestCaseMain.startTestSuite(TestCaseMain.java:206)\n\tat S0508_12.run(S0508_12.groovy:40)\n\tat java.base/jdk.internal.reflect.DirectMethodHandleAccessor.invoke(DirectMethodHandleAccessor.java:103)\n
2026-05-08 13:24:24.930 ERROR c.k.katalon.core.main.TestCaseExecutor   - ❌ Test Cases/Register Verification/Regiester with valid requirements FAILED.\nReason:\ngroovy.lang.MissingPropertyException: No such property: currentTimeMillis for class: java.lang.System\n\tat Regiester with valid requirements.run(Regiester with valid requirements:20)\n\tat com.kms.katalon.core.main.ScriptEngine.run(ScriptEngine.java:203)\n\tat com.kms.katalon.core.main.ScriptEngine.runScriptAsRawText(ScriptEngine.java:115)\n\tat com.kms.katalon.core.main.TestCaseExecutor.runScript(TestCaseExecutor.java:504)\n\tat com.kms.katalon.core.main.TestCaseExecutor.doExecute(TestCaseExecutor.java:495)\n\tat com.kms.katalon.core.main.TestCaseExecutor.processExecutionPhase(TestCaseExecutor.java:474)\n\tat com.kms.katalon.core.main.TestCaseExecutor.accessMainPhase(TestCaseExecutor.java:466)\n\tat com.kms.katalon.core.main.TestCaseExecutor.execute(TestCaseExecutor.java:336)\n\tat com.kms.katalon.core.common.CommonExecutor.accessTestCaseMainPhase(CommonExecutor.java:71)\n\tat com.kms.katalon.core.main.TestSuiteExecutor.accessTestSuiteMainPhase(TestSuiteExecutor.java:153)\n\tat com.kms.katalon.core.main.TestSuiteExecutor.execute(TestSuiteExecutor.java:110)\n\tat com.kms.katalon.core.main.TestCaseMain.startTestSuite(TestCaseMain.java:206)\n\tat S0508_12.run(S0508_12.groovy:40)\n\tat java.base/jdk.internal.reflect.DirectMethodHandleAccessor.invoke(DirectMethodHandleAccessor.java:103)\n
2026-05-08 13:24:24.932 INFO  c.k.katalon.core.main.TestCaseExecutor   - END Test Cases/Register Verification/Regiester with valid requirements
2026-05-08 13:24:24.934 INFO  c.k.katalon.core.main.TestCaseExecutor   - --------------------
2026-05-08 13:24:24.934 INFO  c.k.katalon.core.main.TestCaseExecutor   - START Test Cases/Register Verification/Regiester with valid requirements - Retry attempt 1
2026-05-08 13:24:24.943 DEBUG t.Regiester with valid requirements      - 1: randomEmail = test$System.currentTimeMillis()@qwerty.com
2026-05-08 13:24:24.944 ERROR c.k.katalon.core.main.TestCaseExecutor   - ❌ Test Cases/Register Verification/Regiester with valid requirements FAILED.\nReason:\ngroovy.lang.MissingPropertyException: No such property: currentTimeMillis for class: java.lang.System\n\tat Regiester with valid requirements.run(Regiester with valid requirements:20)\n\tat com.kms.katalon.core.main.ScriptEngine.run(ScriptEngine.java:203)\n\tat com.kms.katalon.core.main.ScriptEngine.runScriptAsRawText(ScriptEngine.java:115)\n\tat com.kms.katalon.core.main.TestCaseExecutor.runScript(TestCaseExecutor.java:504)\n\tat com.kms.katalon.core.main.TestCaseExecutor.doExecute(TestCaseExecutor.java:495)\n\tat com.kms.katalon.core.main.TestCaseExecutor.processExecutionPhase(TestCaseExecutor.java:474)\n\tat com.kms.katalon.core.main.TestCaseExecutor.accessMainPhase(TestCaseExecutor.java:466)\n\tat com.kms.katalon.core.main.TestCaseExecutor.execute(TestCaseExecutor.java:336)\n\tat com.kms.katalon.core.main.TestCaseExecutor.execute(TestCaseExecutor.java:424)\n\tat com.kms.katalon.core.common.CommonExecutor.accessTestCaseMainPhase(CommonExecutor.java:71)\n\tat com.kms.katalon.core.main.TestSuiteExecutor.accessTestSuiteMainPhase(TestSuiteExecutor.java:153)\n\tat com.kms.katalon.core.main.TestSuiteExecutor.execute(TestSuiteExecutor.java:110)\n\tat com.kms.katalon.core.main.TestCaseMain.startTestSuite(TestCaseMain.java:206)\n\tat S0508_12.run(S0508_12.groovy:40)\n\tat java.base/jdk.internal.reflect.DirectMethodHandleAccessor.invoke(DirectMethodHandleAccessor.java:103)\n
2026-05-08 13:24:24.947 ERROR c.k.katalon.core.main.TestCaseExecutor   - ❌ Test Cases/Register Verification/Regiester with valid requirements FAILED.\nReason:\ngroovy.lang.MissingPropertyException: No such property: currentTimeMillis for class: java.lang.System\n\tat Regiester with valid requirements.run(Regiester with valid requirements:20)\n\tat com.kms.katalon.core.main.ScriptEngine.run(ScriptEngine.java:203)\n\tat com.kms.katalon.core.main.ScriptEngine.runScriptAsRawText(ScriptEngine.java:115)\n\tat com.kms.katalon.core.main.TestCaseExecutor.runScript(TestCaseExecutor.java:504)\n\tat com.kms.katalon.core.main.TestCaseExecutor.doExecute(TestCaseExecutor.java:495)\n\tat com.kms.katalon.core.main.TestCaseExecutor.processExecutionPhase(TestCaseExecutor.java:474)\n\tat com.kms.katalon.core.main.TestCaseExecutor.accessMainPhase(TestCaseExecutor.java:466)\n\tat com.kms.katalon.core.main.TestCaseExecutor.execute(TestCaseExecutor.java:336)\n\tat com.kms.katalon.core.main.TestCaseExecutor.execute(TestCaseExecutor.java:424)\n\tat com.kms.katalon.core.common.CommonExecutor.accessTestCaseMainPhase(CommonExecutor.java:71)\n\tat com.kms.katalon.core.main.TestSuiteExecutor.accessTestSuiteMainPhase(TestSuiteExecutor.java:153)\n\tat com.kms.katalon.core.main.TestSuiteExecutor.execute(TestSuiteExecutor.java:110)\n\tat com.kms.katalon.core.main.TestCaseMain.startTestSuite(TestCaseMain.java:206)\n\tat S0508_12.run(S0508_12.groovy:40)\n\tat java.base/jdk.internal.reflect.DirectMethodHandleAccessor.invoke(DirectMethodHandleAccessor.java:103)\n
2026-05-08 13:24:24.949 INFO  c.k.katalon.core.main.TestCaseExecutor   - END Test Cases/Register Verification/Regiester with valid requirements
2026-05-08 13:24:24.950 INFO  c.k.katalon.core.main.TestCaseExecutor   - --------------------
2026-05-08 13:24:24.950 INFO  c.k.katalon.core.main.TestCaseExecutor   - START Test Cases/Register Verification/Regiester with valid requirements - Retry attempt 2
2026-05-08 13:24:24.958 DEBUG t.Regiester with valid requirements      - 1: randomEmail = test$System.currentTimeMillis()@qwerty.com
2026-05-08 13:24:24.959 ERROR c.k.katalon.core.main.TestCaseExecutor   - ❌ Test Cases/Register Verification/Regiester with valid requirements FAILED.\nReason:\ngroovy.lang.MissingPropertyException: No such property: currentTimeMillis for class: java.lang.System\n\tat Regiester with valid requirements.run(Regiester with valid requirements:20)\n\tat com.kms.katalon.core.main.ScriptEngine.run(ScriptEngine.java:203)\n\tat com.kms.katalon.core.main.ScriptEngine.runScriptAsRawText(ScriptEngine.java:115)\n\tat com.kms.katalon.core.main.TestCaseExecutor.runScript(TestCaseExecutor.java:504)\n\tat com.kms.katalon.core.main.TestCaseExecutor.doExecute(TestCaseExecutor.java:495)\n\tat com.kms.katalon.core.main.TestCaseExecutor.processExecutionPhase(TestCaseExecutor.java:474)\n\tat com.kms.katalon.core.main.TestCaseExecutor.accessMainPhase(TestCaseExecutor.java:466)\n\tat com.kms.katalon.core.main.TestCaseExecutor.execute(TestCaseExecutor.java:336)\n\tat com.kms.katalon.core.main.TestCaseExecutor.execute(TestCaseExecutor.java:424)\n\tat com.kms.katalon.core.main.TestCaseExecutor.execute(TestCaseExecutor.java:424)\n\tat com.kms.katalon.core.common.CommonExecutor.accessTestCaseMainPhase(CommonExecutor.java:71)\n\tat com.kms.katalon.core.main.TestSuiteExecutor.accessTestSuiteMainPhase(TestSuiteExecutor.java:153)\n\tat com.kms.katalon.core.main.TestSuiteExecutor.execute(TestSuiteExecutor.java:110)\n\tat com.kms.katalon.core.main.TestCaseMain.startTestSuite(TestCaseMain.java:206)\n\tat S0508_12.run(S0508_12.groovy:40)\n\tat java.base/jdk.internal.reflect.DirectMethodHandleAccessor.invoke(DirectMethodHandleAccessor.java:103)\n
2026-05-08 13:24:24.960 ERROR c.k.katalon.core.main.TestCaseExecutor   - ❌ Test Cases/Register Verification/Regiester with valid requirements FAILED.\nReason:\ngroovy.lang.MissingPropertyException: No such property: currentTimeMillis for class: java.lang.System\n\tat Regiester with valid requirements.run(Regiester with valid requirements:20)\n\tat com.kms.katalon.core.main.ScriptEngine.run(ScriptEngine.java:203)\n\tat com.kms.katalon.core.main.ScriptEngine.runScriptAsRawText(ScriptEngine.java:115)\n\tat com.kms.katalon.core.main.TestCaseExecutor.runScript(TestCaseExecutor.java:504)\n\tat com.kms.katalon.core.main.TestCaseExecutor.doExecute(TestCaseExecutor.java:495)\n\tat com.kms.katalon.core.main.TestCaseExecutor.processExecutionPhase(TestCaseExecutor.java:474)\n\tat com.kms.katalon.core.main.TestCaseExecutor.accessMainPhase(TestCaseExecutor.java:466)\n\tat com.kms.katalon.core.main.TestCaseExecutor.execute(TestCaseExecutor.java:336)\n\tat com.kms.katalon.core.main.TestCaseExecutor.execute(TestCaseExecutor.java:424)\n\tat com.kms.katalon.core.main.TestCaseExecutor.execute(TestCaseExecutor.java:424)\n\tat com.kms.katalon.core.common.CommonExecutor.accessTestCaseMainPhase(CommonExecutor.java:71)\n\tat com.kms.katalon.core.main.TestSuiteExecutor.accessTestSuiteMainPhase(TestSuiteExecutor.java:153)\n\tat com.kms.katalon.core.main.TestSuiteExecutor.execute(TestSuiteExecutor.java:110)\n\tat com.kms.katalon.core.main.TestCaseMain.startTestSuite(TestCaseMain.java:206)\n\tat S0508_12.run(S0508_12.groovy:40)\n\tat java.base/jdk.internal.reflect.DirectMethodHandleAccessor.invoke(DirectMethodHandleAccessor.java:103)\n
2026-05-08 13:24:24.962 INFO  c.k.katalon.core.main.TestCaseExecutor   - END Test Cases/Register Verification/Regiester with valid requirements
2026-05-08 13:24:24.964 INFO  c.k.katalon.core.main.TestCaseExecutor   - --------------------
2026-05-08 13:24:24.964 INFO  c.k.katalon.core.main.TestCaseExecutor   - START Test Cases/Register Verification/Regiester with valid requirements - Retry attempt 3
2026-05-08 13:24:24.971 DEBUG t.Regiester with valid requirements      - 1: randomEmail = test$System.currentTimeMillis()@qwerty.com
2026-05-08 13:24:24.972 ERROR c.k.katalon.core.main.TestCaseExecutor   - ❌ Test Cases/Register Verification/Regiester with valid requirements FAILED.\nReason:\ngroovy.lang.MissingPropertyException: No such property: currentTimeMillis for class: java.lang.System\n\tat Regiester with valid requirements.run(Regiester with valid requirements:20)\n\tat com.kms.katalon.core.main.ScriptEngine.run(ScriptEngine.java:203)\n\tat com.kms.katalon.core.main.ScriptEngine.runScriptAsRawText(ScriptEngine.java:115)\n\tat com.kms.katalon.core.main.TestCaseExecutor.runScript(TestCaseExecutor.java:504)\n\tat com.kms.katalon.core.main.TestCaseExecutor.doExecute(TestCaseExecutor.java:495)\n\tat com.kms.katalon.core.main.TestCaseExecutor.processExecutionPhase(TestCaseExecutor.java:474)\n\tat com.kms.katalon.core.main.TestCaseExecutor.accessMainPhase(TestCaseExecutor.java:466)\n\tat com.kms.katalon.core.main.TestCaseExecutor.execute(TestCaseExecutor.java:336)\n\tat com.kms.katalon.core.main.TestCaseExecutor.execute(TestCaseExecutor.java:424)\n\tat com.kms.katalon.core.main.TestCaseExecutor.execute(TestCaseExecutor.java:424)\n\tat com.kms.katalon.core.main.TestCaseExecutor.execute(TestCaseExecutor.java:424)\n\tat com.kms.katalon.core.common.CommonExecutor.accessTestCaseMainPhase(CommonExecutor.java:71)\n\tat com.kms.katalon.core.main.TestSuiteExecutor.accessTestSuiteMainPhase(TestSuiteExecutor.java:153)\n\tat com.kms.katalon.core.main.TestSuiteExecutor.execute(TestSuiteExecutor.java:110)\n\tat com.kms.katalon.core.main.TestCaseMain.startTestSuite(TestCaseMain.java:206)\n\tat S0508_12.run(S0508_12.groovy:40)\n\tat java.base/jdk.internal.reflect.DirectMethodHandleAccessor.invoke(DirectMethodHandleAccessor.java:103)\n
2026-05-08 13:24:24.973 ERROR c.k.katalon.core.main.TestCaseExecutor   - ❌ Test Cases/Register Verification/Regiester with valid requirements FAILED.\nReason:\ngroovy.lang.MissingPropertyException: No such property: currentTimeMillis for class: java.lang.System\n\tat Regiester with valid requirements.run(Regiester with valid requirements:20)\n\tat com.kms.katalon.core.main.ScriptEngine.run(ScriptEngine.java:203)\n\tat com.kms.katalon.core.main.ScriptEngine.runScriptAsRawText(ScriptEngine.java:115)\n\tat com.kms.katalon.core.main.TestCaseExecutor.runScript(TestCaseExecutor.java:504)\n\tat com.kms.katalon.core.main.TestCaseExecutor.doExecute(TestCaseExecutor.java:495)\n\tat com.kms.katalon.core.main.TestCaseExecutor.processExecutionPhase(TestCaseExecutor.java:474)\n\tat com.kms.katalon.core.main.TestCaseExecutor.accessMainPhase(TestCaseExecutor.java:466)\n\tat com.kms.katalon.core.main.TestCaseExecutor.execute(TestCaseExecutor.java:336)\n\tat com.kms.katalon.core.main.TestCaseExecutor.execute(TestCaseExecutor.java:424)\n\tat com.kms.katalon.core.main.TestCaseExecutor.execute(TestCaseExecutor.java:424)\n\tat com.kms.katalon.core.main.TestCaseExecutor.execute(TestCaseExecutor.java:424)\n\tat com.kms.katalon.core.common.CommonExecutor.accessTestCaseMainPhase(CommonExecutor.java:71)\n\tat com.kms.katalon.core.main.TestSuiteExecutor.accessTestSuiteMainPhase(TestSuiteExecutor.java:153)\n\tat com.kms.katalon.core.main.TestSuiteExecutor.execute(TestSuiteExecutor.java:110)\n\tat com.kms.katalon.core.main.TestCaseMain.startTestSuite(TestCaseMain.java:206)\n\tat S0508_12.run(S0508_12.groovy:40)\n\tat java.base/jdk.internal.reflect.DirectMethodHandleAccessor.invoke(DirectMethodHandleAccessor.java:103)\n
2026-05-08 13:24:24.975 INFO  c.k.katalon.core.main.TestCaseExecutor   - END Test Cases/Register Verification/Regiester with valid requirements
2026-05-08 13:24:24.977 INFO  c.k.katalon.core.main.TestCaseExecutor   - --------------------
2026-05-08 13:24:24.977 INFO  c.k.katalon.core.main.TestCaseExecutor   - START Test Cases/Register Verification/Regiester with blank input
2026-05-08 13:24:25.005 DEBUG testcase.Regiester with blank input      - 1: openBrowser("")
2026-05-08 13:24:25.006 INFO  c.k.k.core.webui.driver.DriverFactory    - Starting 'Chrome' driver
2026-05-08 13:24:25.008 INFO  c.k.k.core.webui.driver.DriverFactory    - Action delay is set to 0 milliseconds
2026-05-08 13:24:25.344 DEBUG testcase.Login with valid credentials    - 8: closeBrowser()
2026-05-08 13:24:25.491 INFO  c.k.katalon.core.main.TestCaseExecutor   - END Test Cases/Login Verification/Login with valid credentials
2026-05-08 13:24:25.507 INFO  c.k.katalon.core.main.TestCaseExecutor   - --------------------
2026-05-08 13:24:25.507 INFO  c.k.katalon.core.main.TestCaseExecutor   - START Test Cases/Login Verification/Login with invalid credentials
2026-05-08 13:24:25.524 INFO  c.k.katalon.core.main.TestCaseExecutor   - email = test01@qwerty.com
2026-05-08 13:24:25.525 INFO  c.k.katalon.core.main.TestCaseExecutor   - password = User@000
2026-05-08 13:24:25.585 DEBUG t.Login with invalid credentials         - 1: openBrowser("")
2026-05-08 13:24:25.591 INFO  c.k.k.core.webui.driver.DriverFactory    - Starting 'Chrome' driver
2026-05-08 13:24:25.601 INFO  c.k.k.core.webui.driver.DriverFactory    - Action delay is set to 0 milliseconds
2026-05-08 13:24:27.188 INFO  c.k.k.core.webui.driver.DriverFactory    - sessionId = 0f9458f9c7c77907fb7f1666a6ed8422
2026-05-08 13:24:27.188 INFO  c.k.k.core.webui.driver.DriverFactory    - browser = Chrome 147.0.7727.138
2026-05-08 13:24:27.188 INFO  c.k.k.core.webui.driver.DriverFactory    - platform = Mac OS X
2026-05-08 13:24:27.189 INFO  c.k.k.core.webui.driver.DriverFactory    - seleniumVersion = 4.39.0
2026-05-08 13:24:27.189 INFO  c.k.k.core.webui.driver.DriverFactory    - proxyInformation = ProxyInformation { proxyOption=NO_PROXY, proxyServerType=HTTP, username=, password=********, proxyServerAddress=, proxyServerPort=0, executionList="", isApplyToDesiredCapabilities=true }
2026-05-08 13:24:27.204 DEBUG testcase.Regiester with blank input      - 2: navigateToUrl("https://qwerty.abiyyu.xyz/")
2026-05-08 13:24:27.631 INFO  c.k.k.core.webui.driver.DriverFactory    - sessionId = 43837addd3c608202adeb7d99a374f71
2026-05-08 13:24:27.631 INFO  c.k.k.core.webui.driver.DriverFactory    - browser = Chrome 147.0.7727.138
2026-05-08 13:24:27.631 INFO  c.k.k.core.webui.driver.DriverFactory    - platform = Mac OS X
2026-05-08 13:24:27.631 INFO  c.k.k.core.webui.driver.DriverFactory    - seleniumVersion = 4.39.0
2026-05-08 13:24:27.632 INFO  c.k.k.core.webui.driver.DriverFactory    - proxyInformation = ProxyInformation { proxyOption=NO_PROXY, proxyServerType=HTTP, username=, password=********, proxyServerAddress=, proxyServerPort=0, executionList="", isApplyToDesiredCapabilities=true }
2026-05-08 13:24:27.642 DEBUG t.Login with invalid credentials         - 2: navigateToUrl("https://qwerty.abiyyu.xyz/")
2026-05-08 13:24:27.990 DEBUG testcase.Regiester with blank input      - 3: click(findTestObject("Register/icon_sign_up"))
2026-05-08 13:24:28.471 DEBUG t.Login with invalid credentials         - 3: click(findTestObject("Login/icon_sign_in"))
2026-05-08 13:24:28.821 DEBUG testcase.Regiester with blank input      - 4: click(findTestObject("Register/full_name_field"))
2026-05-08 13:24:29.514 DEBUG testcase.Regiester with blank input      - 5: click(findTestObject("Register/email_field"))
2026-05-08 13:24:29.328 DEBUG t.Login with invalid credentials         - 4: setText(findTestObject("Login/email_field"), email)
2026-05-08 13:24:29.789 DEBUG testcase.Regiester with blank input      - 6: click(findTestObject("Register/password_field"))
2026-05-08 13:24:30.269 DEBUG testcase.Regiester with blank input      - 7: click(findTestObject("Register/verify_password_field"))
2026-05-08 13:24:30.544 DEBUG testcase.Regiester with blank input      - 8: click(findTestObject("Register/btn_create_account"))
2026-05-08 13:24:30.380 DEBUG t.Login with invalid credentials         - 5: setText(findTestObject("Login/password_field"), password)
2026-05-08 13:24:30.818 DEBUG testcase.Regiester with blank input      - 9: click(findTestObject("Register/msg_please_enter_your_full_name"))
2026-05-08 13:24:30.920 DEBUG t.Login with invalid credentials         - 6: click(findTestObject("Login/btn_sign_in"))
2026-05-08 13:24:31.194 DEBUG t.Login with invalid credentials         - 7: click(findTestObject("Login/msg_invalid_email_or_password"))
2026-05-08 13:24:31.293 DEBUG testcase.Regiester with blank input      - 10: closeBrowser()
2026-05-08 13:24:31.397 INFO  c.k.katalon.core.main.TestCaseExecutor   - END Test Cases/Register Verification/Regiester with blank input
2026-05-08 13:24:31.399 INFO  c.k.katalon.core.main.TestCaseExecutor   - --------------------
2026-05-08 13:24:31.399 INFO  c.k.katalon.core.main.TestCaseExecutor   - START Test Cases/Register Verification/Regiester with invalid requirements
2026-05-08 13:24:31.433 DEBUG t.Regiester with invalid requirements    - 1: randomInvalidEmail = test$System.currentTimeMillis().com
2026-05-08 13:24:31.435 ERROR c.k.katalon.core.main.TestCaseExecutor   - ❌ Test Cases/Register Verification/Regiester with invalid requirements FAILED.\nReason:\ngroovy.lang.MissingPropertyException: No such property: currentTimeMillis for class: java.lang.System\n\tat Regiester with invalid requirements.run(Regiester with invalid requirements:20)\n\tat com.kms.katalon.core.main.ScriptEngine.run(ScriptEngine.java:203)\n\tat com.kms.katalon.core.main.ScriptEngine.runScriptAsRawText(ScriptEngine.java:115)\n\tat com.kms.katalon.core.main.TestCaseExecutor.runScript(TestCaseExecutor.java:504)\n\tat com.kms.katalon.core.main.TestCaseExecutor.doExecute(TestCaseExecutor.java:495)\n\tat com.kms.katalon.core.main.TestCaseExecutor.processExecutionPhase(TestCaseExecutor.java:474)\n\tat com.kms.katalon.core.main.TestCaseExecutor.accessMainPhase(TestCaseExecutor.java:466)\n\tat com.kms.katalon.core.main.TestCaseExecutor.execute(TestCaseExecutor.java:336)\n\tat com.kms.katalon.core.common.CommonExecutor.accessTestCaseMainPhase(CommonExecutor.java:71)\n\tat com.kms.katalon.core.main.TestSuiteExecutor.accessTestSuiteMainPhase(TestSuiteExecutor.java:153)\n\tat com.kms.katalon.core.main.TestSuiteExecutor.execute(TestSuiteExecutor.java:110)\n\tat com.kms.katalon.core.main.TestCaseMain.startTestSuite(TestCaseMain.java:206)\n\tat S0508_12.run(S0508_12.groovy:40)\n\tat java.base/jdk.internal.reflect.DirectMethodHandleAccessor.invoke(DirectMethodHandleAccessor.java:103)\n
2026-05-08 13:24:31.436 ERROR c.k.katalon.core.main.TestCaseExecutor   - ❌ Test Cases/Register Verification/Regiester with invalid requirements FAILED.\nReason:\ngroovy.lang.MissingPropertyException: No such property: currentTimeMillis for class: java.lang.System\n\tat Regiester with invalid requirements.run(Regiester with invalid requirements:20)\n\tat com.kms.katalon.core.main.ScriptEngine.run(ScriptEngine.java:203)\n\tat com.kms.katalon.core.main.ScriptEngine.runScriptAsRawText(ScriptEngine.java:115)\n\tat com.kms.katalon.core.main.TestCaseExecutor.runScript(TestCaseExecutor.java:504)\n\tat com.kms.katalon.core.main.TestCaseExecutor.doExecute(TestCaseExecutor.java:495)\n\tat com.kms.katalon.core.main.TestCaseExecutor.processExecutionPhase(TestCaseExecutor.java:474)\n\tat com.kms.katalon.core.main.TestCaseExecutor.accessMainPhase(TestCaseExecutor.java:466)\n\tat com.kms.katalon.core.main.TestCaseExecutor.execute(TestCaseExecutor.java:336)\n\tat com.kms.katalon.core.common.CommonExecutor.accessTestCaseMainPhase(CommonExecutor.java:71)\n\tat com.kms.katalon.core.main.TestSuiteExecutor.accessTestSuiteMainPhase(TestSuiteExecutor.java:153)\n\tat com.kms.katalon.core.main.TestSuiteExecutor.execute(TestSuiteExecutor.java:110)\n\tat com.kms.katalon.core.main.TestCaseMain.startTestSuite(TestCaseMain.java:206)\n\tat S0508_12.run(S0508_12.groovy:40)\n\tat java.base/jdk.internal.reflect.DirectMethodHandleAccessor.invoke(DirectMethodHandleAccessor.java:103)\n
2026-05-08 13:24:31.437 INFO  c.k.katalon.core.main.TestCaseExecutor   - END Test Cases/Register Verification/Regiester with invalid requirements
2026-05-08 13:24:31.439 INFO  c.k.katalon.core.main.TestCaseExecutor   - --------------------
2026-05-08 13:24:31.439 INFO  c.k.katalon.core.main.TestCaseExecutor   - START Test Cases/Register Verification/Regiester with invalid requirements - Retry attempt 1
2026-05-08 13:24:31.447 DEBUG t.Regiester with invalid requirements    - 1: randomInvalidEmail = test$System.currentTimeMillis().com
2026-05-08 13:24:31.448 ERROR c.k.katalon.core.main.TestCaseExecutor   - ❌ Test Cases/Register Verification/Regiester with invalid requirements FAILED.\nReason:\ngroovy.lang.MissingPropertyException: No such property: currentTimeMillis for class: java.lang.System\n\tat Regiester with invalid requirements.run(Regiester with invalid requirements:20)\n\tat com.kms.katalon.core.main.ScriptEngine.run(ScriptEngine.java:203)\n\tat com.kms.katalon.core.main.ScriptEngine.runScriptAsRawText(ScriptEngine.java:115)\n\tat com.kms.katalon.core.main.TestCaseExecutor.runScript(TestCaseExecutor.java:504)\n\tat com.kms.katalon.core.main.TestCaseExecutor.doExecute(TestCaseExecutor.java:495)\n\tat com.kms.katalon.core.main.TestCaseExecutor.processExecutionPhase(TestCaseExecutor.java:474)\n\tat com.kms.katalon.core.main.TestCaseExecutor.accessMainPhase(TestCaseExecutor.java:466)\n\tat com.kms.katalon.core.main.TestCaseExecutor.execute(TestCaseExecutor.java:336)\n\tat com.kms.katalon.core.main.TestCaseExecutor.execute(TestCaseExecutor.java:424)\n\tat com.kms.katalon.core.common.CommonExecutor.accessTestCaseMainPhase(CommonExecutor.java:71)\n\tat com.kms.katalon.core.main.TestSuiteExecutor.accessTestSuiteMainPhase(TestSuiteExecutor.java:153)\n\tat com.kms.katalon.core.main.TestSuiteExecutor.execute(TestSuiteExecutor.java:110)\n\tat com.kms.katalon.core.main.TestCaseMain.startTestSuite(TestCaseMain.java:206)\n\tat S0508_12.run(S0508_12.groovy:40)\n\tat java.base/jdk.internal.reflect.DirectMethodHandleAccessor.invoke(DirectMethodHandleAccessor.java:103)\n
2026-05-08 13:24:31.449 ERROR c.k.katalon.core.main.TestCaseExecutor   - ❌ Test Cases/Register Verification/Regiester with invalid requirements FAILED.\nReason:\ngroovy.lang.MissingPropertyException: No such property: currentTimeMillis for class: java.lang.System\n\tat Regiester with invalid requirements.run(Regiester with invalid requirements:20)\n\tat com.kms.katalon.core.main.ScriptEngine.run(ScriptEngine.java:203)\n\tat com.kms.katalon.core.main.ScriptEngine.runScriptAsRawText(ScriptEngine.java:115)\n\tat com.kms.katalon.core.main.TestCaseExecutor.runScript(TestCaseExecutor.java:504)\n\tat com.kms.katalon.core.main.TestCaseExecutor.doExecute(TestCaseExecutor.java:495)\n\tat com.kms.katalon.core.main.TestCaseExecutor.processExecutionPhase(TestCaseExecutor.java:474)\n\tat com.kms.katalon.core.main.TestCaseExecutor.accessMainPhase(TestCaseExecutor.java:466)\n\tat com.kms.katalon.core.main.TestCaseExecutor.execute(TestCaseExecutor.java:336)\n\tat com.kms.katalon.core.main.TestCaseExecutor.execute(TestCaseExecutor.java:424)\n\tat com.kms.katalon.core.common.CommonExecutor.accessTestCaseMainPhase(CommonExecutor.java:71)\n\tat com.kms.katalon.core.main.TestSuiteExecutor.accessTestSuiteMainPhase(TestSuiteExecutor.java:153)\n\tat com.kms.katalon.core.main.TestSuiteExecutor.execute(TestSuiteExecutor.java:110)\n\tat com.kms.katalon.core.main.TestCaseMain.startTestSuite(TestCaseMain.java:206)\n\tat S0508_12.run(S0508_12.groovy:40)\n\tat java.base/jdk.internal.reflect.DirectMethodHandleAccessor.invoke(DirectMethodHandleAccessor.java:103)\n
2026-05-08 13:24:31.450 INFO  c.k.katalon.core.main.TestCaseExecutor   - END Test Cases/Register Verification/Regiester with invalid requirements
2026-05-08 13:24:31.451 INFO  c.k.katalon.core.main.TestCaseExecutor   - --------------------
2026-05-08 13:24:31.451 INFO  c.k.katalon.core.main.TestCaseExecutor   - START Test Cases/Register Verification/Regiester with invalid requirements - Retry attempt 2
2026-05-08 13:24:31.458 DEBUG t.Regiester with invalid requirements    - 1: randomInvalidEmail = test$System.currentTimeMillis().com
2026-05-08 13:24:31.458 ERROR c.k.katalon.core.main.TestCaseExecutor   - ❌ Test Cases/Register Verification/Regiester with invalid requirements FAILED.\nReason:\ngroovy.lang.MissingPropertyException: No such property: currentTimeMillis for class: java.lang.System\n\tat Regiester with invalid requirements.run(Regiester with invalid requirements:20)\n\tat com.kms.katalon.core.main.ScriptEngine.run(ScriptEngine.java:203)\n\tat com.kms.katalon.core.main.ScriptEngine.runScriptAsRawText(ScriptEngine.java:115)\n\tat com.kms.katalon.core.main.TestCaseExecutor.runScript(TestCaseExecutor.java:504)\n\tat com.kms.katalon.core.main.TestCaseExecutor.doExecute(TestCaseExecutor.java:495)\n\tat com.kms.katalon.core.main.TestCaseExecutor.processExecutionPhase(TestCaseExecutor.java:474)\n\tat com.kms.katalon.core.main.TestCaseExecutor.accessMainPhase(TestCaseExecutor.java:466)\n\tat com.kms.katalon.core.main.TestCaseExecutor.execute(TestCaseExecutor.java:336)\n\tat com.kms.katalon.core.main.TestCaseExecutor.execute(TestCaseExecutor.java:424)\n\tat com.kms.katalon.core.main.TestCaseExecutor.execute(TestCaseExecutor.java:424)\n\tat com.kms.katalon.core.common.CommonExecutor.accessTestCaseMainPhase(CommonExecutor.java:71)\n\tat com.kms.katalon.core.main.TestSuiteExecutor.accessTestSuiteMainPhase(TestSuiteExecutor.java:153)\n\tat com.kms.katalon.core.main.TestSuiteExecutor.execute(TestSuiteExecutor.java:110)\n\tat com.kms.katalon.core.main.TestCaseMain.startTestSuite(TestCaseMain.java:206)\n\tat S0508_12.run(S0508_12.groovy:40)\n\tat java.base/jdk.internal.reflect.DirectMethodHandleAccessor.invoke(DirectMethodHandleAccessor.java:103)\n
2026-05-08 13:24:31.459 ERROR c.k.katalon.core.main.TestCaseExecutor   - ❌ Test Cases/Register Verification/Regiester with invalid requirements FAILED.\nReason:\ngroovy.lang.MissingPropertyException: No such property: currentTimeMillis for class: java.lang.System\n\tat Regiester with invalid requirements.run(Regiester with invalid requirements:20)\n\tat com.kms.katalon.core.main.ScriptEngine.run(ScriptEngine.java:203)\n\tat com.kms.katalon.core.main.ScriptEngine.runScriptAsRawText(ScriptEngine.java:115)\n\tat com.kms.katalon.core.main.TestCaseExecutor.runScript(TestCaseExecutor.java:504)\n\tat com.kms.katalon.core.main.TestCaseExecutor.doExecute(TestCaseExecutor.java:495)\n\tat com.kms.katalon.core.main.TestCaseExecutor.processExecutionPhase(TestCaseExecutor.java:474)\n\tat com.kms.katalon.core.main.TestCaseExecutor.accessMainPhase(TestCaseExecutor.java:466)\n\tat com.kms.katalon.core.main.TestCaseExecutor.execute(TestCaseExecutor.java:336)\n\tat com.kms.katalon.core.main.TestCaseExecutor.execute(TestCaseExecutor.java:424)\n\tat com.kms.katalon.core.main.TestCaseExecutor.execute(TestCaseExecutor.java:424)\n\tat com.kms.katalon.core.common.CommonExecutor.accessTestCaseMainPhase(CommonExecutor.java:71)\n\tat com.kms.katalon.core.main.TestSuiteExecutor.accessTestSuiteMainPhase(TestSuiteExecutor.java:153)\n\tat com.kms.katalon.core.main.TestSuiteExecutor.execute(TestSuiteExecutor.java:110)\n\tat com.kms.katalon.core.main.TestCaseMain.startTestSuite(TestCaseMain.java:206)\n\tat S0508_12.run(S0508_12.groovy:40)\n\tat java.base/jdk.internal.reflect.DirectMethodHandleAccessor.invoke(DirectMethodHandleAccessor.java:103)\n
2026-05-08 13:24:31.460 INFO  c.k.katalon.core.main.TestCaseExecutor   - END Test Cases/Register Verification/Regiester with invalid requirements
2026-05-08 13:24:31.463 INFO  c.k.katalon.core.main.TestCaseExecutor   - --------------------
2026-05-08 13:24:31.463 INFO  c.k.katalon.core.main.TestCaseExecutor   - START Test Cases/Register Verification/Regiester with invalid requirements - Retry attempt 3
2026-05-08 13:24:31.470 DEBUG t.Regiester with invalid requirements    - 1: randomInvalidEmail = test$System.currentTimeMillis().com
2026-05-08 13:24:31.471 ERROR c.k.katalon.core.main.TestCaseExecutor   - ❌ Test Cases/Register Verification/Regiester with invalid requirements FAILED.\nReason:\ngroovy.lang.MissingPropertyException: No such property: currentTimeMillis for class: java.lang.System\n\tat Regiester with invalid requirements.run(Regiester with invalid requirements:20)\n\tat com.kms.katalon.core.main.ScriptEngine.run(ScriptEngine.java:203)\n\tat com.kms.katalon.core.main.ScriptEngine.runScriptAsRawText(ScriptEngine.java:115)\n\tat com.kms.katalon.core.main.TestCaseExecutor.runScript(TestCaseExecutor.java:504)\n\tat com.kms.katalon.core.main.TestCaseExecutor.doExecute(TestCaseExecutor.java:495)\n\tat com.kms.katalon.core.main.TestCaseExecutor.processExecutionPhase(TestCaseExecutor.java:474)\n\tat com.kms.katalon.core.main.TestCaseExecutor.accessMainPhase(TestCaseExecutor.java:466)\n\tat com.kms.katalon.core.main.TestCaseExecutor.execute(TestCaseExecutor.java:336)\n\tat com.kms.katalon.core.main.TestCaseExecutor.execute(TestCaseExecutor.java:424)\n\tat com.kms.katalon.core.main.TestCaseExecutor.execute(TestCaseExecutor.java:424)\n\tat com.kms.katalon.core.main.TestCaseExecutor.execute(TestCaseExecutor.java:424)\n\tat com.kms.katalon.core.common.CommonExecutor.accessTestCaseMainPhase(CommonExecutor.java:71)\n\tat com.kms.katalon.core.main.TestSuiteExecutor.accessTestSuiteMainPhase(TestSuiteExecutor.java:153)\n\tat com.kms.katalon.core.main.TestSuiteExecutor.execute(TestSuiteExecutor.java:110)\n\tat com.kms.katalon.core.main.TestCaseMain.startTestSuite(TestCaseMain.java:206)\n\tat S0508_12.run(S0508_12.groovy:40)\n\tat java.base/jdk.internal.reflect.DirectMethodHandleAccessor.invoke(DirectMethodHandleAccessor.java:103)\n
2026-05-08 13:24:31.472 ERROR c.k.katalon.core.main.TestCaseExecutor   - ❌ Test Cases/Register Verification/Regiester with invalid requirements FAILED.\nReason:\ngroovy.lang.MissingPropertyException: No such property: currentTimeMillis for class: java.lang.System\n\tat Regiester with invalid requirements.run(Regiester with invalid requirements:20)\n\tat com.kms.katalon.core.main.ScriptEngine.run(ScriptEngine.java:203)\n\tat com.kms.katalon.core.main.ScriptEngine.runScriptAsRawText(ScriptEngine.java:115)\n\tat com.kms.katalon.core.main.TestCaseExecutor.runScript(TestCaseExecutor.java:504)\n\tat com.kms.katalon.core.main.TestCaseExecutor.doExecute(TestCaseExecutor.java:495)\n\tat com.kms.katalon.core.main.TestCaseExecutor.processExecutionPhase(TestCaseExecutor.java:474)\n\tat com.kms.katalon.core.main.TestCaseExecutor.accessMainPhase(TestCaseExecutor.java:466)\n\tat com.kms.katalon.core.main.TestCaseExecutor.execute(TestCaseExecutor.java:336)\n\tat com.kms.katalon.core.main.TestCaseExecutor.execute(TestCaseExecutor.java:424)\n\tat com.kms.katalon.core.main.TestCaseExecutor.execute(TestCaseExecutor.java:424)\n\tat com.kms.katalon.core.main.TestCaseExecutor.execute(TestCaseExecutor.java:424)\n\tat com.kms.katalon.core.common.CommonExecutor.accessTestCaseMainPhase(CommonExecutor.java:71)\n\tat com.kms.katalon.core.main.TestSuiteExecutor.accessTestSuiteMainPhase(TestSuiteExecutor.java:153)\n\tat com.kms.katalon.core.main.TestSuiteExecutor.execute(TestSuiteExecutor.java:110)\n\tat com.kms.katalon.core.main.TestCaseMain.startTestSuite(TestCaseMain.java:206)\n\tat S0508_12.run(S0508_12.groovy:40)\n\tat java.base/jdk.internal.reflect.DirectMethodHandleAccessor.invoke(DirectMethodHandleAccessor.java:103)\n
2026-05-08 13:24:31.473 INFO  c.k.katalon.core.main.TestCaseExecutor   - END Test Cases/Register Verification/Regiester with invalid requirements
2026-05-08 13:24:31.491 INFO  c.k.katalon.core.main.TestSuiteExecutor  - --------------------
2026-05-08 13:24:31.491 INFO  c.k.katalon.core.main.TestSuiteExecutor  - END Test Suites/Register
2026-05-08 13:24:31.491 INFO  c.k.katalon.core.main.TestSuiteExecutor  - ====================
2026-05-08 13:24:32.129 DEBUG t.Login with invalid credentials         - 8: closeBrowser()
2026-05-08 13:24:32.226 INFO  c.k.katalon.core.main.TestCaseExecutor   - END Test Cases/Login Verification/Login with invalid credentials
2026-05-08 13:24:32.228 INFO  c.k.katalon.core.main.TestCaseExecutor   - --------------------
2026-05-08 13:24:32.228 INFO  c.k.katalon.core.main.TestCaseExecutor   - START Test Cases/Login Verification/Login with empty input
2026-05-08 13:24:32.250 DEBUG testcase.Login with empty input          - 1: openBrowser("")
2026-05-08 13:24:32.251 INFO  c.k.k.core.webui.driver.DriverFactory    - Starting 'Chrome' driver
2026-05-08 13:24:32.252 INFO  c.k.k.core.webui.driver.DriverFactory    - Action delay is set to 0 milliseconds
2026-05-08 13:24:33.977 INFO  c.k.k.core.webui.driver.DriverFactory    - sessionId = deff7ee391dfafb63fa6bf3787df43f5
2026-05-08 13:24:33.977 INFO  c.k.k.core.webui.driver.DriverFactory    - browser = Chrome 147.0.7727.138
2026-05-08 13:24:33.977 INFO  c.k.k.core.webui.driver.DriverFactory    - platform = Mac OS X
2026-05-08 13:24:33.977 INFO  c.k.k.core.webui.driver.DriverFactory    - seleniumVersion = 4.39.0
2026-05-08 13:24:33.978 INFO  c.k.k.core.webui.driver.DriverFactory    - proxyInformation = ProxyInformation { proxyOption=NO_PROXY, proxyServerType=HTTP, username=, password=********, proxyServerAddress=, proxyServerPort=0, executionList="", isApplyToDesiredCapabilities=true }
2026-05-08 13:24:33.989 DEBUG testcase.Login with empty input          - 2: navigateToUrl("https://qwerty.abiyyu.xyz/")
2026-05-08 13:24:34.938 DEBUG testcase.Login with empty input          - 3: click(findTestObject("Login/icon_sign_in"))
2026-05-08 13:24:35.533 DEBUG testcase.Login with empty input          - 4: click(findTestObject("Login/email_field"))
2026-05-08 13:24:36.231 DEBUG testcase.Login with empty input          - 5: click(findTestObject("Login/password_field"))
2026-05-08 13:24:36.516 DEBUG testcase.Login with empty input          - 6: click(findTestObject("Login/btn_sign_in"))
2026-05-08 13:24:36.787 DEBUG testcase.Login with empty input          - 7: click(findTestObject("Login/page_login"))
2026-05-08 13:24:37.059 DEBUG testcase.Login with empty input          - 8: closeBrowser()
2026-05-08 13:24:37.156 INFO  c.k.katalon.core.main.TestCaseExecutor   - END Test Cases/Login Verification/Login with empty input
2026-05-08 13:24:37.169 INFO  c.k.katalon.core.main.TestCaseExecutor   - --------------------
2026-05-08 13:24:37.170 INFO  c.k.katalon.core.main.TestCaseExecutor   - START Test Cases/Login Verification/Login with unregistered email
2026-05-08 13:24:37.174 INFO  c.k.katalon.core.main.TestCaseExecutor   - email = invalid@qwery.com
2026-05-08 13:24:37.175 INFO  c.k.katalon.core.main.TestCaseExecutor   - password = falsepass
2026-05-08 13:24:37.176 DEBUG t.Login with invalid credentials         - 1: openBrowser("")
2026-05-08 13:24:37.177 INFO  c.k.k.core.webui.driver.DriverFactory    - Starting 'Chrome' driver
2026-05-08 13:24:37.178 INFO  c.k.k.core.webui.driver.DriverFactory    - Action delay is set to 0 milliseconds
2026-05-08 13:24:38.823 INFO  c.k.k.core.webui.driver.DriverFactory    - sessionId = 7ad40718c3e06d7b86b6aca7b8ea3b17
2026-05-08 13:24:38.823 INFO  c.k.k.core.webui.driver.DriverFactory    - browser = Chrome 147.0.7727.138
2026-05-08 13:24:38.824 INFO  c.k.k.core.webui.driver.DriverFactory    - platform = Mac OS X
2026-05-08 13:24:38.824 INFO  c.k.k.core.webui.driver.DriverFactory    - seleniumVersion = 4.39.0
2026-05-08 13:24:38.824 INFO  c.k.k.core.webui.driver.DriverFactory    - proxyInformation = ProxyInformation { proxyOption=NO_PROXY, proxyServerType=HTTP, username=, password=********, proxyServerAddress=, proxyServerPort=0, executionList="", isApplyToDesiredCapabilities=true }
2026-05-08 13:24:38.833 DEBUG t.Login with invalid credentials         - 2: navigateToUrl("https://qwerty.abiyyu.xyz/")
2026-05-08 13:24:39.804 DEBUG t.Login with invalid credentials         - 3: click(findTestObject("Login/icon_sign_in"))
2026-05-08 13:24:40.598 DEBUG t.Login with invalid credentials         - 4: setText(findTestObject("Login/email_field"), email)
2026-05-08 13:24:41.627 DEBUG t.Login with invalid credentials         - 5: setText(findTestObject("Login/password_field"), password)
2026-05-08 13:24:42.159 DEBUG t.Login with invalid credentials         - 6: click(findTestObject("Login/btn_sign_in"))
2026-05-08 13:24:42.427 DEBUG t.Login with invalid credentials         - 7: click(findTestObject("Login/msg_invalid_email_or_password"))
2026-05-08 13:24:43.325 DEBUG t.Login with invalid credentials         - 8: closeBrowser()
2026-05-08 13:24:43.426 INFO  c.k.katalon.core.main.TestCaseExecutor   - END Test Cases/Login Verification/Login with unregistered email
2026-05-08 13:24:43.444 INFO  c.k.katalon.core.main.TestCaseExecutor   - --------------------
2026-05-08 13:24:43.444 INFO  c.k.katalon.core.main.TestCaseExecutor   - START Test Cases/Login Verification/Login with SQL-Injection
2026-05-08 13:24:43.451 INFO  c.k.katalon.core.main.TestCaseExecutor   - email =  OR '1'='1
2026-05-08 13:24:43.451 INFO  c.k.katalon.core.main.TestCaseExecutor   - password = (bebas)
2026-05-08 13:24:43.475 DEBUG testcase.Login with SQL-Injection        - 1: openBrowser("")
2026-05-08 13:24:43.476 INFO  c.k.k.core.webui.driver.DriverFactory    - Starting 'Chrome' driver
2026-05-08 13:24:43.477 INFO  c.k.k.core.webui.driver.DriverFactory    - Action delay is set to 0 milliseconds
2026-05-08 13:24:45.195 INFO  c.k.k.core.webui.driver.DriverFactory    - sessionId = 6d2e3efa9381a219527d07f3a55f333a
2026-05-08 13:24:45.196 INFO  c.k.k.core.webui.driver.DriverFactory    - browser = Chrome 147.0.7727.138
2026-05-08 13:24:45.196 INFO  c.k.k.core.webui.driver.DriverFactory    - platform = Mac OS X
2026-05-08 13:24:45.196 INFO  c.k.k.core.webui.driver.DriverFactory    - seleniumVersion = 4.39.0
2026-05-08 13:24:45.197 INFO  c.k.k.core.webui.driver.DriverFactory    - proxyInformation = ProxyInformation { proxyOption=NO_PROXY, proxyServerType=HTTP, username=, password=********, proxyServerAddress=, proxyServerPort=0, executionList="", isApplyToDesiredCapabilities=true }
2026-05-08 13:24:45.205 DEBUG testcase.Login with SQL-Injection        - 2: navigateToUrl("https://qwerty.abiyyu.xyz/")
2026-05-08 13:24:46.005 DEBUG testcase.Login with SQL-Injection        - 3: click(findTestObject("Login/icon_sign_in"))
2026-05-08 13:24:46.699 DEBUG testcase.Login with SQL-Injection        - 4: setText(findTestObject("Login/email_field"), email)
2026-05-08 13:24:47.727 DEBUG testcase.Login with SQL-Injection        - 5: setText(findTestObject("Login/password_field"), password)
2026-05-08 13:24:48.253 DEBUG testcase.Login with SQL-Injection        - 6: click(findTestObject("Login/btn_sign_in"), STOP_ON_FAILURE)
2026-05-08 13:24:48.526 DEBUG testcase.Login with SQL-Injection        - 7: click(findTestObject("Login/page_login"))
2026-05-08 13:24:48.796 DEBUG testcase.Login with SQL-Injection        - 8: closeBrowser()
2026-05-08 13:24:48.902 INFO  c.k.katalon.core.main.TestCaseExecutor   - END Test Cases/Login Verification/Login with SQL-Injection
2026-05-08 13:24:48.918 INFO  c.k.katalon.core.main.TestCaseExecutor   - --------------------
2026-05-08 13:24:48.918 INFO  c.k.katalon.core.main.TestCaseExecutor   - START Test Cases/Login Verification/Login with SQL-Injection
2026-05-08 13:24:48.924 INFO  c.k.katalon.core.main.TestCaseExecutor   - email = admin' --
2026-05-08 13:24:48.925 INFO  c.k.katalon.core.main.TestCaseExecutor   - password = (kosong)
2026-05-08 13:24:48.926 DEBUG testcase.Login with SQL-Injection        - 1: openBrowser("")
2026-05-08 13:24:48.927 INFO  c.k.k.core.webui.driver.DriverFactory    - Starting 'Chrome' driver
2026-05-08 13:24:48.928 INFO  c.k.k.core.webui.driver.DriverFactory    - Action delay is set to 0 milliseconds
2026-05-08 13:24:50.607 INFO  c.k.k.core.webui.driver.DriverFactory    - sessionId = df744fdcc2a8c8235f1509fff0508836
2026-05-08 13:24:50.607 INFO  c.k.k.core.webui.driver.DriverFactory    - browser = Chrome 147.0.7727.138
2026-05-08 13:24:50.608 INFO  c.k.k.core.webui.driver.DriverFactory    - platform = Mac OS X
2026-05-08 13:24:50.608 INFO  c.k.k.core.webui.driver.DriverFactory    - seleniumVersion = 4.39.0
2026-05-08 13:24:50.608 INFO  c.k.k.core.webui.driver.DriverFactory    - proxyInformation = ProxyInformation { proxyOption=NO_PROXY, proxyServerType=HTTP, username=, password=********, proxyServerAddress=, proxyServerPort=0, executionList="", isApplyToDesiredCapabilities=true }
2026-05-08 13:24:50.616 DEBUG testcase.Login with SQL-Injection        - 2: navigateToUrl("https://qwerty.abiyyu.xyz/")
2026-05-08 13:24:51.543 DEBUG testcase.Login with SQL-Injection        - 3: click(findTestObject("Login/icon_sign_in"))
2026-05-08 13:24:52.332 DEBUG testcase.Login with SQL-Injection        - 4: setText(findTestObject("Login/email_field"), email)
2026-05-08 13:24:53.353 DEBUG testcase.Login with SQL-Injection        - 5: setText(findTestObject("Login/password_field"), password)
2026-05-08 13:24:53.878 DEBUG testcase.Login with SQL-Injection        - 6: click(findTestObject("Login/btn_sign_in"), STOP_ON_FAILURE)
2026-05-08 13:24:54.146 DEBUG testcase.Login with SQL-Injection        - 7: click(findTestObject("Login/page_login"))
2026-05-08 13:24:54.414 DEBUG testcase.Login with SQL-Injection        - 8: closeBrowser()
2026-05-08 13:24:54.517 INFO  c.k.katalon.core.main.TestCaseExecutor   - END Test Cases/Login Verification/Login with SQL-Injection
2026-05-08 13:24:54.525 INFO  c.k.katalon.core.main.TestCaseExecutor   - --------------------
2026-05-08 13:24:54.525 INFO  c.k.katalon.core.main.TestCaseExecutor   - START Test Cases/Login Verification/Login with SQL-Injection
2026-05-08 13:24:54.531 INFO  c.k.katalon.core.main.TestCaseExecutor   - email = admin' #
2026-05-08 13:24:54.531 INFO  c.k.katalon.core.main.TestCaseExecutor   - password = (kosong)
2026-05-08 13:24:54.532 DEBUG testcase.Login with SQL-Injection        - 1: openBrowser("")
2026-05-08 13:24:54.533 INFO  c.k.k.core.webui.driver.DriverFactory    - Starting 'Chrome' driver
2026-05-08 13:24:54.534 INFO  c.k.k.core.webui.driver.DriverFactory    - Action delay is set to 0 milliseconds
2026-05-08 13:24:56.302 INFO  c.k.k.core.webui.driver.DriverFactory    - sessionId = a7e1fac05801bbc02640b9a987044467
2026-05-08 13:24:56.303 INFO  c.k.k.core.webui.driver.DriverFactory    - browser = Chrome 147.0.7727.138
2026-05-08 13:24:56.303 INFO  c.k.k.core.webui.driver.DriverFactory    - platform = Mac OS X
2026-05-08 13:24:56.303 INFO  c.k.k.core.webui.driver.DriverFactory    - seleniumVersion = 4.39.0
2026-05-08 13:24:56.304 INFO  c.k.k.core.webui.driver.DriverFactory    - proxyInformation = ProxyInformation { proxyOption=NO_PROXY, proxyServerType=HTTP, username=, password=********, proxyServerAddress=, proxyServerPort=0, executionList="", isApplyToDesiredCapabilities=true }
2026-05-08 13:24:56.311 DEBUG testcase.Login with SQL-Injection        - 2: navigateToUrl("https://qwerty.abiyyu.xyz/")
2026-05-08 13:24:57.160 DEBUG testcase.Login with SQL-Injection        - 3: click(findTestObject("Login/icon_sign_in"))
2026-05-08 13:24:57.868 DEBUG testcase.Login with SQL-Injection        - 4: setText(findTestObject("Login/email_field"), email)
2026-05-08 13:24:58.889 DEBUG testcase.Login with SQL-Injection        - 5: setText(findTestObject("Login/password_field"), password)
2026-05-08 13:24:59.410 DEBUG testcase.Login with SQL-Injection        - 6: click(findTestObject("Login/btn_sign_in"), STOP_ON_FAILURE)
2026-05-08 13:24:59.682 DEBUG testcase.Login with SQL-Injection        - 7: click(findTestObject("Login/page_login"))
2026-05-08 13:24:59.961 DEBUG testcase.Login with SQL-Injection        - 8: closeBrowser()
2026-05-08 13:25:00.066 INFO  c.k.katalon.core.main.TestCaseExecutor   - END Test Cases/Login Verification/Login with SQL-Injection
2026-05-08 13:25:00.074 INFO  c.k.katalon.core.main.TestCaseExecutor   - --------------------
2026-05-08 13:25:00.074 INFO  c.k.katalon.core.main.TestCaseExecutor   - START Test Cases/Login Verification/Login with SQL-Injection
2026-05-08 13:25:00.078 INFO  c.k.katalon.core.main.TestCaseExecutor   - email =  OR 1=1 --
2026-05-08 13:25:00.079 INFO  c.k.katalon.core.main.TestCaseExecutor   - password = (bebas)
2026-05-08 13:25:00.080 DEBUG testcase.Login with SQL-Injection        - 1: openBrowser("")
2026-05-08 13:25:00.081 INFO  c.k.k.core.webui.driver.DriverFactory    - Starting 'Chrome' driver
2026-05-08 13:25:00.082 INFO  c.k.k.core.webui.driver.DriverFactory    - Action delay is set to 0 milliseconds
2026-05-08 13:25:01.737 INFO  c.k.k.core.webui.driver.DriverFactory    - sessionId = 12b0e641284e734654cc856128cef4a0
2026-05-08 13:25:01.737 INFO  c.k.k.core.webui.driver.DriverFactory    - browser = Chrome 147.0.7727.138
2026-05-08 13:25:01.738 INFO  c.k.k.core.webui.driver.DriverFactory    - platform = Mac OS X
2026-05-08 13:25:01.738 INFO  c.k.k.core.webui.driver.DriverFactory    - seleniumVersion = 4.39.0
2026-05-08 13:25:01.738 INFO  c.k.k.core.webui.driver.DriverFactory    - proxyInformation = ProxyInformation { proxyOption=NO_PROXY, proxyServerType=HTTP, username=, password=********, proxyServerAddress=, proxyServerPort=0, executionList="", isApplyToDesiredCapabilities=true }
2026-05-08 13:25:01.744 DEBUG testcase.Login with SQL-Injection        - 2: navigateToUrl("https://qwerty.abiyyu.xyz/")
2026-05-08 13:25:02.539 DEBUG testcase.Login with SQL-Injection        - 3: click(findTestObject("Login/icon_sign_in"))
2026-05-08 13:25:03.231 DEBUG testcase.Login with SQL-Injection        - 4: setText(findTestObject("Login/email_field"), email)
2026-05-08 13:25:04.459 DEBUG testcase.Login with SQL-Injection        - 5: setText(findTestObject("Login/password_field"), password)
2026-05-08 13:25:04.985 DEBUG testcase.Login with SQL-Injection        - 6: click(findTestObject("Login/btn_sign_in"), STOP_ON_FAILURE)
2026-05-08 13:25:05.252 DEBUG testcase.Login with SQL-Injection        - 7: click(findTestObject("Login/page_login"))
2026-05-08 13:25:05.526 DEBUG testcase.Login with SQL-Injection        - 8: closeBrowser()
2026-05-08 13:25:05.631 INFO  c.k.katalon.core.main.TestCaseExecutor   - END Test Cases/Login Verification/Login with SQL-Injection
2026-05-08 13:25:05.638 INFO  c.k.katalon.core.main.TestCaseExecutor   - --------------------
2026-05-08 13:25:05.638 INFO  c.k.katalon.core.main.TestCaseExecutor   - START Test Cases/Login Verification/Login with SQL-Injection
2026-05-08 13:25:05.643 INFO  c.k.katalon.core.main.TestCaseExecutor   - email = " OR "1"="1
2026-05-08 13:25:05.643 INFO  c.k.katalon.core.main.TestCaseExecutor   - password = (bebas)
2026-05-08 13:25:05.644 DEBUG testcase.Login with SQL-Injection        - 1: openBrowser("")
2026-05-08 13:25:05.645 INFO  c.k.k.core.webui.driver.DriverFactory    - Starting 'Chrome' driver
2026-05-08 13:25:05.646 INFO  c.k.k.core.webui.driver.DriverFactory    - Action delay is set to 0 milliseconds
2026-05-08 13:25:07.354 INFO  c.k.k.core.webui.driver.DriverFactory    - sessionId = a809e145bee68209e4d47ebddcbf3c96
2026-05-08 13:25:07.355 INFO  c.k.k.core.webui.driver.DriverFactory    - browser = Chrome 147.0.7727.138
2026-05-08 13:25:07.355 INFO  c.k.k.core.webui.driver.DriverFactory    - platform = Mac OS X
2026-05-08 13:25:07.355 INFO  c.k.k.core.webui.driver.DriverFactory    - seleniumVersion = 4.39.0
2026-05-08 13:25:07.355 INFO  c.k.k.core.webui.driver.DriverFactory    - proxyInformation = ProxyInformation { proxyOption=NO_PROXY, proxyServerType=HTTP, username=, password=********, proxyServerAddress=, proxyServerPort=0, executionList="", isApplyToDesiredCapabilities=true }
2026-05-08 13:25:07.361 DEBUG testcase.Login with SQL-Injection        - 2: navigateToUrl("https://qwerty.abiyyu.xyz/")
2026-05-08 13:25:08.219 DEBUG testcase.Login with SQL-Injection        - 3: click(findTestObject("Login/icon_sign_in"))
2026-05-08 13:25:09.016 DEBUG testcase.Login with SQL-Injection        - 4: setText(findTestObject("Login/email_field"), email)
2026-05-08 13:25:10.229 DEBUG testcase.Login with SQL-Injection        - 5: setText(findTestObject("Login/password_field"), password)
2026-05-08 13:25:10.752 DEBUG testcase.Login with SQL-Injection        - 6: click(findTestObject("Login/btn_sign_in"), STOP_ON_FAILURE)
2026-05-08 13:25:11.017 DEBUG testcase.Login with SQL-Injection        - 7: click(findTestObject("Login/page_login"))
2026-05-08 13:25:11.301 DEBUG testcase.Login with SQL-Injection        - 8: closeBrowser()
2026-05-08 13:25:11.398 INFO  c.k.katalon.core.main.TestCaseExecutor   - END Test Cases/Login Verification/Login with SQL-Injection
2026-05-08 13:25:11.406 INFO  c.k.katalon.core.main.TestCaseExecutor   - --------------------
2026-05-08 13:25:11.406 INFO  c.k.katalon.core.main.TestCaseExecutor   - START Test Cases/Login Verification/Login with SQL-Injection
2026-05-08 13:25:11.410 INFO  c.k.katalon.core.main.TestCaseExecutor   - email = ) OR ('1'='1
2026-05-08 13:25:11.410 INFO  c.k.katalon.core.main.TestCaseExecutor   - password = (bebas)
2026-05-08 13:25:11.412 DEBUG testcase.Login with SQL-Injection        - 1: openBrowser("")
2026-05-08 13:25:11.413 INFO  c.k.k.core.webui.driver.DriverFactory    - Starting 'Chrome' driver
2026-05-08 13:25:11.414 INFO  c.k.k.core.webui.driver.DriverFactory    - Action delay is set to 0 milliseconds
