2026-05-07 11:57:22.852 INFO  c.k.k.c.l.logback.LogbackConfigurator    - Logback default configuration initialized from: /Applications/Katalon Studio.app/Contents/Eclipse/configuration/org.eclipse.osgi/150/0/.cp/resources/logback/logback-execution.xml
2026-05-07 11:57:22.853 INFO  c.k.k.c.l.logback.LogbackConfigurator    - Logback custom configuration initialized from: /Users/fazza_abiyyu/Documents/Projects/Hobby/KATALON_QWERTY/Include/config/log.properties
2026-05-07 11:57:23.052 INFO  c.k.katalon.core.main.TestSuiteExecutor  - START Test Suites/Login
2026-05-07 11:57:23.076 INFO  c.k.katalon.core.main.TestSuiteExecutor  - userFullName = Muhammad Faza Abiyyu
2026-05-07 11:57:23.077 INFO  c.k.katalon.core.main.TestSuiteExecutor  - projectName = KATALON_QWERTY
2026-05-07 11:57:23.077 INFO  c.k.katalon.core.main.TestSuiteExecutor  - hostName = fazza_abiyyu - 192.168.18.56
2026-05-07 11:57:23.077 INFO  c.k.katalon.core.main.TestSuiteExecutor  - os = Mac OS X 64bit
2026-05-07 11:57:23.077 INFO  c.k.katalon.core.main.TestSuiteExecutor  - hostAddress = 192.168.18.56
2026-05-07 11:57:23.077 INFO  c.k.katalon.core.main.TestSuiteExecutor  - katalonVersion = 11.1.2.0
2026-05-07 11:57:23.119 INFO  c.k.katalon.core.main.TestCaseExecutor   - --------------------
2026-05-07 11:57:23.120 INFO  c.k.katalon.core.main.TestCaseExecutor   - START Test Cases/Login Verification/Login with valid credentials
2026-05-07 11:57:23.127 INFO  c.k.katalon.core.main.TestCaseExecutor   - email = test01@qwerty.com
2026-05-07 11:57:23.128 INFO  c.k.katalon.core.main.TestCaseExecutor   - password = User@001
2026-05-07 11:57:23.221 DEBUG testcase.Login with valid credentials    - 1: openBrowser("")
2026-05-07 11:57:23.285 INFO  c.k.k.core.webui.driver.DriverFactory    - Starting 'Chrome' driver
2026-05-07 11:57:23.296 INFO  c.k.k.core.webui.driver.DriverFactory    - Action delay is set to 0 milliseconds
2026-05-07 11:57:25.546 INFO  c.k.k.core.webui.driver.DriverFactory    - sessionId = 51f86ed91c03b467243f7126f38085a3
2026-05-07 11:57:25.546 INFO  c.k.k.core.webui.driver.DriverFactory    - browser = Chrome 147.0.7727.138
2026-05-07 11:57:25.547 INFO  c.k.k.core.webui.driver.DriverFactory    - platform = Mac OS X
2026-05-07 11:57:25.547 INFO  c.k.k.core.webui.driver.DriverFactory    - seleniumVersion = 4.39.0
2026-05-07 11:57:25.550 INFO  c.k.k.core.webui.driver.DriverFactory    - proxyInformation = ProxyInformation { proxyOption=NO_PROXY, proxyServerType=HTTP, username=, password=********, proxyServerAddress=, proxyServerPort=0, executionList="", isApplyToDesiredCapabilities=true }
2026-05-07 11:57:25.561 DEBUG testcase.Login with valid credentials    - 2: navigateToUrl("https://qwerty.abiyyu.xyz/")
2026-05-07 11:57:27.773 DEBUG testcase.Login with valid credentials    - 3: click(findTestObject("Login with valid credentials/Page_QWERTY E-Commerce/icon_sign_in"))
2026-05-07 11:57:28.487 DEBUG testcase.Login with valid credentials    - 4: setText(findTestObject("Login with valid credentials/Page_QWERTY E-Commerce/email_field"), email)
2026-05-07 11:57:29.484 DEBUG testcase.Login with valid credentials    - 5: setText(findTestObject("Login with valid credentials/Page_QWERTY E-Commerce/password_field"), password)
2026-05-07 11:57:30.007 DEBUG testcase.Login with valid credentials    - 6: click(findTestObject("Login with valid credentials/Page_QWERTY E-Commerce/btn_sign_in"))
2026-05-07 11:57:30.279 DEBUG testcase.Login with valid credentials    - 7: click(findTestObject("Login with valid credentials/Page_QWERTY E-Commerce/box_icon_profile"))
2026-05-07 11:57:31.975 DEBUG testcase.Login with valid credentials    - 8: closeBrowser()
2026-05-07 11:57:32.066 INFO  c.k.katalon.core.main.TestCaseExecutor   - END Test Cases/Login Verification/Login with valid credentials
2026-05-07 11:57:32.072 INFO  c.k.katalon.core.main.TestCaseExecutor   - --------------------
2026-05-07 11:57:32.072 INFO  c.k.katalon.core.main.TestCaseExecutor   - START Test Cases/Login Verification/Login with valid credentials
2026-05-07 11:57:32.075 INFO  c.k.katalon.core.main.TestCaseExecutor   - email = test01@qwerty.com
2026-05-07 11:57:32.075 INFO  c.k.katalon.core.main.TestCaseExecutor   - password = User@000
2026-05-07 11:57:32.076 DEBUG testcase.Login with valid credentials    - 1: openBrowser("")
2026-05-07 11:57:32.077 INFO  c.k.k.core.webui.driver.DriverFactory    - Starting 'Chrome' driver
2026-05-07 11:57:32.077 INFO  c.k.k.core.webui.driver.DriverFactory    - Action delay is set to 0 milliseconds
2026-05-07 11:57:33.087 INFO  c.k.k.core.webui.driver.DriverFactory    - sessionId = 1b3ac43570573ea7970b54c825e36934
2026-05-07 11:57:33.087 INFO  c.k.k.core.webui.driver.DriverFactory    - browser = Chrome 147.0.7727.138
2026-05-07 11:57:33.088 INFO  c.k.k.core.webui.driver.DriverFactory    - platform = Mac OS X
2026-05-07 11:57:33.088 INFO  c.k.k.core.webui.driver.DriverFactory    - seleniumVersion = 4.39.0
2026-05-07 11:57:33.088 INFO  c.k.k.core.webui.driver.DriverFactory    - proxyInformation = ProxyInformation { proxyOption=NO_PROXY, proxyServerType=HTTP, username=, password=********, proxyServerAddress=, proxyServerPort=0, executionList="", isApplyToDesiredCapabilities=true }
2026-05-07 11:57:33.094 DEBUG testcase.Login with valid credentials    - 2: navigateToUrl("https://qwerty.abiyyu.xyz/")
2026-05-07 11:57:34.339 DEBUG testcase.Login with valid credentials    - 3: click(findTestObject("Login with valid credentials/Page_QWERTY E-Commerce/icon_sign_in"))
2026-05-07 11:57:34.915 DEBUG testcase.Login with valid credentials    - 4: setText(findTestObject("Login with valid credentials/Page_QWERTY E-Commerce/email_field"), email)
2026-05-07 11:57:36.005 DEBUG testcase.Login with valid credentials    - 5: setText(findTestObject("Login with valid credentials/Page_QWERTY E-Commerce/password_field"), password)
2026-05-07 11:57:36.499 DEBUG testcase.Login with valid credentials    - 6: click(findTestObject("Login with valid credentials/Page_QWERTY E-Commerce/btn_sign_in"))
2026-05-07 11:57:36.761 DEBUG testcase.Login with valid credentials    - 7: click(findTestObject("Login with valid credentials/Page_QWERTY E-Commerce/box_icon_profile"))
2026-05-07 11:57:47.173 WARN  c.k.k.c.w.c.i.SelfHealingController      - The current locator of test object 'Object Repository/Login with valid credentials/Page_QWERTY E-Commerce/box_icon_profile' was broken. Propose an alternative one: '//a[contains(@href, '/cart')]'.
2026-05-07 11:57:47.176 WARN  c.k.k.c.w.keyword.builtin.ClickKeyword   - Waiting for element timed out
2026-05-07 11:57:47.205 DEBUG testcase.Login with valid credentials    - 8: closeBrowser()
2026-05-07 11:57:47.294 INFO  c.k.katalon.core.main.TestCaseExecutor   - END Test Cases/Login Verification/Login with valid credentials
2026-05-07 11:57:47.294 INFO  c.k.katalon.core.main.TestCaseExecutor   - 
2026-05-07 11:57:47.294 INFO  c.k.katalon.core.main.TestCaseExecutor   - ===================== Self-healing Report ====================
2026-05-07 11:57:47.295 INFO  c.k.katalon.core.main.TestCaseExecutor   - One of the failed test object locators has been recovered by Self-healing. Please refer to the Self-healing Insights tab for more details.
2026-05-07 11:57:47.295 INFO  c.k.katalon.core.main.TestCaseExecutor   - To learn more about Self-healing, please read https://docs.katalon.com/katalon-studio/maintain-tests/self-healing-tests-in-katalon-studio
2026-05-07 11:57:47.295 INFO  c.k.katalon.core.main.TestCaseExecutor   - ==============================================================
2026-05-07 11:57:47.303 INFO  c.k.katalon.core.main.TestCaseExecutor   - --------------------
2026-05-07 11:57:47.303 INFO  c.k.katalon.core.main.TestCaseExecutor   - START Test Cases/Login Verification/Login with valid credentials
2026-05-07 11:57:47.307 INFO  c.k.katalon.core.main.TestCaseExecutor   - email = invalid@qwery.com
2026-05-07 11:57:47.307 INFO  c.k.katalon.core.main.TestCaseExecutor   - password = falsepass
2026-05-07 11:57:47.308 DEBUG testcase.Login with valid credentials    - 1: openBrowser("")
2026-05-07 11:57:47.309 INFO  c.k.k.core.webui.driver.DriverFactory    - Starting 'Chrome' driver
2026-05-07 11:57:47.310 INFO  c.k.k.core.webui.driver.DriverFactory    - Action delay is set to 0 milliseconds
2026-05-07 11:57:48.234 INFO  c.k.k.core.webui.driver.DriverFactory    - sessionId = f9c3b656cdd6120316ab5396c28378ea
2026-05-07 11:57:48.234 INFO  c.k.k.core.webui.driver.DriverFactory    - browser = Chrome 147.0.7727.138
2026-05-07 11:57:48.234 INFO  c.k.k.core.webui.driver.DriverFactory    - platform = Mac OS X
2026-05-07 11:57:48.234 INFO  c.k.k.core.webui.driver.DriverFactory    - seleniumVersion = 4.39.0
2026-05-07 11:57:48.235 INFO  c.k.k.core.webui.driver.DriverFactory    - proxyInformation = ProxyInformation { proxyOption=NO_PROXY, proxyServerType=HTTP, username=, password=********, proxyServerAddress=, proxyServerPort=0, executionList="", isApplyToDesiredCapabilities=true }
2026-05-07 11:57:48.240 DEBUG testcase.Login with valid credentials    - 2: navigateToUrl("https://qwerty.abiyyu.xyz/")
2026-05-07 11:57:49.709 DEBUG testcase.Login with valid credentials    - 3: click(findTestObject("Login with valid credentials/Page_QWERTY E-Commerce/icon_sign_in"))
2026-05-07 11:57:50.403 DEBUG testcase.Login with valid credentials    - 4: setText(findTestObject("Login with valid credentials/Page_QWERTY E-Commerce/email_field"), email)
2026-05-07 11:57:51.457 DEBUG testcase.Login with valid credentials    - 5: setText(findTestObject("Login with valid credentials/Page_QWERTY E-Commerce/password_field"), password)
2026-05-07 11:57:51.939 DEBUG testcase.Login with valid credentials    - 6: click(findTestObject("Login with valid credentials/Page_QWERTY E-Commerce/btn_sign_in"))
2026-05-07 11:57:52.201 DEBUG testcase.Login with valid credentials    - 7: click(findTestObject("Login with valid credentials/Page_QWERTY E-Commerce/box_icon_profile"))
2026-05-07 11:58:02.449 WARN  c.k.k.c.w.c.i.SelfHealingController      - The current locator of test object 'Object Repository/Login with valid credentials/Page_QWERTY E-Commerce/box_icon_profile' was broken. Propose an alternative one: '//a[contains(@href, '/cart')]'.
2026-05-07 11:58:02.453 WARN  c.k.k.c.w.keyword.builtin.ClickKeyword   - Waiting for element timed out
2026-05-07 11:58:02.483 DEBUG testcase.Login with valid credentials    - 8: closeBrowser()
2026-05-07 11:58:02.574 INFO  c.k.katalon.core.main.TestCaseExecutor   - END Test Cases/Login Verification/Login with valid credentials
2026-05-07 11:58:02.574 INFO  c.k.katalon.core.main.TestCaseExecutor   - 
2026-05-07 11:58:02.575 INFO  c.k.katalon.core.main.TestCaseExecutor   - ===================== Self-healing Report ====================
2026-05-07 11:58:02.575 INFO  c.k.katalon.core.main.TestCaseExecutor   - One of the failed test object locators has been recovered by Self-healing. Please refer to the Self-healing Insights tab for more details.
2026-05-07 11:58:02.575 INFO  c.k.katalon.core.main.TestCaseExecutor   - To learn more about Self-healing, please read https://docs.katalon.com/katalon-studio/maintain-tests/self-healing-tests-in-katalon-studio
2026-05-07 11:58:02.575 INFO  c.k.katalon.core.main.TestCaseExecutor   - ==============================================================
2026-05-07 11:58:02.576 INFO  c.k.katalon.core.main.TestCaseExecutor   - --------------------
2026-05-07 11:58:02.576 INFO  c.k.katalon.core.main.TestCaseExecutor   - START Test Cases/Login Verification/Login with invalid credentials
2026-05-07 11:58:02.581 INFO  c.k.katalon.core.main.TestCaseExecutor   - email = test01@qwerty.com
2026-05-07 11:58:02.581 INFO  c.k.katalon.core.main.TestCaseExecutor   - password = User@001
2026-05-07 11:58:02.593 DEBUG t.Login with invalid credentials         - 1: openBrowser("")
2026-05-07 11:58:02.594 INFO  c.k.k.core.webui.driver.DriverFactory    - Starting 'Chrome' driver
2026-05-07 11:58:02.595 INFO  c.k.k.core.webui.driver.DriverFactory    - Action delay is set to 0 milliseconds
2026-05-07 11:58:03.748 INFO  c.k.k.core.webui.driver.DriverFactory    - sessionId = df5f6ca4c6dcaf0951fb4c3ccbc204fa
2026-05-07 11:58:03.749 INFO  c.k.k.core.webui.driver.DriverFactory    - browser = Chrome 147.0.7727.138
2026-05-07 11:58:03.749 INFO  c.k.k.core.webui.driver.DriverFactory    - platform = Mac OS X
2026-05-07 11:58:03.749 INFO  c.k.k.core.webui.driver.DriverFactory    - seleniumVersion = 4.39.0
2026-05-07 11:58:03.749 INFO  c.k.k.core.webui.driver.DriverFactory    - proxyInformation = ProxyInformation { proxyOption=NO_PROXY, proxyServerType=HTTP, username=, password=********, proxyServerAddress=, proxyServerPort=0, executionList="", isApplyToDesiredCapabilities=true }
2026-05-07 11:58:03.754 DEBUG t.Login with invalid credentials         - 2: navigateToUrl("https://qwerty.abiyyu.xyz/")
2026-05-07 11:58:04.991 DEBUG t.Login with invalid credentials         - 3: click(findTestObject("Login with invalid credentials/Page_QWERTY E-Commerce/icon_sign_in"))
2026-05-07 11:58:05.662 DEBUG t.Login with invalid credentials         - 4: setText(findTestObject("Login with invalid credentials/Page_QWERTY E-Commerce/email_field"), email)
2026-05-07 11:58:06.757 DEBUG t.Login with invalid credentials         - 5: setText(findTestObject("Login with invalid credentials/Page_QWERTY E-Commerce/password_field"), password)
2026-05-07 11:58:07.250 DEBUG t.Login with invalid credentials         - 6: click(findTestObject("Login with invalid credentials/Page_QWERTY E-Commerce/btn_sign_in"))
2026-05-07 11:58:07.512 DEBUG t.Login with invalid credentials         - 7: click(findTestObject("Login with invalid credentials/Page_QWERTY E-Commerce/msg_invalid_email_or_password"))
2026-05-07 11:58:17.671 INFO  c.k.s.e.healers.SelfHealingPipeline      - [AI Self-Healing] Recovering element locator by using AI Self-Healing...
> Remove hidden elements: 40,513 -> 10,854 (-73.49%)
> Remove next siblings: 10,854 -> 10,854 (-0%)
> Remove redundant parents: 10,854 -> 10,854 (-0%)
> Remove event handler attributes: 10,854 -> 10,854 (-0%)
> Trim long attributes: 10,854 -> 10,298 (-1.38%)
> Trim long text: 10,298 -> 10,294 (-0.01%)
> Minify HTML syntax: 10,294 -> 10,022 (-0.67%)
>>> Total: 40,357 -> 10,294 (-74.49%)
2026-05-07 11:58:28.019 INFO  c.k.s.e.healers.SelfHealingPipeline      - [AI Self-Healing] No possible locators found
2026-05-07 11:58:28.337 ERROR c.k.k.core.keyword.internal.KeywordMain  - ❌ Unable to click on object 'Object Repository/Login with invalid credentials/Page_QWERTY E-Commerce/msg_invalid_email_or_password' (Root cause: com.kms.katalon.core.exception.StepFailedException: Unable to click on object 'Object Repository/Login with invalid credentials/Page_QWERTY E-Commerce/msg_invalid_email_or_password'\n\tat com.kms.katalon.core.webui.keyword.internal.WebUIKeywordMain.stepFailed(WebUIKeywordMain.groovy:177)\n\tat com.kms.katalon.core.webui.keyword.internal.WebUIKeywordMain.runKeyword(WebUIKeywordMain.groovy:49)\n\tat com.kms.katalon.core.webui.keyword.internal.WebUIKeywordMain.runKeywordUntilTimeout(WebUIKeywordMain.groovy:133)\n\tat com.kms.katalon.core.webui.keyword.builtin.ClickKeyword.click(ClickKeyword.groovy:72)\n\tat com.kms.katalon.core.webui.keyword.builtin.ClickKeyword.execute(ClickKeyword.groovy:38)\n\tat com.kms.katalon.core.keyword.internal.KeywordExecutor.executeKeywordForPlatform(KeywordExecutor.groovy:99)\n\tat com.kms.katalon.core.webui.keyword.WebUiBuiltInKeywords.click(WebUiBuiltInKeywords.groovy:722)\n\tat Login with invalid credentials.run(Login with invalid credentials:32)\n\tat com.kms.katalon.core.main.ScriptEngine.run(ScriptEngine.java:203)\n\tat com.kms.katalon.core.main.ScriptEngine.runScriptAsRawText(ScriptEngine.java:115)\n\tat com.kms.katalon.core.main.TestCaseExecutor.runScript(TestCaseExecutor.java:504)\n\tat com.kms.katalon.core.main.TestCaseExecutor.doExecute(TestCaseExecutor.java:495)\n\tat com.kms.katalon.core.main.TestCaseExecutor.processExecutionPhase(TestCaseExecutor.java:474)\n\tat com.kms.katalon.core.main.TestCaseExecutor.accessMainPhase(TestCaseExecutor.java:466)\n\tat com.kms.katalon.core.main.TestCaseExecutor.execute(TestCaseExecutor.java:336)\n\tat com.kms.katalon.core.common.CommonExecutor.accessTestCaseMainPhase(CommonExecutor.java:71)\n\tat com.kms.katalon.core.main.TestSuiteExecutor.accessTestSuiteMainPhase(TestSuiteExecutor.java:153)\n\tat com.kms.katalon.core.main.TestSuiteExecutor.execute(TestSuiteExecutor.java:110)\n\tat com.kms.katalon.core.main.TestCaseMain.startTestSuite(TestCaseMain.java:206)\n\tat S0507_8.run(S0507_8.groovy:40)\n\tat java.base/jdk.internal.reflect.DirectMethodHandleAccessor.invoke(DirectMethodHandleAccessor.java:103)\nCaused by: com.kms.katalon.core.webui.exception.WebElementNotFoundException: Web element with id: 'Object Repository/Login with invalid credentials/Page_QWERTY E-Commerce/msg_invalid_email_or_password' located by 'By.xpath: //*[@data-testid = 'login-error-message']' not found\n\tat com.kms.katalon.core.webui.model.WebUiElementFinder.findElementByNormalMethods(WebUiElementFinder.java:198)\n\tat com.kms.katalon.core.webui.model.WebUiElementFinder.findElementsBySelectedMethod(WebUiElementFinder.java:96)\n\tat com.kms.katalon.core.webui.model.WebUiElementFinder.findElementsBySelectedMethod(WebUiElementFinder.java:79)\n\tat com.kms.katalon.core.webui.model.WebUiElementFinder.findElementsBySelectedMethod(WebUiElementFinder.java:74)\n\tat com.kms.katalon.core.webui.model.WebUiElementFinder.findElement(WebUiElementFinder.java:48)\n\tat com.kms.katalon.core.webui.model.WebUiElementFinderWithTimeout.basicFindElement(WebUiElementFinderWithTimeout.java:51)\n\tat com.kms.katalon.core.webui.model.WebUiElementFinderWithTimeout.lambda$0(WebUiElementFinderWithTimeout.java:29)\n\tat com.kms.katalon.core.webui.model.SeleniumActionRetryController.performAction(SeleniumActionRetryController.java:96)\n\tat com.kms.katalon.core.webui.model.SeleniumActionRetryController.performAction(SeleniumActionRetryController.java:83)\n\tat com.kms.katalon.core.webui.model.WebUiElementFinderWithTimeout.findElement(WebUiElementFinderWithTimeout.java:28)\n\tat com.kms.katalon.core.webui.keyword.internal.WebUIAbstractKeyword.lambda$1(WebUIAbstractKeyword.java:119)\n\tat com.kms.katalon.core.webui.model.SeleniumActionRetryController.performAction(SeleniumActionRetryController.java:96)\n\tat com.kms.katalon.core.webui.model.SeleniumActionRetryController.performAction(SeleniumActionRetryController.java:83)\n\tat com.kms.katalon.core.webui.model.SeleniumActionRetryController.retry(SeleniumActionRetryController.java:49)\n\tat com.kms.katalon.core.webui.model.SeleniumActionRetryController.retry(SeleniumActionRetryController.java:44)\n\tat com.kms.katalon.core.webui.keyword.internal.WebUIAbstractKeyword.findWebElement(WebUIAbstractKeyword.java:116)\n\tat com.kms.katalon.core.webui.keyword.builtin.ClickKeyword$_click_closure1.doCall(ClickKeyword.groovy:52)\n\tat java.base/jdk.internal.reflect.DirectMethodHandleAccessor.invoke(DirectMethodHandleAccessor.java:103)\n\tat jdk.proxy2/jdk.proxy2.$Proxy56.execute(Unknown Source)\n\tat com.kms.katalon.core.webui.model.SeleniumActionRetryController.performAction(SeleniumActionRetryController.java:96)\n\tat com.kms.katalon.core.webui.model.SeleniumActionRetryController.performAction(SeleniumActionRetryController.java:83)\n\tat com.kms.katalon.core.webui.keyword.internal.WebUIKeywordMain$_runKeywordUntilTimeout_closure1.doCall(WebUIKeywordMain.groovy:135)\n\tat com.kms.katalon.core.webui.keyword.internal.WebUIKeywordMain$_runKeywordUntilTimeout_closure1.call(WebUIKeywordMain.groovy)\n\tat com.kms.katalon.core.webui.keyword.internal.WebUIKeywordMain.runKeyword(WebUIKeywordMain.groovy:41)\n\tat com.kms.katalon.core.webui.keyword.internal.WebUIKeywordMain.runKeywordUntilTimeout(WebUIKeywordMain.groovy:133)\n\tat com.kms.katalon.core.webui.keyword.builtin.ClickKeyword.click(ClickKeyword.groovy:72)\n\tat com.kms.katalon.core.webui.keyword.builtin.ClickKeyword.execute(ClickKeyword.groovy:38)\n\tat com.kms.katalon.core.keyword.internal.KeywordExecutor.executeKeywordForPlatform(KeywordExecutor.groovy:99)\n\tat com.kms.katalon.core.webui.keyword.WebUiBuiltInKeywords.click(WebUiBuiltInKeywords.groovy:722)\n\tat Script1778128744249.run(Script1778128744249.groovy:32)\n\t... 13 more\n)
2026-05-07 11:58:28.340 ERROR c.k.katalon.core.main.TestCaseExecutor   - ❌ Test Cases/Login Verification/Login with invalid credentials FAILED.\nReason:\ncom.kms.katalon.core.exception.StepFailedException: Unable to click on object 'Object Repository/Login with invalid credentials/Page_QWERTY E-Commerce/msg_invalid_email_or_password'\n\tat com.kms.katalon.core.webui.keyword.internal.WebUIKeywordMain.stepFailed(WebUIKeywordMain.groovy:177)\n\tat com.kms.katalon.core.webui.keyword.internal.WebUIKeywordMain.runKeyword(WebUIKeywordMain.groovy:49)\n\tat com.kms.katalon.core.webui.keyword.internal.WebUIKeywordMain.runKeywordUntilTimeout(WebUIKeywordMain.groovy:133)\n\tat com.kms.katalon.core.webui.keyword.builtin.ClickKeyword.click(ClickKeyword.groovy:72)\n\tat com.kms.katalon.core.webui.keyword.builtin.ClickKeyword.execute(ClickKeyword.groovy:38)\n\tat com.kms.katalon.core.keyword.internal.KeywordExecutor.executeKeywordForPlatform(KeywordExecutor.groovy:99)\n\tat com.kms.katalon.core.webui.keyword.WebUiBuiltInKeywords.click(WebUiBuiltInKeywords.groovy:722)\n\tat Login with invalid credentials.run(Login with invalid credentials:32)\n\tat com.kms.katalon.core.main.ScriptEngine.run(ScriptEngine.java:203)\n\tat com.kms.katalon.core.main.ScriptEngine.runScriptAsRawText(ScriptEngine.java:115)\n\tat com.kms.katalon.core.main.TestCaseExecutor.runScript(TestCaseExecutor.java:504)\n\tat com.kms.katalon.core.main.TestCaseExecutor.doExecute(TestCaseExecutor.java:495)\n\tat com.kms.katalon.core.main.TestCaseExecutor.processExecutionPhase(TestCaseExecutor.java:474)\n\tat com.kms.katalon.core.main.TestCaseExecutor.accessMainPhase(TestCaseExecutor.java:466)\n\tat com.kms.katalon.core.main.TestCaseExecutor.execute(TestCaseExecutor.java:336)\n\tat com.kms.katalon.core.common.CommonExecutor.accessTestCaseMainPhase(CommonExecutor.java:71)\n\tat com.kms.katalon.core.main.TestSuiteExecutor.accessTestSuiteMainPhase(TestSuiteExecutor.java:153)\n\tat com.kms.katalon.core.main.TestSuiteExecutor.execute(TestSuiteExecutor.java:110)\n\tat com.kms.katalon.core.main.TestCaseMain.startTestSuite(TestCaseMain.java:206)\n\tat S0507_8.run(S0507_8.groovy:40)\n\tat java.base/jdk.internal.reflect.DirectMethodHandleAccessor.invoke(DirectMethodHandleAccessor.java:103)\nCaused by: com.kms.katalon.core.webui.exception.WebElementNotFoundException: Web element with id: 'Object Repository/Login with invalid credentials/Page_QWERTY E-Commerce/msg_invalid_email_or_password' located by 'By.xpath: //*[@data-testid = 'login-error-message']' not found\n\tat com.kms.katalon.core.webui.model.WebUiElementFinder.findElementByNormalMethods(WebUiElementFinder.java:198)\n\tat com.kms.katalon.core.webui.model.WebUiElementFinder.findElementsBySelectedMethod(WebUiElementFinder.java:96)\n\tat com.kms.katalon.core.webui.model.WebUiElementFinder.findElementsBySelectedMethod(WebUiElementFinder.java:79)\n\tat com.kms.katalon.core.webui.model.WebUiElementFinder.findElementsBySelectedMethod(WebUiElementFinder.java:74)\n\tat com.kms.katalon.core.webui.model.WebUiElementFinder.findElement(WebUiElementFinder.java:48)\n\tat com.kms.katalon.core.webui.model.WebUiElementFinderWithTimeout.basicFindElement(WebUiElementFinderWithTimeout.java:51)\n\tat com.kms.katalon.core.webui.model.WebUiElementFinderWithTimeout.lambda$0(WebUiElementFinderWithTimeout.java:29)\n\tat com.kms.katalon.core.webui.model.SeleniumActionRetryController.performAction(SeleniumActionRetryController.java:96)\n\tat com.kms.katalon.core.webui.model.SeleniumActionRetryController.performAction(SeleniumActionRetryController.java:83)\n\tat com.kms.katalon.core.webui.model.WebUiElementFinderWithTimeout.findElement(WebUiElementFinderWithTimeout.java:28)\n\tat com.kms.katalon.core.webui.keyword.internal.WebUIAbstractKeyword.lambda$1(WebUIAbstractKeyword.java:119)\n\tat com.kms.katalon.core.webui.model.SeleniumActionRetryController.performAction(SeleniumActionRetryController.java:96)\n\tat com.kms.katalon.core.webui.model.SeleniumActionRetryController.performAction(SeleniumActionRetryController.java:83)\n\tat com.kms.katalon.core.webui.model.SeleniumActionRetryController.retry(SeleniumActionRetryController.java:49)\n\tat com.kms.katalon.core.webui.model.SeleniumActionRetryController.retry(SeleniumActionRetryController.java:44)\n\tat com.kms.katalon.core.webui.keyword.internal.WebUIAbstractKeyword.findWebElement(WebUIAbstractKeyword.java:116)\n\tat com.kms.katalon.core.webui.keyword.builtin.ClickKeyword$_click_closure1.doCall(ClickKeyword.groovy:52)\n\tat java.base/jdk.internal.reflect.DirectMethodHandleAccessor.invoke(DirectMethodHandleAccessor.java:103)\n\tat jdk.proxy2/jdk.proxy2.$Proxy56.execute(Unknown Source)\n\tat com.kms.katalon.core.webui.model.SeleniumActionRetryController.performAction(SeleniumActionRetryController.java:96)\n\tat com.kms.katalon.core.webui.model.SeleniumActionRetryController.performAction(SeleniumActionRetryController.java:83)\n\tat com.kms.katalon.core.webui.keyword.internal.WebUIKeywordMain$_runKeywordUntilTimeout_closure1.doCall(WebUIKeywordMain.groovy:135)\n\tat com.kms.katalon.core.webui.keyword.internal.WebUIKeywordMain$_runKeywordUntilTimeout_closure1.call(WebUIKeywordMain.groovy)\n\tat com.kms.katalon.core.webui.keyword.internal.WebUIKeywordMain.runKeyword(WebUIKeywordMain.groovy:41)\n\t... 19 more\n
2026-05-07 11:58:28.344 INFO  c.k.katalon.core.main.TestCaseExecutor   - END Test Cases/Login Verification/Login with invalid credentials
2026-05-07 11:58:28.347 INFO  c.k.katalon.core.main.TestCaseExecutor   - --------------------
2026-05-07 11:58:28.347 INFO  c.k.katalon.core.main.TestCaseExecutor   - START Test Cases/Login Verification/Login with invalid credentials - Retry attempt 1
2026-05-07 11:58:28.350 INFO  c.k.katalon.core.main.TestCaseExecutor   - email = test01@qwerty.com
2026-05-07 11:58:28.351 INFO  c.k.katalon.core.main.TestCaseExecutor   - password = User@001
2026-05-07 11:58:28.351 DEBUG t.Login with invalid credentials         - 1: openBrowser("")
2026-05-07 11:58:28.352 WARN  c.k.k.core.webui.driver.DriverFactory    - A browser is already opened. Closing browser and opening a new one
